Archive member included to satisfy reference by file (symbol)

C:/Users/jianu/.pico-sdk/toolchain/14_2_Rel1/bin/../lib/gcc/arm-none-eabi/14.2.1/thumb/v8-m.main+fp/softfp\libm.a(libm_a-wf_sqrt.o)
                              CMakeFiles/HW17.dir/pico-sdk/src/rp2_common/pico_float/float_math.c.obj (sqrtf)
C:/Users/jianu/.pico-sdk/toolchain/14_2_Rel1/bin/../lib/gcc/arm-none-eabi/14.2.1/thumb/v8-m.main+fp/softfp\libm.a(libm_a-ef_sqrt.o)
                              C:/Users/jianu/.pico-sdk/toolchain/14_2_Rel1/bin/../lib/gcc/arm-none-eabi/14.2.1/thumb/v8-m.main+fp/softfp\libm.a(libm_a-wf_sqrt.o) (__ieee754_sqrtf)
C:/Users/jianu/.pico-sdk/toolchain/14_2_Rel1/bin/../lib/gcc/arm-none-eabi/14.2.1/thumb/v8-m.main+fp/softfp\libgcc.a(_arm_addsubdf3.o)
                              CMakeFiles/HW17.dir/main.c.obj (__aeabi_f2d)
C:/Users/jianu/.pico-sdk/toolchain/14_2_Rel1/bin/../lib/gcc/arm-none-eabi/14.2.1/thumb/v8-m.main+fp/softfp\libgcc.a(_aeabi_ldivmod.o)
                              CMakeFiles/HW17.dir/pico-sdk/src/common/pico_time/time.c.obj (__aeabi_ldivmod)
C:/Users/jianu/.pico-sdk/toolchain/14_2_Rel1/bin/../lib/gcc/arm-none-eabi/14.2.1/thumb/v8-m.main+fp/softfp\libgcc.a(_aeabi_uldivmod.o)
                              CMakeFiles/HW17.dir/pico-sdk/src/rp2_common/hardware_clocks/clocks.c.obj (__aeabi_uldivmod)
C:/Users/jianu/.pico-sdk/toolchain/14_2_Rel1/bin/../lib/gcc/arm-none-eabi/14.2.1/thumb/v8-m.main+fp/softfp\libgcc.a(_udivmoddi4.o)
                              C:/Users/jianu/.pico-sdk/toolchain/14_2_Rel1/bin/../lib/gcc/arm-none-eabi/14.2.1/thumb/v8-m.main+fp/softfp\libgcc.a(_aeabi_ldivmod.o) (__udivmoddi4)
C:/Users/jianu/.pico-sdk/toolchain/14_2_Rel1/bin/../lib/gcc/arm-none-eabi/14.2.1/thumb/v8-m.main+fp/softfp\libgcc.a(_dvmd_tls.o)
                              C:/Users/jianu/.pico-sdk/toolchain/14_2_Rel1/bin/../lib/gcc/arm-none-eabi/14.2.1/thumb/v8-m.main+fp/softfp\libgcc.a(_aeabi_ldivmod.o) (__aeabi_ldiv0)
C:/Users/jianu/.pico-sdk/toolchain/14_2_Rel1/bin/../lib/gcc/arm-none-eabi/14.2.1/thumb/v8-m.main+fp/softfp\libg.a(libc_a-calloc.o)
                              CMakeFiles/HW17.dir/pico-sdk/src/rp2_common/pico_malloc/malloc.c.obj (calloc)
C:/Users/jianu/.pico-sdk/toolchain/14_2_Rel1/bin/../lib/gcc/arm-none-eabi/14.2.1/thumb/v8-m.main+fp/softfp\libg.a(libc_a-callocr.o)
                              C:/Users/jianu/.pico-sdk/toolchain/14_2_Rel1/bin/../lib/gcc/arm-none-eabi/14.2.1/thumb/v8-m.main+fp/softfp\libg.a(libc_a-calloc.o) (_calloc_r)
C:/Users/jianu/.pico-sdk/toolchain/14_2_Rel1/bin/../lib/gcc/arm-none-eabi/14.2.1/thumb/v8-m.main+fp/softfp\libg.a(libc_a-malloc.o)
                              CMakeFiles/HW17.dir/pico-sdk/src/rp2_common/pico_malloc/malloc.c.obj (malloc)
C:/Users/jianu/.pico-sdk/toolchain/14_2_Rel1/bin/../lib/gcc/arm-none-eabi/14.2.1/thumb/v8-m.main+fp/softfp\libg.a(libc_a-mallocr.o)
                              C:/Users/jianu/.pico-sdk/toolchain/14_2_Rel1/bin/../lib/gcc/arm-none-eabi/14.2.1/thumb/v8-m.main+fp/softfp\libg.a(libc_a-callocr.o) (_malloc_r)
C:/Users/jianu/.pico-sdk/toolchain/14_2_Rel1/bin/../lib/gcc/arm-none-eabi/14.2.1/thumb/v8-m.main+fp/softfp\libg.a(libc_a-mlock.o)
                              C:/Users/jianu/.pico-sdk/toolchain/14_2_Rel1/bin/../lib/gcc/arm-none-eabi/14.2.1/thumb/v8-m.main+fp/softfp\libg.a(libc_a-mallocr.o) (__malloc_lock)
C:/Users/jianu/.pico-sdk/toolchain/14_2_Rel1/bin/../lib/gcc/arm-none-eabi/14.2.1/thumb/v8-m.main+fp/softfp\libg.a(libc_a-realloc.o)
                              CMakeFiles/HW17.dir/pico-sdk/src/rp2_common/pico_malloc/malloc.c.obj (realloc)
C:/Users/jianu/.pico-sdk/toolchain/14_2_Rel1/bin/../lib/gcc/arm-none-eabi/14.2.1/thumb/v8-m.main+fp/softfp\libg.a(libc_a-reallocr.o)
                              C:/Users/jianu/.pico-sdk/toolchain/14_2_Rel1/bin/../lib/gcc/arm-none-eabi/14.2.1/thumb/v8-m.main+fp/softfp\libg.a(libc_a-realloc.o) (_realloc_r)
C:/Users/jianu/.pico-sdk/toolchain/14_2_Rel1/bin/../lib/gcc/arm-none-eabi/14.2.1/thumb/v8-m.main+fp/softfp\libg.a(libc_a-memcmp.o)
                              CMakeFiles/HW17.dir/pico-sdk/src/rp2_common/pico_atomic/atomic.c.obj (memcmp)
C:/Users/jianu/.pico-sdk/toolchain/14_2_Rel1/bin/../lib/gcc/arm-none-eabi/14.2.1/thumb/v8-m.main+fp/softfp\libg.a(libc_a-memmove.o)
                              C:/Users/jianu/.pico-sdk/toolchain/14_2_Rel1/bin/../lib/gcc/arm-none-eabi/14.2.1/thumb/v8-m.main+fp/softfp\libg.a(libc_a-reallocr.o) (memmove)
C:/Users/jianu/.pico-sdk/toolchain/14_2_Rel1/bin/../lib/gcc/arm-none-eabi/14.2.1/thumb/v8-m.main+fp/softfp\libg.a(libc_a-memset.o)
                              C:/Users/jianu/.pico-sdk/toolchain/14_2_Rel1/bin/../lib/gcc/arm-none-eabi/14.2.1/thumb/v8-m.main+fp/softfp/crt0.o (memset)
C:/Users/jianu/.pico-sdk/toolchain/14_2_Rel1/bin/../lib/gcc/arm-none-eabi/14.2.1/thumb/v8-m.main+fp/softfp\libg.a(libc_a-lcltime_r.o)
                              CMakeFiles/HW17.dir/pico-sdk/src/common/pico_util/datetime.c.obj (localtime_r)
[...]
Memory Configuration

Name             Origin             Length             Attributes
FLASH            0x10000000         0x00400000         xr
RAM              0x20000000         0x00080000         xrw
SCRATCH_X        0x20080000         0x00001000         xrw
SCRATCH_Y        0x20081000         0x00001000         xrw
*default*        0x00000000         0xffffffff

Linker script and memory map

LOAD C:/Users/jianu/.pico-sdk/toolchain/14_2_Rel1/bin/../lib/gcc/arm-none-eabi/14.2.1/thumb/v8-m.main+fp/softfp/crti.o
LOAD C:/Users/jianu/.pico-sdk/toolchain/14_2_Rel1/bin/../lib/gcc/arm-none-eabi/14.2.1/thumb/v8-m.main+fp/softfp/crtbegin.o
LOAD C:/Users/jianu/.pico-sdk/toolchain/14_2_Rel1/bin/../lib/gcc/arm-none-eabi/14.2.1/thumb/v8-m.main+fp/softfp/crt0.o

.flash_begin    0x10000000        0x0
                0x10000000                        __flash_binary_start = .

.text           0x10000000     0x6030
                0x10000000                        __logical_binary_start = .
 *(.vectors)
 .vectors       0x10000000      0x124 CMakeFiles/HW17.dir/pico-sdk/src/rp2_common/pico_crt0/crt0.S.obj
                0x10000000                __VECTOR_TABLE
                0x10000000                __vectors
                0x10000110                __unhandled_user_irq
                0x10000110                isr_irq49
                0x10000110                isr_irq13
                0x10000110                isr_irq43
                0x10000110                isr_irq45
                0x10000110                isr_irq27
                0x10000110                isr_irq32
                0x10000110                isr_irq31
                0x10000110                isr_irq12
                0x10000110                isr_irq5
                0x10000110                isr_irq11
                0x10000110                isr_irq3
                0x10000110                isr_irq23
                0x10000110                isr_usagefault
                0x10000110                isr_irq48
                0x10000110                isr_irq30
                0x10000110                isr_irq18
                0x10000110                isr_irq50
                0x10000110                isr_irq33
                0x10000110                isr_irq40
                0x10000110                isr_irq28
                0x10000110                isr_irq19
                0x10000110                isr_irq36
                0x10000110                isr_irq41
                0x10000110                isr_irq0
                0x10000110                isr_irq6
                0x10000110                isr_irq26
                0x10000110                isr_irq29
                0x10000110                isr_memmanage
                0x10000110                isr_irq37
                0x10000110                isr_irq42
                0x10000110                isr_irq22
                0x10000110                isr_irq35
                0x10000110                isr_irq17
                0x10000110                isr_irq38
                0x10000110                isr_irq14
                0x10000110                __vectors_end
                0x10000110                __default_isrs_start
                0x10000110                isr_irq2
                0x10000110                isr_irq10
                0x10000110                isr_irq8
                0x10000110                isr_debugmonitor
                0x10000110                isr_irq24
                0x10000110                isr_irq46
                0x10000110                isr_irq1
                0x10000110                isr_irq47
                0x10000110                isr_irq51
                0x10000110                isr_irq7
                0x10000110                isr_irq21
                0x10000110                isr_irq39
                0x10000110                isr_irq20
                0x10000110                isr_irq15
                0x10000110                isr_irq25
                0x10000110                isr_irq34
                0x10000110                isr_irq44
                0x10000110                isr_securefault
                0x10000110                isr_irq4
                0x10000110                isr_busfault
                0x10000110                isr_irq16
                0x10000110                isr_irq9
                0x10000116                unhandled_user_irq_num_in_r0
                0x10000118                isr_invalid
                0x1000011a                isr_nmi
                0x1000011c                isr_hardfault
                0x1000011e                isr_svcall
                0x10000120                isr_pendsv
                0x10000122                isr_systick
                0x10000124                __default_isrs_end
 *(.binary_info_header)
 .binary_info_header
                0x10000124       0x14 CMakeFiles/HW17.dir/pico-sdk/src/rp2_common/pico_crt0/crt0.S.obj
                0x10000138                        __binary_info_header_end = .
 *(.embedded_block)
 .embedded_block
                0x10000138       0x14 CMakeFiles/HW17.dir/pico-sdk/src/rp2_common/pico_crt0/crt0.S.obj
                0x1000014c                        __embedded_block_end = .
 *(.reset)
 .reset         0x1000014c       0x98 CMakeFiles/HW17.dir/pico-sdk/src/rp2_common/pico_crt0/crt0.S.obj
                0x1000014c                _entry_point
 *(.init)
 .init          0x100001e4        0x4 C:/Users/jianu/.pico-sdk/toolchain/14_2_Rel1/bin/../lib/gcc/arm-none-eabi/14.2.1/thumb/v8-m.main+fp/softfp/crti.o
                0x100001e4                _init
 SORT_BY_NAME(REVERSE(*libgcc.a:cmse_nonsecure_call.o))()
 *(EXCLUDE_FILE(*libm.a: *libc.a:*lib_a-mem*.o *libgcc.a:) .text*)
 .text.register_tm_clones
                0x100001e8       0x28 C:/Users/jianu/.pico-sdk/toolchain/14_2_Rel1/bin/../lib/gcc/arm-none-eabi/14.2.1/thumb/v8-m.main+fp/softfp/crtbegin.o
 .text.frame_dummy
                0x10000210       0x24 C:/Users/jianu/.pico-sdk/toolchain/14_2_Rel1/bin/../lib/gcc/arm-none-eabi/14.2.1/thumb/v8-m.main+fp/softfp/crtbegin.o
 .text.as5600_init
                0x10000234       0x3c CMakeFiles/HW17.dir/main.c.obj
                0x10000234                as5600_init
 .text.startup.main
                0x10000270       0x84 CMakeFiles/HW17.dir/main.c.obj
                0x10000270                main
 .text.gpio_set_function
                0x100002f4       0x3c CMakeFiles/HW17.dir/pico-sdk/src/rp2_common/hardware_gpio/gpio.c.obj
                0x100002f4                gpio_set_function
 .text.gpio_set_pulls
                0x10000330       0x28 CMakeFiles/HW17.dir/pico-sdk/src/rp2_common/hardware_gpio/gpio.c.obj
                0x10000330                gpio_set_pulls
 .text.panic    0x10000358       0x30 CMakeFiles/HW17.dir/pico-sdk/src/rp2_common/pico_platform_panic/panic.c.obj
                0x10000358                panic
 .text.hw_claim_or_assert
                0x10000388       0x58 CMakeFiles/HW17.dir/pico-sdk/src/common/hardware_claim/claim.c.obj
                0x10000388                hw_claim_or_assert
 .text.hw_claim_unused_from_range
                0x100003e0       0x80 CMakeFiles/HW17.dir/pico-sdk/src/common/hardware_claim/claim.c.obj
                0x100003e0                hw_claim_unused_from_range
 .text.next_striped_spin_lock_num
                0x10000460       0x18 CMakeFiles/HW17.dir/pico-sdk/src/rp2_common/hardware_sync/sync.c.obj
                0x10000460                next_striped_spin_lock_num
 .text.spin_lock_claim_unused
                0x10000478       0x20 CMakeFiles/HW17.dir/pico-sdk/src/rp2_common/hardware_sync/sync.c.obj
                0x10000478                spin_lock_claim_unused
 .text.spinlock_set_extexclall
                0x10000498       0x10 CMakeFiles/HW17.dir/pico-sdk/src/rp2_common/hardware_sync_spin_lock/sync_spin_lock.c.obj
 .text.spin_locks_reset
                0x100004a8       0x18 CMakeFiles/HW17.dir/pico-sdk/src/rp2_common/hardware_sync_spin_lock/sync_spin_lock.c.obj
                0x100004a8                spin_locks_reset
 .text.runtime_init_per_core_irq_priorities
                0x100004c0       0x40 CMakeFiles/HW17.dir/pico-sdk/src/rp2_common/hardware_irq/irq.c.obj
                0x100004c0                runtime_init_per_core_irq_priorities
 .text.irq_set_enabled
                0x10000500       0x2c CMakeFiles/HW17.dir/pico-sdk/src/rp2_common/hardware_irq/irq.c.obj
                0x10000500                irq_set_enabled
 .text.irq_is_enabled
                0x1000052c       0x20 CMakeFiles/HW17.dir/pico-sdk/src/rp2_common/hardware_irq/irq.c.obj
                0x1000052c                irq_is_enabled
 .text.irq_set_pending
                0x1000054c       0x18 CMakeFiles/HW17.dir/pico-sdk/src/rp2_common/hardware_irq/irq.c.obj
                0x1000054c                irq_set_pending
 .text.irq_has_shared_handler
                0x10000564       0x20 CMakeFiles/HW17.dir/pico-sdk/src/rp2_common/hardware_irq/irq.c.obj
                0x10000564                irq_has_shared_handler
 .text.irq_set_exclusive_handler
                0x10000584       0x60 CMakeFiles/HW17.dir/pico-sdk/src/rp2_common/hardware_irq/irq.c.obj
                0x10000584                irq_set_exclusive_handler
 .text.irq_add_shared_handler
                0x100005e4      0x1e8 CMakeFiles/HW17.dir/pico-sdk/src/rp2_common/hardware_irq/irq.c.obj
                0x100005e4                irq_add_shared_handler
 .text.irq_add_tail_to_free_list
                0x100007cc       0xbc CMakeFiles/HW17.dir/pico-sdk/src/rp2_common/hardware_irq/irq.c.obj
                0x100007cc                irq_add_tail_to_free_list
 .text.user_irq_claim_unused
                0x10000888       0x28 CMakeFiles/HW17.dir/pico-sdk/src/rp2_common/hardware_irq/irq.c.obj
                0x10000888                user_irq_claim_unused
 .text.lock_init
                0x100008b0        0xc CMakeFiles/HW17.dir/pico-sdk/src/common/pico_sync/lock_core.c.obj
                0x100008b0                lock_init
 .text.runtime_init_mutex
                0x100008bc       0x4c CMakeFiles/HW17.dir/pico-sdk/src/common/pico_sync/mutex.c.obj
                0x100008bc                runtime_init_mutex
 .text.mutex_init
                0x10000908       0x1c CMakeFiles/HW17.dir/pico-sdk/src/common/pico_sync/mutex.c.obj
                0x10000908                mutex_init
 .text.critical_section_init
                0x10000924       0x1c CMakeFiles/HW17.dir/pico-sdk/src/common/pico_sync/critical_section.c.obj
                0x10000924                critical_section_init
 .text.critical_section_init_with_lock_num
                0x10000940       0x10 CMakeFiles/HW17.dir/pico-sdk/src/common/pico_sync/critical_section.c.obj
                0x10000940                critical_section_init_with_lock_num
 .text.sleep_until_callback
                0x10000950       0x3c CMakeFiles/HW17.dir/pico-sdk/src/common/pico_time/time.c.obj
 *fill*         0x1000098c        0x4 
 .text.alarm_pool_irq_handler
                0x10000990      0x2f0 CMakeFiles/HW17.dir/pico-sdk/src/common/pico_time/time.c.obj
 .text.runtime_init_default_alarm_pool
                0x10000c80      0x100 CMakeFiles/HW17.dir/pico-sdk/src/common/pico_time/time.c.obj
                0x10000c80                runtime_init_default_alarm_pool
 .text.alarm_pool_get_default
                0x10000d80        0x8 CMakeFiles/HW17.dir/pico-sdk/src/common/pico_time/time.c.obj
                0x10000d80                alarm_pool_get_default
 .text.alarm_pool_add_alarm_at
                0x10000d88       0xdc CMakeFiles/HW17.dir/pico-sdk/src/common/pico_time/time.c.obj
                0x10000d88                alarm_pool_add_alarm_at
 .text.alarm_pool_add_alarm_at_force_in_context
                0x10000e64       0xc8 CMakeFiles/HW17.dir/pico-sdk/src/common/pico_time/time.c.obj
                0x10000e64                alarm_pool_add_alarm_at_force_in_context
 .text.alarm_pool_cancel_alarm
                0x10000f2c       0x80 CMakeFiles/HW17.dir/pico-sdk/src/common/pico_time/time.c.obj
                0x10000f2c                alarm_pool_cancel_alarm
 .text.alarm_pool_core_num
                0x10000fac        0x4 CMakeFiles/HW17.dir/pico-sdk/src/common/pico_time/time.c.obj
                0x10000fac                alarm_pool_core_num
 .text.sleep_ms
                0x10000fb0       0xdc CMakeFiles/HW17.dir/pico-sdk/src/common/pico_time/time.c.obj
                0x10000fb0                sleep_ms
 .text.best_effort_wfe_or_timeout
                0x1000108c       0xd4 CMakeFiles/HW17.dir/pico-sdk/src/common/pico_time/time.c.obj
                0x1000108c                best_effort_wfe_or_timeout
 .text.timer_hardware_alarm_claim
                0x10001160       0x24 CMakeFiles/HW17.dir/pico-sdk/src/rp2_common/hardware_timer/timer.c.obj
                0x10001160                timer_hardware_alarm_claim
 .text.timer_time_us_64
                0x10001184       0x10 CMakeFiles/HW17.dir/pico-sdk/src/rp2_common/hardware_timer/timer.c.obj
                0x10001184                timer_time_us_64
 .text.time_us_64
                0x10001194       0x14 CMakeFiles/HW17.dir/pico-sdk/src/rp2_common/hardware_timer/timer.c.obj
                0x10001194                time_us_64
 .text.busy_wait_until
                0x100011a8       0x24 CMakeFiles/HW17.dir/pico-sdk/src/rp2_common/hardware_timer/timer.c.obj
                0x100011a8                busy_wait_until
 .text.clock_configure_undivided
                0x100011cc       0xd0 CMakeFiles/HW17.dir/pico-sdk/src/rp2_common/hardware_clocks/clocks.c.obj
                0x100011cc                clock_configure_undivided
 .text.clock_get_hz
                0x1000129c        0xc CMakeFiles/HW17.dir/pico-sdk/src/rp2_common/hardware_clocks/clocks.c.obj
                0x1000129c                clock_get_hz
 .text.pll_init
                0x100012a8       0x8c CMakeFiles/HW17.dir/pico-sdk/src/rp2_common/hardware_pll/pll.c.obj
                0x100012a8                pll_init
 .text.watchdog_reboot
                0x10001334       0x98 CMakeFiles/HW17.dir/pico-sdk/src/rp2_common/hardware_watchdog/watchdog.c.obj
                0x10001334                watchdog_reboot
 .text.tick_start
                0x100013cc       0x18 CMakeFiles/HW17.dir/pico-sdk/src/rp2_common/hardware_ticks/ticks.c.obj
                0x100013cc                tick_start
 .text.rom_reboot.constprop.0.isra.0
                0x100013e4       0x34 CMakeFiles/HW17.dir/pico-sdk/src/rp2_common/pico_bootrom/bootrom.c.obj
 .text.rom_func_lookup
                0x10001418       0x18 CMakeFiles/HW17.dir/pico-sdk/src/rp2_common/pico_bootrom/bootrom.c.obj
                0x10001418                rom_func_lookup
 .text.rom_reset_usb_boot_extra
                0x10001430       0x1c CMakeFiles/HW17.dir/pico-sdk/src/rp2_common/pico_bootrom/bootrom.c.obj
                0x10001430                rom_reset_usb_boot_extra
 .text.runtime_init_bootrom_locking_enable
                0x1000144c       0x14 CMakeFiles/HW17.dir/pico-sdk/src/rp2_common/pico_bootrom/bootrom_lock.c.obj
                0x1000144c                runtime_init_bootrom_locking_enable
 .text.runtime_init_boot_locks_reset
                0x10001460       0x1c CMakeFiles/HW17.dir/pico-sdk/src/rp2_common/hardware_boot_lock/boot_lock.c.obj
                0x10001460                runtime_init_boot_locks_reset
 .text.xosc_init
                0x1000147c       0x30 CMakeFiles/HW17.dir/pico-sdk/src/rp2_common/hardware_xosc/xosc.c.obj
                0x1000147c                xosc_init
 .text.first_per_core_initializer
                0x100014ac        0x4 CMakeFiles/HW17.dir/pico-sdk/src/rp2_common/pico_runtime/runtime.c.obj
 .text.hard_assertion_failure
                0x100014b0        0xc CMakeFiles/HW17.dir/pico-sdk/src/rp2_common/pico_runtime/runtime.c.obj
                0x100014b0                hard_assertion_failure
 .text.runtime_run_initializers
                0x100014bc       0x20 CMakeFiles/HW17.dir/pico-sdk/src/rp2_common/pico_runtime/runtime.c.obj
                0x100014bc                runtime_run_initializers
 .text.runtime_init_early_resets
                0x100014dc       0x34 CMakeFiles/HW17.dir/pico-sdk/src/rp2_common/pico_runtime_init/runtime_init.c.obj
                0x100014dc                runtime_init_early_resets
 .text.runtime_init_usb_power_down
                0x10001510       0x1c CMakeFiles/HW17.dir/pico-sdk/src/rp2_common/pico_runtime_init/runtime_init.c.obj
                0x10001510                runtime_init_usb_power_down
 .text.runtime_init_per_core_enable_coprocessors
                0x1000152c       0x1c CMakeFiles/HW17.dir/pico-sdk/src/rp2_common/pico_runtime_init/runtime_init.c.obj
                0x1000152c                runtime_init_per_core_enable_coprocessors
 .text.runtime_init_post_clock_resets
                0x10001548       0x20 CMakeFiles/HW17.dir/pico-sdk/src/rp2_common/pico_runtime_init/runtime_init.c.obj
                0x10001548                runtime_init_post_clock_resets
 .text.runtime_init_bootrom_reset
                0x10001568       0x14 CMakeFiles/HW17.dir/pico-sdk/src/rp2_common/pico_runtime_init/runtime_init.c.obj
                0x10001568                runtime_init_bootrom_reset
 .text.runtime_init_per_core_bootrom_reset
                0x1000157c       0x14 CMakeFiles/HW17.dir/pico-sdk/src/rp2_common/pico_runtime_init/runtime_init.c.obj
                0x1000157c                runtime_init_per_core_bootrom_reset
 .text.runtime_init_spin_locks_reset
                0x10001590        0x4 CMakeFiles/HW17.dir/pico-sdk/src/rp2_common/pico_runtime_init/runtime_init.c.obj
                0x10001590                runtime_init_spin_locks_reset
 .text.runtime_init_install_ram_vector_table
                0x10001594       0x68 CMakeFiles/HW17.dir/pico-sdk/src/rp2_common/pico_runtime_init/runtime_init.c.obj
                0x10001594                runtime_init_install_ram_vector_table
 .text.runtime_init_clocks
                0x100015fc       0xdc CMakeFiles/HW17.dir/pico-sdk/src/rp2_common/pico_runtime_init/runtime_init_clocks.c.obj
                0x100015fc                runtime_init_clocks
 .text.__rp2350_dcp_engaged_state_save_restore
                0x100016d8       0x3a CMakeFiles/HW17.dir/pico-sdk/src/rp2_common/pico_double/double_aeabi_dcp.S.obj
 *fill*         0x10001712        0x2 
 .text.__wrap___aeabi_dadd
                0x10001714       0x28 CMakeFiles/HW17.dir/pico-sdk/src/rp2_common/pico_double/double_aeabi_dcp.S.obj
                0x1000171c                __wrap___aeabi_dadd
 .text.__wrap___aeabi_dsub
                0x1000173c       0x28 CMakeFiles/HW17.dir/pico-sdk/src/rp2_common/pico_double/double_aeabi_dcp.S.obj
                0x10001744                __wrap___aeabi_dsub
 .text.__wrap___aeabi_dmul
                0x10001764       0x4c CMakeFiles/HW17.dir/pico-sdk/src/rp2_common/pico_double/double_aeabi_dcp.S.obj
                0x1000176c                __wrap___aeabi_dmul
 .text.__wrap___aeabi_ddiv
                0x100017b0       0x9c CMakeFiles/HW17.dir/pico-sdk/src/rp2_common/pico_double/double_aeabi_dcp.S.obj
                0x100017b8                __wrap___aeabi_ddiv
 .text.__wrap___aeabi_i2d
                0x1000184c       0x24 CMakeFiles/HW17.dir/pico-sdk/src/rp2_common/pico_double/double_aeabi_dcp.S.obj
                0x10001854                int2double
                0x10001854                __wrap___aeabi_i2d
 .text.__wrap___aeabi_ui2d
                0x10001870       0x24 CMakeFiles/HW17.dir/pico-sdk/src/rp2_common/pico_double/double_aeabi_dcp.S.obj
                0x10001878                uint2double
                0x10001878                __wrap___aeabi_ui2d
 .text.__wrap___aeabi_d2iz
                0x10001894       0x24 CMakeFiles/HW17.dir/pico-sdk/src/rp2_common/pico_double/double_aeabi_dcp.S.obj
                0x1000189c                double2int_z
                0x1000189c                __wrap___aeabi_d2iz
 .text.__wrap___aeabi_d2uiz
                0x100018b8       0x24 CMakeFiles/HW17.dir/pico-sdk/src/rp2_common/pico_double/double_aeabi_dcp.S.obj
                0x100018c0                double2uint
                0x100018c0                __wrap___aeabi_d2uiz
                0x100018c0                double2uint_z
 .text.__wrap___aeabi_dcmpun
                0x100018dc       0x24 CMakeFiles/HW17.dir/pico-sdk/src/rp2_common/pico_double/double_aeabi_dcp.S.obj
                0x100018e4                __wrap___aeabi_dcmpun
 .text.__wrap___aeabi_dcmplt
                0x10001900       0x28 CMakeFiles/HW17.dir/pico-sdk/src/rp2_common/pico_double/double_aeabi_dcp.S.obj
                0x10001908                __wrap___aeabi_dcmplt
 .text.__wrap___aeabi_dcmple
                0x10001928       0x28 CMakeFiles/HW17.dir/pico-sdk/src/rp2_common/pico_double/double_aeabi_dcp.S.obj
                0x10001930                __wrap___aeabi_dcmple
 .text.__wrap___aeabi_dcmpge
                0x10001950       0x28 CMakeFiles/HW17.dir/pico-sdk/src/rp2_common/pico_double/double_aeabi_dcp.S.obj
                0x10001958                __wrap___aeabi_dcmpge
 .text.__wrap___aeabi_dcmpgt
                0x10001978       0x28 CMakeFiles/HW17.dir/pico-sdk/src/rp2_common/pico_double/double_aeabi_dcp.S.obj
                0x10001980                __wrap___aeabi_dcmpgt
 .text._out_null
                0x100019a0        0x4 CMakeFiles/HW17.dir/pico-sdk/src/rp2_common/pico_printf/printf.c.obj
 .text._out_rev
                0x100019a4       0x9c CMakeFiles/HW17.dir/pico-sdk/src/rp2_common/pico_printf/printf.c.obj
 .text._ntoa_format
                0x10001a40      0x1d4 CMakeFiles/HW17.dir/pico-sdk/src/rp2_common/pico_printf/printf.c.obj
 .text._out_char
                0x10001c14        0x8 CMakeFiles/HW17.dir/pico-sdk/src/rp2_common/pico_printf/printf.c.obj
 .text._out_fct
                0x10001c1c        0xc CMakeFiles/HW17.dir/pico-sdk/src/rp2_common/pico_printf/printf.c.obj
 .text._ftoa    0x10001c28      0x4bc CMakeFiles/HW17.dir/pico-sdk/src/rp2_common/pico_printf/printf.c.obj
 *fill*         0x100020e4        0x4 
 .text._etoa    0x100020e8      0x574 CMakeFiles/HW17.dir/pico-sdk/src/rp2_common/pico_printf/printf.c.obj
 .text._vsnprintf
                0x1000265c      0x9e4 CMakeFiles/HW17.dir/pico-sdk/src/rp2_common/pico_printf/printf.c.obj
 .text.vfctprintf
                0x10003040       0x28 CMakeFiles/HW17.dir/pico-sdk/src/rp2_common/pico_printf/printf.c.obj
                0x10003040                vfctprintf
 .text.weak_raw_vprintf
                0x10003068       0x30 CMakeFiles/HW17.dir/pico-sdk/src/rp2_common/pico_printf/printf.c.obj
                0x10003068                weak_raw_vprintf
 .text._exit    0x10003098        0x4 CMakeFiles/HW17.dir/pico-sdk/src/rp2_common/pico_clib_interface/newlib_interface.c.obj
                0x10003098                _exit
 .text.exit     0x1000309c        0x8 CMakeFiles/HW17.dir/pico-sdk/src/rp2_common/pico_clib_interface/newlib_interface.c.obj
                0x1000309c                exit
 .text.runtime_init
                0x100030a4       0x24 CMakeFiles/HW17.dir/pico-sdk/src/rp2_common/pico_clib_interface/newlib_interface.c.obj
                0x100030a4                runtime_init
 .text.stdio_out_chars_no_crlf
                0x100030c8        0x8 CMakeFiles/HW17.dir/pico-sdk/src/rp2_common/pico_stdio/stdio.c.obj
 .text.stdio_out_chars_crlf
                0x100030d0       0xb0 CMakeFiles/HW17.dir/pico-sdk/src/rp2_common/pico_stdio/stdio.c.obj
 .text.stdio_buffered_printer
                0x10003180       0x60 CMakeFiles/HW17.dir/pico-sdk/src/rp2_common/pico_stdio/stdio.c.obj
 .text.stdio_put_string
                0x100031e0       0xec CMakeFiles/HW17.dir/pico-sdk/src/rp2_common/pico_stdio/stdio.c.obj
                0x100031e0                stdio_put_string
 .text.stdio_set_driver_enabled
                0x100032cc       0x28 CMakeFiles/HW17.dir/pico-sdk/src/rp2_common/pico_stdio/stdio.c.obj
                0x100032cc                stdio_set_driver_enabled
 .text.stdio_init_all
                0x100032f4        0x4 CMakeFiles/HW17.dir/pico-sdk/src/rp2_common/pico_stdio/stdio.c.obj
                0x100032f4                stdio_init_all
 .text.__wrap_putchar
                0x100032f8       0x84 CMakeFiles/HW17.dir/pico-sdk/src/rp2_common/pico_stdio/stdio.c.obj
                0x100032f8                __wrap_putchar
                0x100032f8                stdio_putchar
 .text.__wrap_puts
                0x1000337c       0x3c CMakeFiles/HW17.dir/pico-sdk/src/rp2_common/pico_stdio/stdio.c.obj
                0x1000337c                stdio_puts
                0x1000337c                __wrap_puts
 .text.__wrap_vprintf
                0x100033b8       0xc4 CMakeFiles/HW17.dir/pico-sdk/src/rp2_common/pico_stdio/stdio.c.obj
                0x100033b8                stdio_vprintf
                0x100033b8                __wrap_vprintf
 .text.__wrap_printf
                0x1000347c       0x1c CMakeFiles/HW17.dir/pico-sdk/src/rp2_common/pico_stdio/stdio.c.obj
                0x1000347c                __wrap_printf
                0x1000347c                stdio_printf
 .text.resetd_init
                0x10003498        0x4 CMakeFiles/HW17.dir/pico-sdk/src/rp2_common/pico_stdio_usb/reset_interface.c.obj
 .text.resetd_reset
                0x1000349c        0xc CMakeFiles/HW17.dir/pico-sdk/src/rp2_common/pico_stdio_usb/reset_interface.c.obj
 .text.resetd_open
                0x100034a8       0x28 CMakeFiles/HW17.dir/pico-sdk/src/rp2_common/pico_stdio_usb/reset_interface.c.obj
 .text.resetd_xfer_cb
                0x100034d0        0x4 CMakeFiles/HW17.dir/pico-sdk/src/rp2_common/pico_stdio_usb/reset_interface.c.obj
 .text.resetd_control_xfer_cb
                0x100034d4       0x50 CMakeFiles/HW17.dir/pico-sdk/src/rp2_common/pico_stdio_usb/reset_interface.c.obj
 .text.tud_descriptor_bos_cb
                0x10003524        0x8 CMakeFiles/HW17.dir/pico-sdk/src/rp2_common/pico_stdio_usb/reset_interface.c.obj
                0x10003524                tud_descriptor_bos_cb
 .text.tud_vendor_control_xfer_cb
                0x1000352c       0x28 CMakeFiles/HW17.dir/pico-sdk/src/rp2_common/pico_stdio_usb/reset_interface.c.obj
                0x1000352c                tud_vendor_control_xfer_cb
 .text.usbd_app_driver_get_cb
                0x10003554       0x10 CMakeFiles/HW17.dir/pico-sdk/src/rp2_common/pico_stdio_usb/reset_interface.c.obj
                0x10003554                usbd_app_driver_get_cb
 .text.tud_cdc_line_coding_cb
                0x10003564       0x18 CMakeFiles/HW17.dir/pico-sdk/src/rp2_common/pico_stdio_usb/reset_interface.c.obj
                0x10003564                tud_cdc_line_coding_cb
 .text.stdio_usb_set_chars_available_callback
                0x1000357c       0x14 CMakeFiles/HW17.dir/pico-sdk/src/rp2_common/pico_stdio_usb/stdio_usb.c.obj
                0x1000357c                stdio_usb_set_chars_available_callback
 .text.timer_task
                0x10003590       0x70 CMakeFiles/HW17.dir/pico-sdk/src/rp2_common/pico_stdio_usb/stdio_usb.c.obj
 .text.usb_irq  0x10003600        0xc CMakeFiles/HW17.dir/pico-sdk/src/rp2_common/pico_stdio_usb/stdio_usb.c.obj
 .text.stdio_usb_in_chars
                0x1000360c       0x88 CMakeFiles/HW17.dir/pico-sdk/src/rp2_common/pico_stdio_usb/stdio_usb.c.obj
                0x1000360c                stdio_usb_in_chars
 .text.stdio_usb_out_flush
                0x10003694       0x54 CMakeFiles/HW17.dir/pico-sdk/src/rp2_common/pico_stdio_usb/stdio_usb.c.obj
 .text.stdio_usb_out_chars
                0x100036e8       0xf4 CMakeFiles/HW17.dir/pico-sdk/src/rp2_common/pico_stdio_usb/stdio_usb.c.obj
 .text.low_priority_worker_irq
                0x100037dc       0xd8 CMakeFiles/HW17.dir/pico-sdk/src/rp2_common/pico_stdio_usb/stdio_usb.c.obj
 .text.stdio_usb_init
                0x100038b4       0xe8 CMakeFiles/HW17.dir/pico-sdk/src/rp2_common/pico_stdio_usb/stdio_usb.c.obj
                0x100038b4                stdio_usb_init
 .text.tud_descriptor_device_cb
                0x1000399c        0x8 CMakeFiles/HW17.dir/pico-sdk/src/rp2_common/pico_stdio_usb/stdio_usb_descriptors.c.obj
                0x1000399c                tud_descriptor_device_cb
 .text.tud_descriptor_configuration_cb
                0x100039a4        0x8 CMakeFiles/HW17.dir/pico-sdk/src/rp2_common/pico_stdio_usb/stdio_usb_descriptors.c.obj
                0x100039a4                tud_descriptor_configuration_cb
 .text.tud_descriptor_string_cb
                0x100039ac       0x70 CMakeFiles/HW17.dir/pico-sdk/src/rp2_common/pico_stdio_usb/stdio_usb_descriptors.c.obj
                0x100039ac                tud_descriptor_string_cb
 .text.startup._retrieve_unique_id_on_boot
                0x10003a1c       0x30 CMakeFiles/HW17.dir/pico-sdk/src/rp2_common/pico_unique_id/unique_id.c.obj
 .text.pico_get_unique_board_id_string
                0x10003a4c      0x184 CMakeFiles/HW17.dir/pico-sdk/src/rp2_common/pico_unique_id/unique_id.c.obj
                0x10003a4c                pico_get_unique_board_id_string
 .text.dcd_init
                0x10003bd0       0x8c CMakeFiles/HW17.dir/pico-sdk/lib/tinyusb/src/portable/raspberrypi/rp2040/dcd_rp2040.c.obj
                0x10003bd0                dcd_init
 .text.dcd_int_enable
                0x10003c5c        0x8 CMakeFiles/HW17.dir/pico-sdk/lib/tinyusb/src/portable/raspberrypi/rp2040/dcd_rp2040.c.obj
                0x10003c5c                dcd_int_enable
 .text.dcd_set_address
                0x10003c64       0x10 CMakeFiles/HW17.dir/pico-sdk/lib/tinyusb/src/portable/raspberrypi/rp2040/dcd_rp2040.c.obj
                0x10003c64                dcd_set_address
 .text.dcd_sof_enable
                0x10003c74       0x1c CMakeFiles/HW17.dir/pico-sdk/lib/tinyusb/src/portable/raspberrypi/rp2040/dcd_rp2040.c.obj
                0x10003c74                dcd_sof_enable
 .text.dcd_edpt0_status_complete
                0x10003c90       0x1c CMakeFiles/HW17.dir/pico-sdk/lib/tinyusb/src/portable/raspberrypi/rp2040/dcd_rp2040.c.obj
                0x10003c90                dcd_edpt0_status_complete
 .text.dcd_edpt_open
                0x10003cac      0x104 CMakeFiles/HW17.dir/pico-sdk/lib/tinyusb/src/portable/raspberrypi/rp2040/dcd_rp2040.c.obj
                0x10003cac                dcd_edpt_open
 .text.dcd_edpt_close_all
                0x10003db0        0x4 CMakeFiles/HW17.dir/pico-sdk/lib/tinyusb/src/portable/raspberrypi/rp2040/dcd_rp2040.c.obj
                0x10003db0                dcd_edpt_close_all
 .text.dcd_edpt_xfer
                0x10003db4       0x28 CMakeFiles/HW17.dir/pico-sdk/lib/tinyusb/src/portable/raspberrypi/rp2040/dcd_rp2040.c.obj
                0x10003db4                dcd_edpt_xfer
 .text.dcd_edpt_stall
                0x10003ddc       0x30 CMakeFiles/HW17.dir/pico-sdk/lib/tinyusb/src/portable/raspberrypi/rp2040/dcd_rp2040.c.obj
                0x10003ddc                dcd_edpt_stall
 .text.dcd_edpt_clear_stall
                0x10003e0c       0x24 CMakeFiles/HW17.dir/pico-sdk/lib/tinyusb/src/portable/raspberrypi/rp2040/dcd_rp2040.c.obj
                0x10003e0c                dcd_edpt_clear_stall
 .text.rp2040_usb_init
                0x10003e30       0x40 CMakeFiles/HW17.dir/pico-sdk/lib/tinyusb/src/portable/raspberrypi/rp2040/rp2040_usb.c.obj
                0x10003e30                rp2040_usb_init
 .text.hw_endpoint_xfer_start
                0x10003e70       0x40 CMakeFiles/HW17.dir/pico-sdk/lib/tinyusb/src/portable/raspberrypi/rp2040/rp2040_usb.c.obj
                0x10003e70                hw_endpoint_xfer_start
 .text.configuration_reset
                0x10003eb0       0x8c CMakeFiles/HW17.dir/pico-sdk/lib/tinyusb/src/device/usbd.c.obj
 .text.tud_event_hook_cb
                0x10003f3c        0x4 CMakeFiles/HW17.dir/pico-sdk/lib/tinyusb/src/device/usbd.c.obj
                0x10003f3c                tud_event_hook_cb
 .text.tud_sof_cb
                0x10003f40        0x4 CMakeFiles/HW17.dir/pico-sdk/lib/tinyusb/src/device/usbd.c.obj
                0x10003f40                tud_sof_cb
 .text.tud_descriptor_device_qualifier_cb
                0x10003f44        0x4 CMakeFiles/HW17.dir/pico-sdk/lib/tinyusb/src/device/usbd.c.obj
                0x10003f44                tud_descriptor_device_qualifier_cb
 .text.tud_descriptor_other_speed_configuration_cb
                0x10003f48        0x4 CMakeFiles/HW17.dir/pico-sdk/lib/tinyusb/src/device/usbd.c.obj
                0x10003f48                tud_descriptor_other_speed_configuration_cb
 .text.tud_mount_cb
                0x10003f4c        0x4 CMakeFiles/HW17.dir/pico-sdk/lib/tinyusb/src/device/usbd.c.obj
                0x10003f4c                tud_mount_cb
 .text.tud_umount_cb
                0x10003f50        0x4 CMakeFiles/HW17.dir/pico-sdk/lib/tinyusb/src/device/usbd.c.obj
                0x10003f50                tud_umount_cb
 .text.tud_suspend_cb
                0x10003f54        0x4 CMakeFiles/HW17.dir/pico-sdk/lib/tinyusb/src/device/usbd.c.obj
                0x10003f54                tud_suspend_cb
 .text.tud_resume_cb
                0x10003f58        0x4 CMakeFiles/HW17.dir/pico-sdk/lib/tinyusb/src/device/usbd.c.obj
                0x10003f58                tud_resume_cb
 .text.tud_mounted
                0x10003f5c       0x10 CMakeFiles/HW17.dir/pico-sdk/lib/tinyusb/src/device/usbd.c.obj
                0x10003f5c                tud_mounted
 .text.tud_suspended
                0x10003f6c       0x10 CMakeFiles/HW17.dir/pico-sdk/lib/tinyusb/src/device/usbd.c.obj
                0x10003f6c                tud_suspended
 .text.tud_rhport_init
                0x10003f7c       0xf4 CMakeFiles/HW17.dir/pico-sdk/lib/tinyusb/src/device/usbd.c.obj
                0x10003f7c                tud_rhport_init
 .text.tud_task_ext
                0x10004070      0x784 CMakeFiles/HW17.dir/pico-sdk/lib/tinyusb/src/device/usbd.c.obj
                0x10004070                tud_task_ext
 .text.usbd_open_edpt_pair
                0x100047f4       0x9c CMakeFiles/HW17.dir/pico-sdk/lib/tinyusb/src/device/usbd.c.obj
                0x100047f4                usbd_open_edpt_pair
 .text.usbd_edpt_open
                0x10004890       0x44 CMakeFiles/HW17.dir/pico-sdk/lib/tinyusb/src/device/usbd.c.obj
                0x10004890                usbd_edpt_open
 .text.usbd_edpt_claim
                0x100048d4       0x24 CMakeFiles/HW17.dir/pico-sdk/lib/tinyusb/src/device/usbd.c.obj
                0x100048d4                usbd_edpt_claim
 .text.usbd_edpt_release
                0x100048f8       0x24 CMakeFiles/HW17.dir/pico-sdk/lib/tinyusb/src/device/usbd.c.obj
                0x100048f8                usbd_edpt_release
 .text.usbd_edpt_xfer
                0x1000491c       0x70 CMakeFiles/HW17.dir/pico-sdk/lib/tinyusb/src/device/usbd.c.obj
                0x1000491c                usbd_edpt_xfer
 .text.tud_control_status
                0x1000498c       0x34 CMakeFiles/HW17.dir/pico-sdk/lib/tinyusb/src/device/usbd_control.c.obj
                0x1000498c                tud_control_status
 .text.tud_control_xfer
                0x100049c0       0xb0 CMakeFiles/HW17.dir/pico-sdk/lib/tinyusb/src/device/usbd_control.c.obj
                0x100049c0                tud_control_xfer
 .text.usbd_control_reset
                0x10004a70       0x14 CMakeFiles/HW17.dir/pico-sdk/lib/tinyusb/src/device/usbd_control.c.obj
                0x10004a70                usbd_control_reset
 .text.usbd_control_set_complete_callback
                0x10004a84        0xc CMakeFiles/HW17.dir/pico-sdk/lib/tinyusb/src/device/usbd_control.c.obj
                0x10004a84                usbd_control_set_complete_callback
 .text.usbd_control_set_request
                0x10004a90       0x1c CMakeFiles/HW17.dir/pico-sdk/lib/tinyusb/src/device/usbd_control.c.obj
                0x10004a90                usbd_control_set_request
 .text.usbd_control_xfer_cb
                0x10004aac      0x100 CMakeFiles/HW17.dir/pico-sdk/lib/tinyusb/src/device/usbd_control.c.obj
                0x10004aac                usbd_control_xfer_cb
 .text._prep_out_transaction.isra.0
                0x10004bac       0x74 CMakeFiles/HW17.dir/pico-sdk/lib/tinyusb/src/class/cdc/cdc_device.c.obj
 .text.tud_cdc_n_connected
                0x10004c20       0x2c CMakeFiles/HW17.dir/pico-sdk/lib/tinyusb/src/class/cdc/cdc_device.c.obj
                0x10004c20                tud_cdc_n_connected
 .text.tud_cdc_n_available
                0x10004c4c       0x14 CMakeFiles/HW17.dir/pico-sdk/lib/tinyusb/src/class/cdc/cdc_device.c.obj
                0x10004c4c                tud_cdc_n_available
 .text.tud_cdc_n_read
                0x10004c60       0x90 CMakeFiles/HW17.dir/pico-sdk/lib/tinyusb/src/class/cdc/cdc_device.c.obj
                0x10004c60                tud_cdc_n_read
 .text.tud_cdc_n_write_flush
                0x10004cf0       0x8c CMakeFiles/HW17.dir/pico-sdk/lib/tinyusb/src/class/cdc/cdc_device.c.obj
                0x10004cf0                tud_cdc_n_write_flush
 .text.tud_cdc_n_write
                0x10004d7c       0x40 CMakeFiles/HW17.dir/pico-sdk/lib/tinyusb/src/class/cdc/cdc_device.c.obj
                0x10004d7c                tud_cdc_n_write
 .text.tud_cdc_n_write_available
                0x10004dbc       0x14 CMakeFiles/HW17.dir/pico-sdk/lib/tinyusb/src/class/cdc/cdc_device.c.obj
                0x10004dbc                tud_cdc_n_write_available
 .text.cdcd_init
                0x10004dd0       0x70 CMakeFiles/HW17.dir/pico-sdk/lib/tinyusb/src/class/cdc/cdc_device.c.obj
                0x10004dd0                cdcd_init
 .text.cdcd_deinit
                0x10004e40       0x30 CMakeFiles/HW17.dir/pico-sdk/lib/tinyusb/src/class/cdc/cdc_device.c.obj
                0x10004e40                cdcd_deinit
 .text.cdcd_reset
                0x10004e70       0x4c CMakeFiles/HW17.dir/pico-sdk/lib/tinyusb/src/class/cdc/cdc_device.c.obj
                0x10004e70                cdcd_reset
 .text.cdcd_open
                0x10004ebc       0xc0 CMakeFiles/HW17.dir/pico-sdk/lib/tinyusb/src/class/cdc/cdc_device.c.obj
                0x10004ebc                cdcd_open
 .text.cdcd_control_xfer_cb
                0x10004f7c       0xc0 CMakeFiles/HW17.dir/pico-sdk/lib/tinyusb/src/class/cdc/cdc_device.c.obj
                0x10004f7c                cdcd_control_xfer_cb
 .text.cdcd_xfer_cb
                0x1000503c       0xf8 CMakeFiles/HW17.dir/pico-sdk/lib/tinyusb/src/class/cdc/cdc_device.c.obj
                0x1000503c                cdcd_xfer_cb
 .text.vendord_init
                0x10005134       0x5c CMakeFiles/HW17.dir/pico-sdk/lib/tinyusb/src/class/vendor/vendor_device.c.obj
                0x10005134                vendord_init
 .text.vendord_deinit
                0x10005190       0x1c CMakeFiles/HW17.dir/pico-sdk/lib/tinyusb/src/class/vendor/vendor_device.c.obj
                0x10005190                vendord_deinit
 .text.vendord_reset
                0x100051ac       0x24 CMakeFiles/HW17.dir/pico-sdk/lib/tinyusb/src/class/vendor/vendor_device.c.obj
                0x100051ac                vendord_reset
 .text.vendord_open
                0x100051d0       0xf4 CMakeFiles/HW17.dir/pico-sdk/lib/tinyusb/src/class/vendor/vendor_device.c.obj
                0x100051d0                vendord_open
 .text.vendord_xfer_cb
                0x100052c4       0x88 CMakeFiles/HW17.dir/pico-sdk/lib/tinyusb/src/class/vendor/vendor_device.c.obj
                0x100052c4                vendord_xfer_cb
 .text.tusb_rhport_init
                0x1000534c       0x64 CMakeFiles/HW17.dir/pico-sdk/lib/tinyusb/src/tusb.c.obj
                0x1000534c                tusb_rhport_init
 .text.tu_edpt_claim
                0x100053b0       0x54 CMakeFiles/HW17.dir/pico-sdk/lib/tinyusb/src/tusb.c.obj
                0x100053b0                tu_edpt_claim
 .text.tu_edpt_release
                0x10005404       0x38 CMakeFiles/HW17.dir/pico-sdk/lib/tinyusb/src/tusb.c.obj
                0x10005404                tu_edpt_release
 .text.tu_edpt_validate
                0x1000543c       0x60 CMakeFiles/HW17.dir/pico-sdk/lib/tinyusb/src/tusb.c.obj
                0x1000543c                tu_edpt_validate
 .text.tu_edpt_bind_driver
                0x1000549c       0x58 CMakeFiles/HW17.dir/pico-sdk/lib/tinyusb/src/tusb.c.obj
                0x1000549c                tu_edpt_bind_driver
 .text.tu_edpt_stream_init
                0x100054f4       0x58 CMakeFiles/HW17.dir/pico-sdk/lib/tinyusb/src/tusb.c.obj
                0x100054f4                tu_edpt_stream_init
 .text.tu_edpt_stream_deinit
                0x1000554c        0x4 CMakeFiles/HW17.dir/pico-sdk/lib/tinyusb/src/tusb.c.obj
                0x1000554c                tu_edpt_stream_deinit
 .text.tu_edpt_stream_write_zlp_if_needed
                0x10005550       0x68 CMakeFiles/HW17.dir/pico-sdk/lib/tinyusb/src/tusb.c.obj
                0x10005550                tu_edpt_stream_write_zlp_if_needed
 .text.tu_edpt_stream_write_xfer
                0x100055b8       0x70 CMakeFiles/HW17.dir/pico-sdk/lib/tinyusb/src/tusb.c.obj
                0x100055b8                tu_edpt_stream_write_xfer
 .text.tu_edpt_stream_read_xfer
                0x10005628       0xc8 CMakeFiles/HW17.dir/pico-sdk/lib/tinyusb/src/tusb.c.obj
                0x10005628                tu_edpt_stream_read_xfer
 .text.tu_fifo_config
                0x100056f0       0x60 CMakeFiles/HW17.dir/pico-sdk/lib/tinyusb/src/common/tusb_fifo.c.obj
                0x100056f0                tu_fifo_config
 .text.tu_fifo_count
                0x10005750       0x20 CMakeFiles/HW17.dir/pico-sdk/lib/tinyusb/src/common/tusb_fifo.c.obj
                0x10005750                tu_fifo_count
 .text.tu_fifo_empty
                0x10005770       0x14 CMakeFiles/HW17.dir/pico-sdk/lib/tinyusb/src/common/tusb_fifo.c.obj
                0x10005770                tu_fifo_empty
 .text.tu_fifo_remaining
                0x10005784       0x24 CMakeFiles/HW17.dir/pico-sdk/lib/tinyusb/src/common/tusb_fifo.c.obj
                0x10005784                tu_fifo_remaining
 .text.tu_fifo_read
                0x100057a8       0x94 CMakeFiles/HW17.dir/pico-sdk/lib/tinyusb/src/common/tusb_fifo.c.obj
                0x100057a8                tu_fifo_read
 .text.tu_fifo_read_n
                0x1000583c       0xd8 CMakeFiles/HW17.dir/pico-sdk/lib/tinyusb/src/common/tusb_fifo.c.obj
                0x1000583c                tu_fifo_read_n
 .text.tu_fifo_write
                0x10005914       0xa4 CMakeFiles/HW17.dir/pico-sdk/lib/tinyusb/src/common/tusb_fifo.c.obj
                0x10005914                tu_fifo_write
 .text.tu_fifo_write_n
                0x100059b8      0x15c CMakeFiles/HW17.dir/pico-sdk/lib/tinyusb/src/common/tusb_fifo.c.obj
                0x100059b8                tu_fifo_write_n
 .text.tu_fifo_clear
                0x10005b14       0x38 CMakeFiles/HW17.dir/pico-sdk/lib/tinyusb/src/common/tusb_fifo.c.obj
                0x10005b14                tu_fifo_clear
 .text.tu_fifo_set_overwritable
                0x10005b4c       0x3c CMakeFiles/HW17.dir/pico-sdk/lib/tinyusb/src/common/tusb_fifo.c.obj
                0x10005b4c                tu_fifo_set_overwritable
 .text.i2c_read_blocking_internal.constprop.0
                0x10005b88       0x70 CMakeFiles/HW17.dir/pico-sdk/src/rp2_common/hardware_i2c/i2c.c.obj
 .text.i2c_write_blocking_internal.constprop.0
                0x10005bf8       0x9c CMakeFiles/HW17.dir/pico-sdk/src/rp2_common/hardware_i2c/i2c.c.obj
 .text.i2c_set_baudrate
                0x10005c94       0xa4 CMakeFiles/HW17.dir/pico-sdk/src/rp2_common/hardware_i2c/i2c.c.obj
                0x10005c94                i2c_set_baudrate
 .text.i2c_init
                0x10005d38       0x4c CMakeFiles/HW17.dir/pico-sdk/src/rp2_common/hardware_i2c/i2c.c.obj
                0x10005d38                i2c_init
 .text.i2c_write_blocking
                0x10005d84       0x10 CMakeFiles/HW17.dir/pico-sdk/src/rp2_common/hardware_i2c/i2c.c.obj
                0x10005d84                i2c_write_blocking
 .text.i2c_read_blocking
                0x10005d94       0x10 CMakeFiles/HW17.dir/pico-sdk/src/rp2_common/hardware_i2c/i2c.c.obj
                0x10005d94                i2c_read_blocking
 .text.memset   0x10005da4       0x9c C:/Users/jianu/.pico-sdk/toolchain/14_2_Rel1/bin/../lib/gcc/arm-none-eabi/14.2.1/thumb/v8-m.main+fp/softfp\libg.a(libc_a-memset.o)
                0x10005da4                memset
 .text          0x10005e40       0xec C:/Users/jianu/.pico-sdk/toolchain/14_2_Rel1/bin/../lib/gcc/arm-none-eabi/14.2.1/thumb/v8-m.main+fp/softfp\libg.a(libc_a-memcpy.o)
                0x10005e40                memcpy
 .text.strlen   0x10005f2c       0x5c C:/Users/jianu/.pico-sdk/toolchain/14_2_Rel1/bin/../lib/gcc/arm-none-eabi/14.2.1/thumb/v8-m.main+fp/softfp\libg.a(libc_a-strlen-stub.o)
                0x10005f2c                strlen
 *(.fini)
 .fini          0x10005f88        0x4 C:/Users/jianu/.pico-sdk/toolchain/14_2_Rel1/bin/../lib/gcc/arm-none-eabi/14.2.1/thumb/v8-m.main+fp/softfp/crti.o
                0x10005f88                _fini
 *fill*         0x10005f8c        0x4 
 .fini.__stub   0x10005f90       0x58 linker stubs
 *crtbegin.o(.ctors)
 *crtbegin?.o(.ctors)
 *(EXCLUDE_FILE(*crtend.o *crtend?.o) .ctors)
 *(SORT_BY_NAME(.ctors.*))
 *(.ctors)
 *crtbegin.o(.dtors)
 *crtbegin?.o(.dtors)
 *(EXCLUDE_FILE(*crtend.o *crtend?.o) .dtors)
 *(SORT_BY_NAME(.dtors.*))
 *(.dtors)
                0x10005fe8                        . = ALIGN (0x4)
                0x10005fe8                        PROVIDE (__preinit_array_start = .)
 *(SORT_BY_NAME(.preinit_array.*))
 .preinit_array.00050
                0x10005fe8        0x4 CMakeFiles/HW17.dir/pico-sdk/src/rp2_common/pico_runtime_init/runtime_init.c.obj
                0x10005fe8                __pre_init_runtime_init_bootrom_reset
 .preinit_array.00100
                0x10005fec        0x4 CMakeFiles/HW17.dir/pico-sdk/src/rp2_common/pico_runtime_init/runtime_init.c.obj
                0x10005fec                __pre_init_runtime_init_early_resets
 .preinit_array.00101
                0x10005ff0        0x4 CMakeFiles/HW17.dir/pico-sdk/src/rp2_common/pico_runtime_init/runtime_init.c.obj
                0x10005ff0                __pre_init_runtime_init_usb_power_down
 .preinit_array.00500
                0x10005ff4        0x4 CMakeFiles/HW17.dir/pico-sdk/src/rp2_common/pico_runtime_init/runtime_init.c.obj
                0x10005ff4                __pre_init_runtime_init_clocks
 .preinit_array.00600
                0x10005ff8        0x4 CMakeFiles/HW17.dir/pico-sdk/src/rp2_common/pico_runtime_init/runtime_init.c.obj
                0x10005ff8                __pre_init_runtime_init_post_clock_resets
 .preinit_array.01000
                0x10005ffc        0x4 CMakeFiles/HW17.dir/pico-sdk/src/rp2_common/hardware_boot_lock/boot_lock.c.obj
                0x10005ffc                __pre_init_runtime_init_boot_locks_reset
 .preinit_array.01000
                0x10006000        0x4 CMakeFiles/HW17.dir/pico-sdk/src/rp2_common/pico_runtime_init/runtime_init.c.obj
                0x10006000                __pre_init_runtime_init_spin_locks_reset
 .preinit_array.01010
                0x10006004        0x4 CMakeFiles/HW17.dir/pico-sdk/src/rp2_common/pico_bootrom/bootrom_lock.c.obj
                0x10006004                __pre_init_runtime_init_bootrom_locking_enable
 .preinit_array.01100
                0x10006008        0x4 CMakeFiles/HW17.dir/pico-sdk/src/common/pico_sync/mutex.c.obj
                0x10006008                __pre_init_runtime_init_mutex
 .preinit_array.10080
                0x1000600c        0x4 CMakeFiles/HW17.dir/pico-sdk/src/rp2_common/pico_runtime_init/runtime_init.c.obj
                0x1000600c                __pre_init_runtime_init_install_ram_vector_table
 .preinit_array.11000
                0x10006010        0x4 CMakeFiles/HW17.dir/pico-sdk/src/common/pico_time/time.c.obj
                0x10006010                __pre_init_runtime_init_default_alarm_pool
 .preinit_array.YYYYY
                0x10006014        0x4 CMakeFiles/HW17.dir/pico-sdk/src/rp2_common/pico_runtime/runtime.c.obj
                0x10006014                __pre_init_first_per_core_initializer
 .preinit_array.ZZZZZ.00051
                0x10006018        0x4 CMakeFiles/HW17.dir/pico-sdk/src/rp2_common/pico_runtime_init/runtime_init.c.obj
                0x10006018                __pre_init_runtime_init_per_core_bootrom_reset
 .preinit_array.ZZZZZ.00200
                0x1000601c        0x4 CMakeFiles/HW17.dir/pico-sdk/src/rp2_common/pico_runtime_init/runtime_init.c.obj
                0x1000601c                __pre_init_runtime_init_per_core_enable_coprocessors
 .preinit_array.ZZZZZ.01000
                0x10006020        0x4 CMakeFiles/HW17.dir/pico-sdk/src/rp2_common/hardware_sync_spin_lock/sync_spin_lock.c.obj
                0x10006020                __pre_init_spinlock_set_extexclall
 .preinit_array.ZZZZZ.01200
                0x10006024        0x4 CMakeFiles/HW17.dir/pico-sdk/src/rp2_common/hardware_irq/irq.c.obj
                0x10006024                __pre_init_runtime_init_per_core_irq_priorities
 *(.preinit_array)
                0x10006028                        PROVIDE (__preinit_array_end = .)
                0x10006028                        . = ALIGN (0x4)
                0x10006028                        PROVIDE (__init_array_start = .)
 *(SORT_BY_NAME(.init_array.*))
 .init_array.01000
                0x10006028        0x4 CMakeFiles/HW17.dir/pico-sdk/src/rp2_common/pico_unique_id/unique_id.c.obj
 *(.init_array)
 .init_array    0x1000602c        0x4 C:/Users/jianu/.pico-sdk/toolchain/14_2_Rel1/bin/../lib/gcc/arm-none-eabi/14.2.1/thumb/v8-m.main+fp/softfp/crtbegin.o
                0x10006030                        PROVIDE (__init_array_end = .)
                0x10006030                        . = ALIGN (0x4)
                [!provide]                        PROVIDE (__fini_array_start = .)
 *(SORT_BY_NAME(.fini_array.*))
 *(.fini_array)
                [!provide]                        PROVIDE (__fini_array_end = .)
 *(.eh_frame*)
 .eh_frame      0x10006030        0x0 C:/Users/jianu/.pico-sdk/toolchain/14_2_Rel1/bin/../lib/gcc/arm-none-eabi/14.2.1/thumb/v8-m.main+fp/softfp/crtbegin.o
                0x10006030                        . = ALIGN (0x4)

.glue_7         0x10006030        0x0
 .glue_7        0x10006030        0x0 linker stubs

.glue_7t        0x10006030        0x0
 .glue_7t       0x10006030        0x0 linker stubs

.vfp11_veneer   0x10006030        0x0
 .vfp11_veneer  0x10006030        0x0 linker stubs

.v4_bx          0x10006030        0x0
 .v4_bx         0x10006030        0x0 linker stubs

.iplt           0x10006030        0x0
 .iplt          0x10006030        0x0 C:/Users/jianu/.pico-sdk/toolchain/14_2_Rel1/bin/../lib/gcc/arm-none-eabi/14.2.1/thumb/v8-m.main+fp/softfp/crtbegin.o

.boot2          0x10006030        0x0
                0x10006030                        __boot2_start__ = .
 *(.boot2)
                0x10006030                        __boot2_end__ = .
                0x00000001                        ASSERT (((__boot2_end__ - __boot2_start__) <= 0x100), ERROR: Pico second stage bootloader must be no more than 256 bytes in size)

.rodata         0x10006030      0x3d4
 *(EXCLUDE_FILE(*libm.a: *libc.a:*lib_a-mem*.o *libgcc.a:) .rodata*)
 .rodata.main.str1.4
                0x10006030      0x174 CMakeFiles/HW17.dir/main.c.obj
                                  0x7 (size before relaxing)
 .rodata.panic.str1.4
                0x100061a4       0x12 CMakeFiles/HW17.dir/pico-sdk/src/rp2_common/pico_platform_panic/panic.c.obj
 .rodata.spin_lock_claim_unused.str1.4
                0x100061a4       0x1b CMakeFiles/HW17.dir/pico-sdk/src/rp2_common/hardware_sync/sync.c.obj
 .rodata.user_irq_claim_unused.str1.4
                0x100061a4       0x1b CMakeFiles/HW17.dir/pico-sdk/src/rp2_common/hardware_irq/irq.c.obj
 .rodata.timer_hardware_alarm_claim.str1.4
                0x100061a4       0x22 CMakeFiles/HW17.dir/pico-sdk/src/rp2_common/hardware_timer/timer.c.obj
 .rodata.hard_assertion_failure.str1.4
                0x100061a4        0xc CMakeFiles/HW17.dir/pico-sdk/src/rp2_common/pico_runtime/runtime.c.obj
 .rodata.str1.4
                0x100061a4       0x3c CMakeFiles/HW17.dir/pico-sdk/src/rp2_common/pico_standard_binary_info/standard_binary_info.c.obj
 .rodata.__bi_84
                0x100061a4        0xc CMakeFiles/HW17.dir/pico-sdk/src/rp2_common/pico_standard_binary_info/standard_binary_info.c.obj
 .rodata.__bi_78
                0x100061b0        0xc CMakeFiles/HW17.dir/pico-sdk/src/rp2_common/pico_standard_binary_info/standard_binary_info.c.obj
 .rodata.__bi_54
                0x100061bc        0xc CMakeFiles/HW17.dir/pico-sdk/src/rp2_common/pico_standard_binary_info/standard_binary_info.c.obj
 .rodata.__bi_48
                0x100061c8        0xc CMakeFiles/HW17.dir/pico-sdk/src/rp2_common/pico_standard_binary_info/standard_binary_info.c.obj
 .rodata.__bi_42
                0x100061d4        0xc CMakeFiles/HW17.dir/pico-sdk/src/rp2_common/pico_standard_binary_info/standard_binary_info.c.obj
 .rodata.__bi_34
                0x100061e0        0xc CMakeFiles/HW17.dir/pico-sdk/src/rp2_common/pico_standard_binary_info/standard_binary_info.c.obj
 .rodata.__bi_26
                0x100061ec        0xc CMakeFiles/HW17.dir/pico-sdk/src/rp2_common/pico_standard_binary_info/standard_binary_info.c.obj
 .rodata._ftoa.str1.4
                0x100061f8       0x15 CMakeFiles/HW17.dir/pico-sdk/src/rp2_common/pico_printf/printf.c.obj
 .rodata.pow10.0
                0x100061f8       0x50 CMakeFiles/HW17.dir/pico-sdk/src/rp2_common/pico_printf/printf.c.obj
 .rodata.crlf_str.0
                0x10006248        0x2 CMakeFiles/HW17.dir/pico-sdk/src/rp2_common/pico_stdio/stdio.c.obj
 *fill*         0x1000624a        0x2 
 .rodata._resetd_driver
                0x1000624c       0x20 CMakeFiles/HW17.dir/pico-sdk/src/rp2_common/pico_stdio_usb/reset_interface.c.obj
 .rodata.desc_ms_os_20
                0x1000626c       0xa6 CMakeFiles/HW17.dir/pico-sdk/src/rp2_common/pico_stdio_usb/reset_interface.c.obj
 *fill*         0x10006312        0x2 
 .rodata.desc_bos
                0x10006314       0x21 CMakeFiles/HW17.dir/pico-sdk/src/rp2_common/pico_stdio_usb/reset_interface.c.obj
                0x10006314                desc_bos
 .rodata.str1.4
                0x10006335       0x13 CMakeFiles/HW17.dir/pico-sdk/src/rp2_common/pico_stdio_usb/stdio_usb.c.obj
 *fill*         0x10006335        0x3 
 .rodata.__bi_202.0
                0x10006338        0xc CMakeFiles/HW17.dir/pico-sdk/src/rp2_common/pico_stdio_usb/stdio_usb.c.obj
 .rodata.str1.4
                0x10006344       0x2a CMakeFiles/HW17.dir/pico-sdk/src/rp2_common/pico_stdio_usb/stdio_usb_descriptors.c.obj
 .rodata.usbd_desc_str
                0x10006344       0x18 CMakeFiles/HW17.dir/pico-sdk/src/rp2_common/pico_stdio_usb/stdio_usb_descriptors.c.obj
 .rodata.usbd_desc_cfg
                0x1000635c       0x54 CMakeFiles/HW17.dir/pico-sdk/src/rp2_common/pico_stdio_usb/stdio_usb_descriptors.c.obj
 .rodata.usbd_desc_device
                0x100063b0       0x12 CMakeFiles/HW17.dir/pico-sdk/src/rp2_common/pico_stdio_usb/stdio_usb_descriptors.c.obj
 .rodata.str1.4
                0x100063c2       0x14 CMakeFiles/HW17.dir/pico-sdk/lib/tinyusb/src/portable/raspberrypi/rp2040/dcd_rp2040.c.obj
 .rodata.str1.4
                0x100063c2       0x48 CMakeFiles/HW17.dir/pico-sdk/lib/tinyusb/src/portable/raspberrypi/rp2040/rp2040_usb.c.obj
 *fill*         0x100063c2        0x2 
 .rodata._usbd_driver
                0x100063c4       0x40 CMakeFiles/HW17.dir/pico-sdk/lib/tinyusb/src/device/usbd.c.obj
 *(.srodata*)
                0x10006404                        . = ALIGN (0x4)
 *(SORT_BY_ALIGNMENT(SORT_BY_NAME(.flashdata*)))
                0x10006404                        . = ALIGN (0x4)

.ARM.extab
 *(.ARM.extab* .gnu.linkonce.armextab.*)
                0x10006404                        __exidx_start = .

.ARM.exidx      0x10006404        0x8
 *(.ARM.exidx* .gnu.linkonce.armexidx.*)
 .ARM.exidx     0x10006404        0x8 C:/Users/jianu/.pico-sdk/toolchain/14_2_Rel1/bin/../lib/gcc/arm-none-eabi/14.2.1/thumb/v8-m.main+fp/softfp\libg.a(libc_a-memcpy.o)
 .ARM.exidx.text.__udivmoddi4
                0x1000640c        0x0 C:/Users/jianu/.pico-sdk/toolchain/14_2_Rel1/bin/../lib/gcc/arm-none-eabi/14.2.1/thumb/v8-m.main+fp/softfp\libgcc.a(_udivmoddi4.o)
                                  0x8 (size before relaxing)
                0x1000640c                        __exidx_end = .
                0x1000640c                        . = ALIGN (0x4)
                0x1000640c                        __binary_info_start = .

.binary_info    0x1000640c       0x20
 *(.binary_info.keep.*)
 .binary_info.keep.__bi_ptr84
                0x1000640c        0x4 CMakeFiles/HW17.dir/pico-sdk/src/rp2_common/pico_standard_binary_info/standard_binary_info.c.obj
 .binary_info.keep.__bi_ptr78
                0x10006410        0x4 CMakeFiles/HW17.dir/pico-sdk/src/rp2_common/pico_standard_binary_info/standard_binary_info.c.obj
 .binary_info.keep.__bi_ptr54
                0x10006414        0x4 CMakeFiles/HW17.dir/pico-sdk/src/rp2_common/pico_standard_binary_info/standard_binary_info.c.obj
 .binary_info.keep.__bi_ptr48
                0x10006418        0x4 CMakeFiles/HW17.dir/pico-sdk/src/rp2_common/pico_standard_binary_info/standard_binary_info.c.obj
 .binary_info.keep.__bi_ptr42
                0x1000641c        0x4 CMakeFiles/HW17.dir/pico-sdk/src/rp2_common/pico_standard_binary_info/standard_binary_info.c.obj
 .binary_info.keep.__bi_ptr34
                0x10006420        0x4 CMakeFiles/HW17.dir/pico-sdk/src/rp2_common/pico_standard_binary_info/standard_binary_info.c.obj
 .binary_info.keep.__bi_ptr26
                0x10006424        0x4 CMakeFiles/HW17.dir/pico-sdk/src/rp2_common/pico_standard_binary_info/standard_binary_info.c.obj
 *(.binary_info.*)
 .binary_info.__bi_ptr202
                0x10006428        0x4 CMakeFiles/HW17.dir/pico-sdk/src/rp2_common/pico_stdio_usb/stdio_usb.c.obj
                0x1000642c                        __binary_info_end = .
                0x1000642c                        . = ALIGN (0x4)

.ram_vector_table
                0x20000000      0x110
 *(.ram_vector_table)
 .ram_vector_table
                0x20000000      0x110 CMakeFiles/HW17.dir/pico-sdk/src/rp2_common/pico_runtime_init/runtime_init.c.obj
                0x20000000                ram_vector_table

.uninitialized_data
                0x20000110        0x0
                0x20000110                        . = ALIGN (0x4)
 *(.uninitialized_data*)

.data           0x20000110     0x149c load address 0x1000642c
                0x20000110                        __data_start__ = .
 *(vtable)
 *(.time_critical*)
 .time_critical.mutex_try_enter
                0x20000110       0x50 CMakeFiles/HW17.dir/pico-sdk/src/common/pico_sync/mutex.c.obj
                0x20000110                mutex_try_enter
 .time_critical.mutex_enter_block_until
                0x20000160       0x6c CMakeFiles/HW17.dir/pico-sdk/src/common/pico_sync/mutex.c.obj
                0x20000160                mutex_enter_block_until
 .time_critical.mutex_try_enter_block_until
                0x200001cc       0x68 CMakeFiles/HW17.dir/pico-sdk/src/common/pico_sync/mutex.c.obj
                0x200001cc                mutex_try_enter_block_until
 .time_critical.mutex_enter_timeout_ms
                0x20000234       0x38 CMakeFiles/HW17.dir/pico-sdk/src/common/pico_sync/mutex.c.obj
                0x20000234                mutex_enter_timeout_ms
 .time_critical.mutex_exit
                0x2000026c       0x3c CMakeFiles/HW17.dir/pico-sdk/src/common/pico_sync/mutex.c.obj
                0x2000026c                mutex_exit
 .time_critical.reset_non_control_endpoints
                0x200002a8       0x64 CMakeFiles/HW17.dir/pico-sdk/lib/tinyusb/src/portable/raspberrypi/rp2040/dcd_rp2040.c.obj
 .time_critical.hw_handle_buff_status
                0x2000030c       0x90 CMakeFiles/HW17.dir/pico-sdk/lib/tinyusb/src/portable/raspberrypi/rp2040/dcd_rp2040.c.obj
 .time_critical.dcd_rp2040_irq
                0x2000039c      0x530 CMakeFiles/HW17.dir/pico-sdk/lib/tinyusb/src/portable/raspberrypi/rp2040/dcd_rp2040.c.obj
 .time_critical.prepare_ep_buffer
                0x200008cc       0xc0 CMakeFiles/HW17.dir/pico-sdk/lib/tinyusb/src/portable/raspberrypi/rp2040/rp2040_usb.c.obj
 .time_critical.sync_ep_buffer
                0x2000098c       0xb4 CMakeFiles/HW17.dir/pico-sdk/lib/tinyusb/src/portable/raspberrypi/rp2040/rp2040_usb.c.obj
 .time_critical._hw_endpoint_xfer_sync
                0x20000a40       0x2c CMakeFiles/HW17.dir/pico-sdk/lib/tinyusb/src/portable/raspberrypi/rp2040/rp2040_usb.c.obj
 .time_critical.e15_is_bulkin_ep
                0x20000a6c       0x28 CMakeFiles/HW17.dir/pico-sdk/lib/tinyusb/src/portable/raspberrypi/rp2040/rp2040_usb.c.obj
 .time_critical.e15_is_critical_frame_period
                0x20000a94       0x28 CMakeFiles/HW17.dir/pico-sdk/lib/tinyusb/src/portable/raspberrypi/rp2040/rp2040_usb.c.obj
 .time_critical.hw_endpoint_reset_transfer
                0x20000abc        0xc CMakeFiles/HW17.dir/pico-sdk/lib/tinyusb/src/portable/raspberrypi/rp2040/rp2040_usb.c.obj
                0x20000abc                hw_endpoint_reset_transfer
 .time_critical._hw_endpoint_buffer_control_update32
                0x20000ac8       0x44 CMakeFiles/HW17.dir/pico-sdk/lib/tinyusb/src/portable/raspberrypi/rp2040/rp2040_usb.c.obj
                0x20000ac8                _hw_endpoint_buffer_control_update32
 .time_critical.hw_endpoint_start_next_buffer
                0x20000b0c       0x64 CMakeFiles/HW17.dir/pico-sdk/lib/tinyusb/src/portable/raspberrypi/rp2040/rp2040_usb.c.obj
                0x20000b0c                hw_endpoint_start_next_buffer
 .time_critical.hw_endpoint_xfer_continue
                0x20000b70       0x3c CMakeFiles/HW17.dir/pico-sdk/lib/tinyusb/src/portable/raspberrypi/rp2040/rp2040_usb.c.obj
                0x20000b70                hw_endpoint_xfer_continue
 .time_critical.tinyusb
                0x20000bac      0x224 CMakeFiles/HW17.dir/pico-sdk/lib/tinyusb/src/device/usbd.c.obj
                0x20000bac                dcd_event_handler
 *(.text*)
 .text          0x20000dd0      0x378 C:/Users/jianu/.pico-sdk/toolchain/14_2_Rel1/bin/../lib/gcc/arm-none-eabi/14.2.1/thumb/v8-m.main+fp/softfp\libgcc.a(_arm_addsubdf3.o)
                0x20000dd0                __aeabi_drsub
                0x20000dd8                __aeabi_dsub
                0x20000dd8                __subdf3
                0x20000ddc                __aeabi_dadd
                0x20000ddc                __adddf3
                0x20001054                __floatunsidf
                0x20001054                __aeabi_ui2d
                0x20001074                __floatsidf
                0x20001074                __aeabi_i2d
                0x20001098                __aeabi_f2d
                0x20001098                __extendsfdf2
                0x200010dc                __floatundidf
                0x200010dc                __aeabi_ul2d
                0x200010ec                __floatdidf
                0x200010ec                __aeabi_l2d
 .text          0x20001148       0x30 C:/Users/jianu/.pico-sdk/toolchain/14_2_Rel1/bin/../lib/gcc/arm-none-eabi/14.2.1/thumb/v8-m.main+fp/softfp\libgcc.a(_aeabi_uldivmod.o)
                0x20001148                __aeabi_uldivmod
 .text.__udivmoddi4
                0x20001178      0x34c C:/Users/jianu/.pico-sdk/toolchain/14_2_Rel1/bin/../lib/gcc/arm-none-eabi/14.2.1/thumb/v8-m.main+fp/softfp\libgcc.a(_udivmoddi4.o)
                0x20001178                __udivmoddi4
 .text          0x200014c4        0x4 C:/Users/jianu/.pico-sdk/toolchain/14_2_Rel1/bin/../lib/gcc/arm-none-eabi/14.2.1/thumb/v8-m.main+fp/softfp\libgcc.a(_dvmd_tls.o)
                0x200014c4                __aeabi_idiv0
                0x200014c4                __aeabi_ldiv0
 .text.__stub   0x200014c8       0x30 linker stubs
                0x200014f8                        . = ALIGN (0x4)
 *(.rodata*)
                0x200014f8                        . = ALIGN (0x4)
 *(.data*)
 .data.striped_spin_lock_num
                0x200014f8        0x1 CMakeFiles/HW17.dir/pico-sdk/src/rp2_common/hardware_sync/sync.c.obj
 *fill*         0x200014f9        0x3 
 .data          0x200014fc       0x48 CMakeFiles/HW17.dir/pico-sdk/src/rp2_common/hardware_irq/irq_handler_chain.S.obj
                0x200014fc                irq_handler_chain_slots
                0x2000152c                irq_handler_chain_first_slot
                0x20001536                irq_handler_chain_remove_tail
 .data.default_alarm_pool
                0x20001544       0x18 CMakeFiles/HW17.dir/pico-sdk/src/common/pico_time/time.c.obj
 .data.stdio_usb
                0x2000155c       0x18 CMakeFiles/HW17.dir/pico-sdk/src/rp2_common/pico_stdio_usb/stdio_usb.c.obj
                0x2000155c                stdio_usb
 .data._usbd_qdef
                0x20001574       0x1c CMakeFiles/HW17.dir/pico-sdk/lib/tinyusb/src/device/usbd.c.obj
                0x20001574                _usbd_qdef
 .data._usbd_rhport
                0x20001590        0x1 CMakeFiles/HW17.dir/pico-sdk/lib/tinyusb/src/device/usbd.c.obj
 *fill*         0x20001591        0x3 
 .data.i2c1_inst
                0x20001594        0x8 CMakeFiles/HW17.dir/pico-sdk/src/rp2_common/hardware_i2c/i2c.c.obj
                0x20001594                i2c1_inst
 .data.i2c0_inst
                0x2000159c        0x8 CMakeFiles/HW17.dir/pico-sdk/src/rp2_common/hardware_i2c/i2c.c.obj
                0x2000159c                i2c0_inst
 *(.sdata*)
                0x200015a4                        . = ALIGN (0x4)
 *(.after_data.*)
                0x200015a4                        . = ALIGN (0x4)
                0x200015a4                        PROVIDE (__mutex_array_start = .)
 *(SORT_BY_NAME(.mutex_array.*))
 *(.mutex_array)
 .mutex_array   0x200015a4        0x8 CMakeFiles/HW17.dir/pico-sdk/src/rp2_common/pico_stdio/stdio.c.obj
                0x200015ac                        PROVIDE (__mutex_array_end = .)
 *(.jcr)
                0x200015ac                        . = ALIGN (0x4)

.tm_clone_table
                0x200015ac        0x0 load address 0x100078c8
 .tm_clone_table
                0x200015ac        0x0 C:/Users/jianu/.pico-sdk/toolchain/14_2_Rel1/bin/../lib/gcc/arm-none-eabi/14.2.1/thumb/v8-m.main+fp/softfp/crtbegin.o
 .tm_clone_table
                0x200015ac        0x0 C:/Users/jianu/.pico-sdk/toolchain/14_2_Rel1/bin/../lib/gcc/arm-none-eabi/14.2.1/thumb/v8-m.main+fp/softfp/crtend.o

.igot.plt       0x200015ac        0x0 load address 0x100078c8
 .igot.plt      0x200015ac        0x0 C:/Users/jianu/.pico-sdk/toolchain/14_2_Rel1/bin/../lib/gcc/arm-none-eabi/14.2.1/thumb/v8-m.main+fp/softfp/crtbegin.o

.tdata          0x200015ac        0x0 load address 0x100078c8
                0x200015ac                        . = ALIGN (0x4)
 *(.tdata .tdata.* .gnu.linkonce.td.*)
                0x200015ac                        __tdata_end = .
                0x200015ac                        PROVIDE (__data_end__ = .)
                0x1000642c                        __etext = LOADADDR (.data)

.tbss           0x200015ac        0x0 load address 0x100078c8
                0x200015ac                        . = ALIGN (0x4)
                0x200015ac                        __bss_start__ = .
                0x200015ac                        __tls_base = .
 *(.tbss .tbss.* .gnu.linkonce.tb.*)
 *(.tcommon)
                0x200015ac                        __tls_end = .

.bss            0x200015b0      0xc28 load address 0x100078c8
                0x200015b0                        . = ALIGN (0x4)
                0x200015b0                        __tbss_end = .
 *(SORT_BY_ALIGNMENT(SORT_BY_NAME(.bss*)))
 .bss.default_alarm_pool_entries
                0x200015b0      0x180 CMakeFiles/HW17.dir/pico-sdk/src/common/pico_time/time.c.obj
 .bss.last_avail_time.1
                0x20001730        0x8 CMakeFiles/HW17.dir/pico-sdk/src/rp2_common/pico_stdio_usb/stdio_usb.c.obj
 .bss._app_driver
                0x20001738        0x4 CMakeFiles/HW17.dir/pico-sdk/lib/tinyusb/src/device/usbd.c.obj
 .bss._cdcd_epbuf
                0x2000173c       0x80 CMakeFiles/HW17.dir/pico-sdk/lib/tinyusb/src/class/cdc/cdc_device.c.obj
 .bss._cdcd_fifo_cfg
                0x200017bc        0x1 CMakeFiles/HW17.dir/pico-sdk/lib/tinyusb/src/class/cdc/cdc_device.c.obj
 *fill*         0x200017bd        0x3 
 .bss._cdcd_itf
                0x200017c0       0xc8 CMakeFiles/HW17.dir/pico-sdk/lib/tinyusb/src/class/cdc/cdc_device.c.obj
 .bss._ctrl_epbuf
                0x20001888       0x40 CMakeFiles/HW17.dir/pico-sdk/lib/tinyusb/src/device/usbd_control.c.obj
 .bss._ctrl_xfer
                0x200018c8       0x14 CMakeFiles/HW17.dir/pico-sdk/lib/tinyusb/src/device/usbd_control.c.obj
 .bss._sw_spin_locks
                0x200018dc       0x20 CMakeFiles/HW17.dir/pico-sdk/src/rp2_common/hardware_sync_spin_lock/sync_spin_lock.c.obj
                0x200018dc                _sw_spin_locks
 .bss._tusb_rhport_role
                0x200018fc        0x2 CMakeFiles/HW17.dir/pico-sdk/lib/tinyusb/src/tusb.c.obj
                0x200018fc                _tusb_rhport_role
 *fill*         0x200018fe        0x2 
 .bss._ubsd_mutexdef
                0x20001900        0x8 CMakeFiles/HW17.dir/pico-sdk/lib/tinyusb/src/device/usbd.c.obj
 .bss._usbd_dev
                0x20001908       0x54 CMakeFiles/HW17.dir/pico-sdk/lib/tinyusb/src/device/usbd.c.obj
 .bss._usbd_mutex
                0x2000195c        0x4 CMakeFiles/HW17.dir/pico-sdk/lib/tinyusb/src/device/usbd.c.obj
 .bss._usbd_q   0x20001960        0x4 CMakeFiles/HW17.dir/pico-sdk/lib/tinyusb/src/device/usbd.c.obj
 .bss._usbd_qdef_buf
                0x20001964       0xc0 CMakeFiles/HW17.dir/pico-sdk/lib/tinyusb/src/device/usbd.c.obj
                0x20001964                _usbd_qdef_buf
 .bss._vendord_epbuf
                0x20001a24       0x80 CMakeFiles/HW17.dir/pico-sdk/lib/tinyusb/src/class/vendor/vendor_device.c.obj
 .bss._vendord_itf
                0x20001aa4      0x24c CMakeFiles/HW17.dir/pico-sdk/lib/tinyusb/src/class/vendor/vendor_device.c.obj
 .bss.chars_available_callback
                0x20001cf0        0x4 CMakeFiles/HW17.dir/pico-sdk/src/rp2_common/pico_stdio_usb/stdio_usb.c.obj
 .bss.chars_available_param
                0x20001cf4        0x4 CMakeFiles/HW17.dir/pico-sdk/src/rp2_common/pico_stdio_usb/stdio_usb.c.obj
 .bss.claimed   0x20001cf8        0x4 CMakeFiles/HW17.dir/pico-sdk/src/rp2_common/hardware_sync/sync.c.obj
 .bss.claimed   0x20001cfc        0x2 CMakeFiles/HW17.dir/pico-sdk/src/rp2_common/hardware_timer/timer.c.obj
 *fill*         0x20001cfe        0x2 
 .bss.configured_freq
                0x20001d00       0x28 CMakeFiles/HW17.dir/pico-sdk/src/rp2_common/hardware_clocks/clocks.c.obj
 .bss.desc_str.0
                0x20001d28       0x28 CMakeFiles/HW17.dir/pico-sdk/src/rp2_common/pico_stdio_usb/stdio_usb_descriptors.c.obj
 .bss.drivers   0x20001d50        0x4 CMakeFiles/HW17.dir/pico-sdk/src/rp2_common/pico_stdio/stdio.c.obj
 .bss.e15_last_sof
                0x20001d54        0x4 CMakeFiles/HW17.dir/pico-sdk/lib/tinyusb/src/portable/raspberrypi/rp2040/rp2040_usb.c.obj
                0x20001d54                e15_last_sof
 .bss.filter    0x20001d58        0x4 CMakeFiles/HW17.dir/pico-sdk/src/rp2_common/pico_stdio/stdio.c.obj
 .bss.hw_endpoints
                0x20001d5c      0x400 CMakeFiles/HW17.dir/pico-sdk/lib/tinyusb/src/portable/raspberrypi/rp2040/dcd_rp2040.c.obj
 .bss.lazy_vsnprintf
                0x2000215c        0x4 CMakeFiles/HW17.dir/pico-sdk/src/rp2_common/pico_printf/printf.c.obj
 .bss.load_value
                0x20002160        0x4 CMakeFiles/HW17.dir/pico-sdk/src/rp2_common/hardware_watchdog/watchdog.c.obj
 .bss.next_buffer_ptr
                0x20002164        0x4 CMakeFiles/HW17.dir/pico-sdk/lib/tinyusb/src/portable/raspberrypi/rp2040/dcd_rp2040.c.obj
 .bss.object.0  0x20002168       0x18 C:/Users/jianu/.pico-sdk/toolchain/14_2_Rel1/bin/../lib/gcc/arm-none-eabi/14.2.1/thumb/v8-m.main+fp/softfp/crtbegin.o
 .bss.one_shot_timer_crit_sec
                0x20002180        0x8 CMakeFiles/HW17.dir/pico-sdk/src/rp2_common/pico_stdio_usb/stdio_usb.c.obj
 .bss.pools     0x20002188       0x20 CMakeFiles/HW17.dir/pico-sdk/src/common/pico_time/time.c.obj
 .bss.retrieved_id
                0x200021a8        0x8 CMakeFiles/HW17.dir/pico-sdk/src/rp2_common/pico_unique_id/unique_id.c.obj
 .bss.sleep_notifier
                0x200021b0        0x4 CMakeFiles/HW17.dir/pico-sdk/src/common/pico_time/time.c.obj
 .bss.stdio_usb_mutex
                0x200021b4        0x8 CMakeFiles/HW17.dir/pico-sdk/src/rp2_common/pico_stdio_usb/stdio_usb.c.obj
 .bss.usbd_serial_str
                0x200021bc       0x11 CMakeFiles/HW17.dir/pico-sdk/src/rp2_common/pico_stdio_usb/stdio_usb_descriptors.c.obj
 .bss._app_driver_count
                0x200021cd        0x1 CMakeFiles/HW17.dir/pico-sdk/lib/tinyusb/src/device/usbd.c.obj
 .bss._sof_enable
                0x200021ce        0x1 CMakeFiles/HW17.dir/pico-sdk/lib/tinyusb/src/portable/raspberrypi/rp2040/dcd_rp2040.c.obj
 .bss._usbd_queued_setup
                0x200021cf        0x1 CMakeFiles/HW17.dir/pico-sdk/lib/tinyusb/src/device/usbd.c.obj
 .bss.irq_handler_chain_free_slot_head
                0x200021d0        0x1 CMakeFiles/HW17.dir/pico-sdk/src/rp2_common/hardware_irq/irq.c.obj
 .bss.itf_num   0x200021d1        0x1 CMakeFiles/HW17.dir/pico-sdk/src/rp2_common/pico_stdio_usb/reset_interface.c.obj
 .bss.low_priority_irq_num
                0x200021d2        0x1 CMakeFiles/HW17.dir/pico-sdk/src/rp2_common/pico_stdio_usb/stdio_usb.c.obj
 .bss.one_shot_timer_pending
                0x200021d3        0x1 CMakeFiles/HW17.dir/pico-sdk/src/rp2_common/pico_stdio_usb/stdio_usb.c.obj
 .bss.user_irq_claimed
                0x200021d4        0x1 CMakeFiles/HW17.dir/pico-sdk/src/rp2_common/hardware_irq/irq.c.obj
 *(COMMON)
                [!provide]                        PROVIDE (__global_pointer$ = (. + 0x800))
 *(.sbss*)
                0x200021d8                        . = ALIGN (0x4)
 *fill*         0x200021d5        0x3 
                0x200021d8                        __bss_end__ = .

.heap           0x200021d8      0x800 load address 0x100078c8
                0x200021d8                        __end__ = .
                0x200021d8                        end = __end__
 *(.heap*)
 .heap          0x200021d8      0x800 CMakeFiles/HW17.dir/pico-sdk/src/rp2_common/pico_crt0/crt0.S.obj
                0x20080000                        __HeapLimit = (ORIGIN (RAM) + LENGTH (RAM))

.scratch_x      0x20080000        0x0 load address 0x100078c8
                0x20080000                        __scratch_x_start__ = .
 *(.scratch_x.*)
                0x20080000                        . = ALIGN (0x4)
                0x20080000                        __scratch_x_end__ = .
                0x100078c8                        __scratch_x_source__ = LOADADDR (.scratch_x)

.scratch_y      0x20081000        0x0 load address 0x100078c8
                0x20081000                        __scratch_y_start__ = .
 *(.scratch_y.*)
                0x20081000                        . = ALIGN (0x4)
                0x20081000                        __scratch_y_end__ = .
                0x100078c8                        __scratch_y_source__ = LOADADDR (.scratch_y)

.stack1_dummy
 *(.stack1*)

.stack_dummy    0x20081000      0x800
 *(.stack*)
 .stack         0x20081000      0x800 CMakeFiles/HW17.dir/pico-sdk/src/rp2_common/pico_crt0/crt0.S.obj

.flash_end      0x100078c8       0x14
 *(.embedded_end_block*)
 .embedded_end_block
                0x100078c8       0x14 CMakeFiles/HW17.dir/pico-sdk/src/rp2_common/pico_crt0/crt0.S.obj
                0x100078dc                        PROVIDE (__flash_binary_end = .)
                0x20080000                        __StackLimit = (ORIGIN (RAM) + LENGTH (RAM))
                0x20081000                        __StackOneTop = (ORIGIN (SCRATCH_X) + LENGTH (SCRATCH_X))
                0x20082000                        __StackTop = (ORIGIN (SCRATCH_Y) + LENGTH (SCRATCH_Y))
                0x20081000                        __StackOneBottom = (__StackOneTop - SIZEOF (.stack1_dummy))
                0x20081800                        __StackBottom = (__StackTop - SIZEOF (.stack_dummy))
                0x20082000                        PROVIDE (__stack = __StackTop)
                [!provide]                        PROVIDE (__heap_start = __end__)
                [!provide]                        PROVIDE (__heap_end = __HeapLimit)
                [!provide]                        PROVIDE (__tls_align = MAX (ALIGNOF (.tdata), ALIGNOF (.tbss)))
                [!provide]                        PROVIDE (__tls_size_align = (((__tls_size + __tls_align) - 0x1) & ~ ((__tls_align - 0x1))))
                [!provide]                        PROVIDE (__arm32_tls_tcb_offset = MAX (0x8, __tls_align))
                [!provide]                        PROVIDE (_end = __end__)
                [!provide]                        PROVIDE (__llvm_libc_heap_limit = __HeapLimit)
                0x00000001                        ASSERT ((__StackLimit >= __HeapLimit), region RAM overflowed)
                0x00000001                        ASSERT (((__binary_info_header_end - __logical_binary_start) <= 0x400), Binary info must be in first 1024 bytes of the binary)
                0x00000001                        ASSERT (((__embedded_block_end - __logical_binary_start) <= 0x1000), Embedded block must be in first 4096 bytes of the binary)
LOAD CMakeFiles/HW17.dir/main.c.obj
LOAD CMakeFiles/HW17.dir/pico-sdk/src/rp2_common/pico_stdlib/stdlib.c.obj
LOAD CMakeFiles/HW17.dir/pico-sdk/src/rp2_common/hardware_gpio/gpio.c.obj
LOAD CMakeFiles/HW17.dir/pico-sdk/src/rp2350/pico_platform/platform.c.obj
LOAD CMakeFiles/HW17.dir/pico-sdk/src/rp2_common/pico_platform_common/common.c.obj
LOAD CMakeFiles/HW17.dir/pico-sdk/src/rp2_common/pico_platform_panic/panic.c.obj
LOAD CMakeFiles/HW17.dir/pico-sdk/src/common/hardware_claim/claim.c.obj
LOAD CMakeFiles/HW17.dir/pico-sdk/src/rp2_common/hardware_sync/sync.c.obj
LOAD CMakeFiles/HW17.dir/pico-sdk/src/rp2_common/hardware_sync_spin_lock/sync_spin_lock.c.obj
LOAD CMakeFiles/HW17.dir/pico-sdk/src/rp2_common/hardware_irq/irq.c.obj
LOAD CMakeFiles/HW17.dir/pico-sdk/src/rp2_common/hardware_irq/irq_handler_chain.S.obj
LOAD CMakeFiles/HW17.dir/pico-sdk/src/common/pico_sync/sem.c.obj
LOAD CMakeFiles/HW17.dir/pico-sdk/src/common/pico_sync/lock_core.c.obj
LOAD CMakeFiles/HW17.dir/pico-sdk/src/common/pico_sync/mutex.c.obj
LOAD CMakeFiles/HW17.dir/pico-sdk/src/common/pico_sync/critical_section.c.obj
LOAD CMakeFiles/HW17.dir/pico-sdk/src/common/pico_time/time.c.obj
LOAD CMakeFiles/HW17.dir/pico-sdk/src/common/pico_time/timeout_helper.c.obj
LOAD CMakeFiles/HW17.dir/pico-sdk/src/rp2_common/hardware_timer/timer.c.obj
LOAD CMakeFiles/HW17.dir/pico-sdk/src/common/pico_util/datetime.c.obj
LOAD CMakeFiles/HW17.dir/pico-sdk/src/common/pico_util/pheap.c.obj
LOAD CMakeFiles/HW17.dir/pico-sdk/src/common/pico_util/queue.c.obj
LOAD CMakeFiles/HW17.dir/pico-sdk/src/rp2_common/hardware_uart/uart.c.obj
LOAD CMakeFiles/HW17.dir/pico-sdk/src/rp2_common/hardware_clocks/clocks.c.obj
LOAD CMakeFiles/HW17.dir/pico-sdk/src/rp2_common/hardware_pll/pll.c.obj
LOAD CMakeFiles/HW17.dir/pico-sdk/src/rp2_common/hardware_vreg/vreg.c.obj
LOAD CMakeFiles/HW17.dir/pico-sdk/src/rp2_common/hardware_watchdog/watchdog.c.obj
LOAD CMakeFiles/HW17.dir/pico-sdk/src/rp2_common/hardware_ticks/ticks.c.obj
LOAD CMakeFiles/HW17.dir/pico-sdk/src/rp2_common/pico_bootrom/bootrom.c.obj
LOAD CMakeFiles/HW17.dir/pico-sdk/src/rp2_common/pico_bootrom/bootrom_lock.c.obj
LOAD CMakeFiles/HW17.dir/pico-sdk/src/rp2_common/hardware_boot_lock/boot_lock.c.obj
LOAD CMakeFiles/HW17.dir/pico-sdk/src/rp2_common/pico_flash/flash.c.obj
LOAD CMakeFiles/HW17.dir/pico-sdk/src/rp2_common/hardware_xosc/xosc.c.obj
LOAD CMakeFiles/HW17.dir/pico-sdk/src/rp2_common/hardware_divider/divider.c.obj
LOAD CMakeFiles/HW17.dir/pico-sdk/src/rp2_common/pico_runtime/runtime.c.obj
LOAD CMakeFiles/HW17.dir/pico-sdk/src/rp2_common/pico_runtime_init/runtime_init.c.obj
LOAD CMakeFiles/HW17.dir/pico-sdk/src/rp2_common/pico_runtime_init/runtime_init_clocks.c.obj
LOAD CMakeFiles/HW17.dir/pico-sdk/src/rp2_common/pico_runtime_init/runtime_init_stack_guard.c.obj
LOAD CMakeFiles/HW17.dir/pico-sdk/src/rp2_common/pico_bit_ops/bit_ops_aeabi.S.obj
LOAD CMakeFiles/HW17.dir/pico-sdk/src/rp2_common/pico_divider/divider_compiler.c.obj
LOAD CMakeFiles/HW17.dir/pico-sdk/src/rp2_common/pico_double/double_math.c.obj
LOAD CMakeFiles/HW17.dir/pico-sdk/src/rp2_common/pico_double/double_aeabi_dcp.S.obj
LOAD CMakeFiles/HW17.dir/pico-sdk/src/rp2_common/pico_double/double_fma_dcp.S.obj
LOAD CMakeFiles/HW17.dir/pico-sdk/src/rp2_common/pico_double/double_sci_m33.S.obj
LOAD CMakeFiles/HW17.dir/pico-sdk/src/rp2_common/pico_double/double_conv_m33.S.obj
LOAD CMakeFiles/HW17.dir/pico-sdk/src/rp2_common/pico_float/float_math.c.obj
LOAD CMakeFiles/HW17.dir/pico-sdk/src/rp2_common/pico_float/float_conv32_vfp.S.obj
LOAD CMakeFiles/HW17.dir/pico-sdk/src/rp2_common/pico_float/float_common_m33.S.obj
LOAD CMakeFiles/HW17.dir/pico-sdk/src/rp2_common/pico_float/float_sci_m33_vfp.S.obj
LOAD CMakeFiles/HW17.dir/pico-sdk/src/rp2_common/pico_malloc/malloc.c.obj
LOAD CMakeFiles/HW17.dir/pico-sdk/src/rp2_common/pico_atomic/atomic.c.obj
LOAD CMakeFiles/HW17.dir/pico-sdk/src/rp2_common/pico_cxx_options/new_delete.cpp.obj
LOAD CMakeFiles/HW17.dir/pico-sdk/src/rp2_common/pico_standard_binary_info/standard_binary_info.c.obj
LOAD CMakeFiles/HW17.dir/pico-sdk/src/rp2_common/pico_printf/printf.c.obj
LOAD CMakeFiles/HW17.dir/pico-sdk/src/rp2_common/pico_crt0/crt0.S.obj
LOAD CMakeFiles/HW17.dir/pico-sdk/src/rp2_common/pico_clib_interface/newlib_interface.c.obj
LOAD CMakeFiles/HW17.dir/pico-sdk/src/rp2_common/pico_stdio/stdio.c.obj
LOAD CMakeFiles/HW17.dir/pico-sdk/src/rp2_common/pico_stdio_usb/reset_interface.c.obj
LOAD CMakeFiles/HW17.dir/pico-sdk/src/rp2_common/pico_stdio_usb/stdio_usb.c.obj
LOAD CMakeFiles/HW17.dir/pico-sdk/src/rp2_common/pico_stdio_usb/stdio_usb_descriptors.c.obj
LOAD CMakeFiles/HW17.dir/pico-sdk/src/rp2_common/pico_unique_id/unique_id.c.obj
LOAD CMakeFiles/HW17.dir/pico-sdk/src/rp2_common/hardware_flash/flash.c.obj
LOAD CMakeFiles/HW17.dir/pico-sdk/src/rp2_common/hardware_xip_cache/xip_cache.c.obj
LOAD CMakeFiles/HW17.dir/pico-sdk/lib/tinyusb/src/portable/raspberrypi/rp2040/dcd_rp2040.c.obj
LOAD CMakeFiles/HW17.dir/pico-sdk/lib/tinyusb/src/portable/raspberrypi/rp2040/rp2040_usb.c.obj
LOAD CMakeFiles/HW17.dir/pico-sdk/lib/tinyusb/src/device/usbd.c.obj
LOAD CMakeFiles/HW17.dir/pico-sdk/lib/tinyusb/src/device/usbd_control.c.obj
LOAD CMakeFiles/HW17.dir/pico-sdk/lib/tinyusb/src/class/audio/audio_device.c.obj
LOAD CMakeFiles/HW17.dir/pico-sdk/lib/tinyusb/src/class/cdc/cdc_device.c.obj
LOAD CMakeFiles/HW17.dir/pico-sdk/lib/tinyusb/src/class/dfu/dfu_device.c.obj
LOAD CMakeFiles/HW17.dir/pico-sdk/lib/tinyusb/src/class/dfu/dfu_rt_device.c.obj
LOAD CMakeFiles/HW17.dir/pico-sdk/lib/tinyusb/src/class/hid/hid_device.c.obj
LOAD CMakeFiles/HW17.dir/pico-sdk/lib/tinyusb/src/class/midi/midi_device.c.obj
LOAD CMakeFiles/HW17.dir/pico-sdk/lib/tinyusb/src/class/msc/msc_device.c.obj
LOAD CMakeFiles/HW17.dir/pico-sdk/lib/tinyusb/src/class/net/ecm_rndis_device.c.obj
LOAD CMakeFiles/HW17.dir/pico-sdk/lib/tinyusb/src/class/net/ncm_device.c.obj
LOAD CMakeFiles/HW17.dir/pico-sdk/lib/tinyusb/src/class/usbtmc/usbtmc_device.c.obj
LOAD CMakeFiles/HW17.dir/pico-sdk/lib/tinyusb/src/class/vendor/vendor_device.c.obj
LOAD CMakeFiles/HW17.dir/pico-sdk/lib/tinyusb/src/class/video/video_device.c.obj
LOAD CMakeFiles/HW17.dir/pico-sdk/lib/tinyusb/src/tusb.c.obj
LOAD CMakeFiles/HW17.dir/pico-sdk/lib/tinyusb/src/common/tusb_fifo.c.obj
LOAD CMakeFiles/HW17.dir/pico-sdk/src/rp2_common/pico_fix/rp2040_usb_device_enumeration/rp2040_usb_device_enumeration.c.obj
LOAD CMakeFiles/HW17.dir/pico-sdk/src/rp2_common/hardware_i2c/i2c.c.obj
LOAD CMakeFiles/HW17.dir/pico-sdk/src/rp2_common/hardware_adc/adc.c.obj
LOAD pico-sdk/src/rp2350/boot_stage2/CMakeFiles/bs2_default_library.dir/./bs2_default_padded_checksummed.S.obj
LOAD C:/Users/jianu/.pico-sdk/toolchain/14_2_Rel1/bin/../lib/gcc/arm-none-eabi/14.2.1/thumb/v8-m.main+fp/softfp\libstdc++.a
LOAD C:/Users/jianu/.pico-sdk/toolchain/14_2_Rel1/bin/../lib/gcc/arm-none-eabi/14.2.1/thumb/v8-m.main+fp/softfp\libm.a
START GROUP
LOAD C:/Users/jianu/.pico-sdk/toolchain/14_2_Rel1/bin/../lib/gcc/arm-none-eabi/14.2.1/thumb/v8-m.main+fp/softfp\libgcc.a
LOAD C:/Users/jianu/.pico-sdk/toolchain/14_2_Rel1/bin/../lib/gcc/arm-none-eabi/14.2.1/thumb/v8-m.main+fp/softfp\libg.a
LOAD C:/Users/jianu/.pico-sdk/toolchain/14_2_Rel1/bin/../lib/gcc/arm-none-eabi/14.2.1/thumb/v8-m.main+fp/softfp\libc.a
END GROUP
START GROUP
LOAD C:/Users/jianu/.pico-sdk/toolchain/14_2_Rel1/bin/../lib/gcc/arm-none-eabi/14.2.1/thumb/v8-m.main+fp/softfp\libgcc.a
LOAD C:/Users/jianu/.pico-sdk/toolchain/14_2_Rel1/bin/../lib/gcc/arm-none-eabi/14.2.1/thumb/v8-m.main+fp/softfp\libc.a
LOAD C:/Users/jianu/.pico-sdk/toolchain/14_2_Rel1/bin/../lib/gcc/arm-none-eabi/14.2.1/thumb/v8-m.main+fp/softfp\libnosys.a
END GROUP
LOAD C:/Users/jianu/.pico-sdk/toolchain/14_2_Rel1/bin/../lib/gcc/arm-none-eabi/14.2.1/thumb/v8-m.main+fp/softfp/crtend.o
LOAD C:/Users/jianu/.pico-sdk/toolchain/14_2_Rel1/bin/../lib/gcc/arm-none-eabi/14.2.1/thumb/v8-m.main+fp/softfp/crtn.o
OUTPUT(HW17.elf elf32-littlearm)
LOAD linker stubs

.rel.dyn        0x100078dc        0x0
 .rel.iplt      0x100078dc        0x0 C:/Users/jianu/.pico-sdk/toolchain/14_2_Rel1/bin/../lib/gcc/arm-none-eabi/14.2.1/thumb/v8-m.main+fp/softfp/crtbegin.o

.ARM.attributes
                0x00000000       0x34
 .ARM.attributes
                0x00000000       0x26 C:/Users/jianu/.pico-sdk/toolchain/14_2_Rel1/bin/../lib/gcc/arm-none-eabi/14.2.1/thumb/v8-m.main+fp/softfp/crti.o
 .ARM.attributes
                0x00000026       0x36 C:/Users/jianu/.pico-sdk/toolchain/14_2_Rel1/bin/../lib/gcc/arm-none-eabi/14.2.1/thumb/v8-m.main+fp/softfp/crtbegin.o
 .ARM.attributes
                0x0000005c       0x38 CMakeFiles/HW17.dir/main.c.obj
 .ARM.attributes
                0x00000094       0x38 CMakeFiles/HW17.dir/pico-sdk/src/rp2_common/hardware_gpio/gpio.c.obj
 .ARM.attributes
                0x000000cc       0x38 CMakeFiles/HW17.dir/pico-sdk/src/rp2_common/pico_platform_panic/panic.c.obj
 .ARM.attributes
                0x00000104       0x38 CMakeFiles/HW17.dir/pico-sdk/src/common/hardware_claim/claim.c.obj
 .ARM.attributes
                0x0000013c       0x38 CMakeFiles/HW17.dir/pico-sdk/src/rp2_common/hardware_sync/sync.c.obj
 .ARM.attributes
                0x00000174       0x38 CMakeFiles/HW17.dir/pico-sdk/src/rp2_common/hardware_sync_spin_lock/sync_spin_lock.c.obj
 .ARM.attributes
                0x000001ac       0x38 CMakeFiles/HW17.dir/pico-sdk/src/rp2_common/hardware_irq/irq.c.obj
 .ARM.attributes
                0x000001e4       0x28 CMakeFiles/HW17.dir/pico-sdk/src/rp2_common/hardware_irq/irq_handler_chain.S.obj
 .ARM.attributes
                0x0000020c       0x38 CMakeFiles/HW17.dir/pico-sdk/src/common/pico_sync/lock_core.c.obj
 .ARM.attributes
                0x00000244       0x38 CMakeFiles/HW17.dir/pico-sdk/src/common/pico_sync/mutex.c.obj
 .ARM.attributes
                0x0000027c       0x38 CMakeFiles/HW17.dir/pico-sdk/src/common/pico_sync/critical_section.c.obj
 .ARM.attributes
                0x000002b4       0x38 CMakeFiles/HW17.dir/pico-sdk/src/common/pico_time/time.c.obj
 .ARM.attributes
                0x000002ec       0x38 CMakeFiles/HW17.dir/pico-sdk/src/rp2_common/hardware_timer/timer.c.obj
 .ARM.attributes
                0x00000324       0x38 CMakeFiles/HW17.dir/pico-sdk/src/rp2_common/hardware_clocks/clocks.c.obj
 .ARM.attributes
                0x0000035c       0x38 CMakeFiles/HW17.dir/pico-sdk/src/rp2_common/hardware_pll/pll.c.obj
 .ARM.attributes
                0x00000394       0x38 CMakeFiles/HW17.dir/pico-sdk/src/rp2_common/hardware_watchdog/watchdog.c.obj
 .ARM.attributes
                0x000003cc       0x38 CMakeFiles/HW17.dir/pico-sdk/src/rp2_common/hardware_ticks/ticks.c.obj
 .ARM.attributes
                0x00000404       0x38 CMakeFiles/HW17.dir/pico-sdk/src/rp2_common/pico_bootrom/bootrom.c.obj
 .ARM.attributes
                0x0000043c       0x38 CMakeFiles/HW17.dir/pico-sdk/src/rp2_common/pico_bootrom/bootrom_lock.c.obj
 .ARM.attributes
                0x00000474       0x38 CMakeFiles/HW17.dir/pico-sdk/src/rp2_common/hardware_boot_lock/boot_lock.c.obj
 .ARM.attributes
                0x000004ac       0x38 CMakeFiles/HW17.dir/pico-sdk/src/rp2_common/hardware_xosc/xosc.c.obj
 .ARM.attributes
                0x000004e4       0x38 CMakeFiles/HW17.dir/pico-sdk/src/rp2_common/pico_runtime/runtime.c.obj
 .ARM.attributes
                0x0000051c       0x38 CMakeFiles/HW17.dir/pico-sdk/src/rp2_common/pico_runtime_init/runtime_init.c.obj
 .ARM.attributes
                0x00000554       0x38 CMakeFiles/HW17.dir/pico-sdk/src/rp2_common/pico_runtime_init/runtime_init_clocks.c.obj
 .ARM.attributes
                0x0000058c       0x28 CMakeFiles/HW17.dir/pico-sdk/src/rp2_common/pico_double/double_aeabi_dcp.S.obj
 .ARM.attributes
                0x000005b4       0x38 CMakeFiles/HW17.dir/pico-sdk/src/rp2_common/pico_standard_binary_info/standard_binary_info.c.obj
 .ARM.attributes
                0x000005ec       0x38 CMakeFiles/HW17.dir/pico-sdk/src/rp2_common/pico_printf/printf.c.obj
 .ARM.attributes
                0x00000624       0x28 CMakeFiles/HW17.dir/pico-sdk/src/rp2_common/pico_crt0/crt0.S.obj
 .ARM.attributes
                0x0000064c       0x38 CMakeFiles/HW17.dir/pico-sdk/src/rp2_common/pico_clib_interface/newlib_interface.c.obj
 .ARM.attributes
                0x00000684       0x38 CMakeFiles/HW17.dir/pico-sdk/src/rp2_common/pico_stdio/stdio.c.obj
 .ARM.attributes
                0x000006bc       0x38 CMakeFiles/HW17.dir/pico-sdk/src/rp2_common/pico_stdio_usb/reset_interface.c.obj
 .ARM.attributes
                0x000006f4       0x38 CMakeFiles/HW17.dir/pico-sdk/src/rp2_common/pico_stdio_usb/stdio_usb.c.obj
 .ARM.attributes
                0x0000072c       0x38 CMakeFiles/HW17.dir/pico-sdk/src/rp2_common/pico_stdio_usb/stdio_usb_descriptors.c.obj
 .ARM.attributes
                0x00000764       0x38 CMakeFiles/HW17.dir/pico-sdk/src/rp2_common/pico_unique_id/unique_id.c.obj
 .ARM.attributes
                0x0000079c       0x38 CMakeFiles/HW17.dir/pico-sdk/lib/tinyusb/src/portable/raspberrypi/rp2040/dcd_rp2040.c.obj
 .ARM.attributes
                0x000007d4       0x38 CMakeFiles/HW17.dir/pico-sdk/lib/tinyusb/src/portable/raspberrypi/rp2040/rp2040_usb.c.obj
 .ARM.attributes
                0x0000080c       0x38 CMakeFiles/HW17.dir/pico-sdk/lib/tinyusb/src/device/usbd.c.obj
 .ARM.attributes
                0x00000844       0x38 CMakeFiles/HW17.dir/pico-sdk/lib/tinyusb/src/device/usbd_control.c.obj
 .ARM.attributes
                0x0000087c       0x38 CMakeFiles/HW17.dir/pico-sdk/lib/tinyusb/src/class/cdc/cdc_device.c.obj
 .ARM.attributes
                0x000008b4       0x38 CMakeFiles/HW17.dir/pico-sdk/lib/tinyusb/src/class/vendor/vendor_device.c.obj
 .ARM.attributes
                0x000008ec       0x38 CMakeFiles/HW17.dir/pico-sdk/lib/tinyusb/src/tusb.c.obj
 .ARM.attributes
                0x00000924       0x38 CMakeFiles/HW17.dir/pico-sdk/lib/tinyusb/src/common/tusb_fifo.c.obj
 .ARM.attributes
                0x0000095c       0x38 CMakeFiles/HW17.dir/pico-sdk/src/rp2_common/hardware_i2c/i2c.c.obj
 .ARM.attributes
                0x00000994       0x26 C:/Users/jianu/.pico-sdk/toolchain/14_2_Rel1/bin/../lib/gcc/arm-none-eabi/14.2.1/thumb/v8-m.main+fp/softfp\libgcc.a(_arm_addsubdf3.o)
 .ARM.attributes
                0x000009ba       0x26 C:/Users/jianu/.pico-sdk/toolchain/14_2_Rel1/bin/../lib/gcc/arm-none-eabi/14.2.1/thumb/v8-m.main+fp/softfp\libgcc.a(_aeabi_uldivmod.o)
 .ARM.attributes
                0x000009e0       0x36 C:/Users/jianu/.pico-sdk/toolchain/14_2_Rel1/bin/../lib/gcc/arm-none-eabi/14.2.1/thumb/v8-m.main+fp/softfp\libgcc.a(_udivmoddi4.o)
 .ARM.attributes
                0x00000a16       0x26 C:/Users/jianu/.pico-sdk/toolchain/14_2_Rel1/bin/../lib/gcc/arm-none-eabi/14.2.1/thumb/v8-m.main+fp/softfp\libgcc.a(_dvmd_tls.o)
 .ARM.attributes
                0x00000a3c       0x36 C:/Users/jianu/.pico-sdk/toolchain/14_2_Rel1/bin/../lib/gcc/arm-none-eabi/14.2.1/thumb/v8-m.main+fp/softfp\libg.a(libc_a-memset.o)
 .ARM.attributes
                0x00000a72       0x24 C:/Users/jianu/.pico-sdk/toolchain/14_2_Rel1/bin/../lib/gcc/arm-none-eabi/14.2.1/thumb/v8-m.main+fp/softfp\libg.a(libc_a-memcpy.o)
 .ARM.attributes
                0x00000a96       0x36 C:/Users/jianu/.pico-sdk/toolchain/14_2_Rel1/bin/../lib/gcc/arm-none-eabi/14.2.1/thumb/v8-m.main+fp/softfp\libg.a(libc_a-strlen-stub.o)
 .ARM.attributes
                0x00000acc       0x36 C:/Users/jianu/.pico-sdk/toolchain/14_2_Rel1/bin/../lib/gcc/arm-none-eabi/14.2.1/thumb/v8-m.main+fp/softfp/crtend.o

.comment        0x00000000       0x45
 .comment       0x00000000       0x45 CMakeFiles/HW17.dir/main.c.obj
                                 0x46 (size before relaxing)
 .comment       0x00000045       0x46 CMakeFiles/HW17.dir/pico-sdk/src/rp2_common/hardware_gpio/gpio.c.obj
 .comment       0x00000045       0x46 CMakeFiles/HW17.dir/pico-sdk/src/rp2_common/pico_platform_panic/panic.c.obj
 .comment       0x00000045       0x46 CMakeFiles/HW17.dir/pico-sdk/src/common/hardware_claim/claim.c.obj
 .comment       0x00000045       0x46 CMakeFiles/HW17.dir/pico-sdk/src/rp2_common/hardware_sync/sync.c.obj
 .comment       0x00000045       0x46 CMakeFiles/HW17.dir/pico-sdk/src/rp2_common/hardware_sync_spin_lock/sync_spin_lock.c.obj
 .comment       0x00000045       0x46 CMakeFiles/HW17.dir/pico-sdk/src/rp2_common/hardware_irq/irq.c.obj
 .comment       0x00000045       0x46 CMakeFiles/HW17.dir/pico-sdk/src/common/pico_sync/lock_core.c.obj
 .comment       0x00000045       0x46 CMakeFiles/HW17.dir/pico-sdk/src/common/pico_sync/mutex.c.obj
 .comment       0x00000045       0x46 CMakeFiles/HW17.dir/pico-sdk/src/common/pico_sync/critical_section.c.obj
 .comment       0x00000045       0x46 CMakeFiles/HW17.dir/pico-sdk/src/common/pico_time/time.c.obj