Archive member included to satisfy reference by file (symbol)

C:/Users/jianu/.pico-sdk/toolchain/14_2_Rel1/bin/../lib/gcc/arm-none-eabi/14.2.1/thumb/v8-m.main+fp/softfp\libm.a(libm_a-wf_sqrt.o)
                              CMakeFiles/HW8.dir/pico-sdk/src/rp2_common/pico_float/float_math.c.obj (sqrtf)
C:/Users/jianu/.pico-sdk/toolchain/14_2_Rel1/bin/../lib/gcc/arm-none-eabi/14.2.1/thumb/v8-m.main+fp/softfp\libm.a(libm_a-ef_sqrt.o)
                              C:/Users/jianu/.pico-sdk/toolchain/14_2_Rel1/bin/../lib/gcc/arm-none-eabi/14.2.1/thumb/v8-m.main+fp/softfp\libm.a(libm_a-wf_sqrt.o) (__ieee754_sqrtf)
C:/Users/jianu/.pico-sdk/toolchain/14_2_Rel1/bin/../lib/gcc/arm-none-eabi/14.2.1/thumb/v8-m.main+fp/softfp\libgcc.a(_arm_addsubdf3.o)
                              CMakeFiles/HW8.dir/main.c.obj (__aeabi_f2d)
C:/Users/jianu/.pico-sdk/toolchain/14_2_Rel1/bin/../lib/gcc/arm-none-eabi/14.2.1/thumb/v8-m.main+fp/softfp\libgcc.a(_aeabi_ldivmod.o)
                              CMakeFiles/HW8.dir/pico-sdk/src/common/pico_time/time.c.obj (__aeabi_ldivmod)
C:/Users/jianu/.pico-sdk/toolchain/14_2_Rel1/bin/../lib/gcc/arm-none-eabi/14.2.1/thumb/v8-m.main+fp/softfp\libgcc.a(_aeabi_uldivmod.o)
                              CMakeFiles/HW8.dir/pico-sdk/src/rp2_common/hardware_clocks/clocks.c.obj (__aeabi_uldivmod)
C:/Users/jianu/.pico-sdk/toolchain/14_2_Rel1/bin/../lib/gcc/arm-none-eabi/14.2.1/thumb/v8-m.main+fp/softfp\libgcc.a(_udivmoddi4.o)
                              C:/Users/jianu/.pico-sdk/toolchain/14_2_Rel1/bin/../lib/gcc/arm-none-eabi/14.2.1/thumb/v8-m.main+fp/softfp\libgcc.a(_aeabi_ldivmod.o) (__udivmoddi4)
C:/Users/jianu/.pico-sdk/toolchain/14_2_Rel1/bin/../lib/gcc/arm-none-eabi/14.2.1/thumb/v8-m.main+fp/softfp\libgcc.a(_dvmd_tls.o)
                              C:/Users/jianu/.pico-sdk/toolchain/14_2_Rel1/bin/../lib/gcc/arm-none-eabi/14.2.1/thumb/v8-m.main+fp/softfp\libgcc.a(_aeabi_ldivmod.o) (__aeabi_ldiv0)
C:/Users/jianu/.pico-sdk/toolchain/14_2_Rel1/bin/../lib/gcc/arm-none-eabi/14.2.1/thumb/v8-m.main+fp/softfp\libg.a(libc_a-calloc.o)
                              CMakeFiles/HW8.dir/pico-sdk/src/rp2_common/pico_malloc/malloc.c.obj (calloc)
C:/Users/jianu/.pico-sdk/toolchain/14_2_Rel1/bin/../lib/gcc/arm-none-eabi/14.2.1/thumb/v8-m.main+fp/softfp\libg.a(libc_a-callocr.o)
                              C:/Users/jianu/.pico-sdk/toolchain/14_2_Rel1/bin/../lib/gcc/arm-none-eabi/14.2.1/thumb/v8-m.main+fp/softfp\libg.a(libc_a-calloc.o) (_calloc_r)
C:/Users/jianu/.pico-sdk/toolchain/14_2_Rel1/bin/../lib/gcc/arm-none-eabi/14.2.1/thumb/v8-m.main+fp/softfp\libg.a(libc_a-malloc.o)
                              CMakeFiles/HW8.dir/pico-sdk/src/rp2_common/pico_malloc/malloc.c.obj (malloc)
C:/Users/jianu/.pico-sdk/toolchain/14_2_Rel1/bin/../lib/gcc/arm-none-eabi/14.2.1/thumb/v8-m.main+fp/softfp\libg.a(libc_a-mallocr.o)
                              C:/Users/jianu/.pico-sdk/toolchain/14_2_Rel1/bin/../lib/gcc/arm-none-eabi/14.2.1/thumb/v8-m.main+fp/softfp\libg.a(libc_a-callocr.o) (_malloc_r)
C:/Users/jianu/.pico-sdk/toolchain/14_2_Rel1/bin/../lib/gcc/arm-none-eabi/14.2.1/thumb/v8-m.main+fp/softfp\libg.a(libc_a-mlock.o)
                              C:/Users/jianu/.pico-sdk/toolchain/14_2_Rel1/bin/../lib/gcc/arm-none-eabi/14.2.1/thumb/v8-m.main+fp/softfp\libg.a(libc_a-mallocr.o) (__malloc_lock)
C:/Users/jianu/.pico-sdk/toolchain/14_2_Rel1/bin/../lib/gcc/arm-none-eabi/14.2.1/thumb/v8-m.main+fp/softfp\libg.a(libc_a-realloc.o)
                              CMakeFiles/HW8.dir/pico-sdk/src/rp2_common/pico_malloc/malloc.c.obj (realloc)
C:/Users/jianu/.pico-sdk/toolchain/14_2_Rel1/bin/../lib/gcc/arm-none-eabi/14.2.1/thumb/v8-m.main+fp/softfp\libg.a(libc_a-reallocr.o)
                              C:/Users/jianu/.pico-sdk/toolchain/14_2_Rel1/bin/../lib/gcc/arm-none-eabi/14.2.1/thumb/v8-m.main+fp/softfp\libg.a(libc_a-realloc.o) (_realloc_r)
C:/Users/jianu/.pico-sdk/toolchain/14_2_Rel1/bin/../lib/gcc/arm-none-eabi/14.2.1/thumb/v8-m.main+fp/softfp\libg.a(libc_a-memcmp.o)
                              CMakeFiles/HW8.dir/pico-sdk/src/rp2_common/pico_atomic/atomic.c.obj (memcmp)
C:/Users/jianu/.pico-sdk/toolchain/14_2_Rel1/bin/../lib/gcc/arm-none-eabi/14.2.1/thumb/v8-m.main+fp/softfp\libg.a(libc_a-memmove.o)
                              C:/Users/jianu/.pico-sdk/toolchain/14_2_Rel1/bin/../lib/gcc/arm-none-eabi/14.2.1/thumb/v8-m.main+fp/softfp\libg.a(libc_a-reallocr.o) (memmove)
C:/Users/jianu/.pico-sdk/toolchain/14_2_Rel1/bin/../lib/gcc/arm-none-eabi/14.2.1/thumb/v8-m.main+fp/softfp\libg.a(libc_a-memset.o)
                              C:/Users/jianu/.pico-sdk/toolchain/14_2_Rel1/bin/../lib/gcc/arm-none-eabi/14.2.1/thumb/v8-m.main+fp/softfp/crt0.o (memset)
C:/Users/jianu/.pico-sdk/toolchain/14_2_Rel1/bin/../lib/gcc/arm-none-eabi/14.2.1/thumb/v8-m.main+fp/softfp\libg.a(libc_a-lcltime_r.o)
                              CMakeFiles/HW8.dir/pico-sdk/src/common/pico_util/datetime.c.obj (localtime_r)
[...]
Memory Configuration

Name             Origin             Length             Attributes
FLASH            0x10000000         0x00400000         xr
RAM              0x20000000         0x00080000         xrw
SCRATCH_X        0x20080000         0x00001000         xrw
SCRATCH_Y        0x20081000         0x00001000         xrw
*default*        0x00000000         0xffffffff

Linker script and memory map

LOAD C:/Users/jianu/.pico-sdk/toolchain/14_2_Rel1/bin/../lib/gcc/arm-none-eabi/14.2.1/thumb/v8-m.main+fp/softfp/crti.o
LOAD C:/Users/jianu/.pico-sdk/toolchain/14_2_Rel1/bin/../lib/gcc/arm-none-eabi/14.2.1/thumb/v8-m.main+fp/softfp/crtbegin.o
LOAD C:/Users/jianu/.pico-sdk/toolchain/14_2_Rel1/bin/../lib/gcc/arm-none-eabi/14.2.1/thumb/v8-m.main+fp/softfp/crt0.o

.flash_begin    0x10000000        0x0
                0x10000000                        __flash_binary_start = .

.text           0x10000000     0x6518
                0x10000000                        __logical_binary_start = .
 *(.vectors)
 .vectors       0x10000000      0x124 CMakeFiles/HW8.dir/pico-sdk/src/rp2_common/pico_crt0/crt0.S.obj
                0x10000000                __VECTOR_TABLE
                0x10000000                __vectors
                0x10000110                __unhandled_user_irq
                0x10000110                isr_irq49
                0x10000110                isr_irq13
                0x10000110                isr_irq43
                0x10000110                isr_irq45
                0x10000110                isr_irq27
                0x10000110                isr_irq32
                0x10000110                isr_irq31
                0x10000110                isr_irq12
                0x10000110                isr_irq5
                0x10000110                isr_irq11
                0x10000110                isr_irq3
                0x10000110                isr_irq23
                0x10000110                isr_usagefault
                0x10000110                isr_irq48
                0x10000110                isr_irq30
                0x10000110                isr_irq18
                0x10000110                isr_irq50
                0x10000110                isr_irq33
                0x10000110                isr_irq40
                0x10000110                isr_irq28
                0x10000110                isr_irq19
                0x10000110                isr_irq36
                0x10000110                isr_irq41
                0x10000110                isr_irq0
                0x10000110                isr_irq6
                0x10000110                isr_irq26
                0x10000110                isr_irq29
                0x10000110                isr_memmanage
                0x10000110                isr_irq37
                0x10000110                isr_irq42
                0x10000110                isr_irq22
                0x10000110                isr_irq35
                0x10000110                isr_irq17
                0x10000110                isr_irq38
                0x10000110                isr_irq14
                0x10000110                __vectors_end
                0x10000110                __default_isrs_start
                0x10000110                isr_irq2
                0x10000110                isr_irq10
                0x10000110                isr_irq8
                0x10000110                isr_debugmonitor
                0x10000110                isr_irq24
                0x10000110                isr_irq46
                0x10000110                isr_irq1
                0x10000110                isr_irq47
                0x10000110                isr_irq51
                0x10000110                isr_irq7
                0x10000110                isr_irq21
                0x10000110                isr_irq39
                0x10000110                isr_irq20
                0x10000110                isr_irq15
                0x10000110                isr_irq25
                0x10000110                isr_irq34
                0x10000110                isr_irq44
                0x10000110                isr_securefault
                0x10000110                isr_irq4
                0x10000110                isr_busfault
                0x10000110                isr_irq16
                0x10000110                isr_irq9
                0x10000116                unhandled_user_irq_num_in_r0
                0x10000118                isr_invalid
                0x1000011a                isr_nmi
                0x1000011c                isr_hardfault
                0x1000011e                isr_svcall
                0x10000120                isr_pendsv
                0x10000122                isr_systick
                0x10000124                __default_isrs_end
 *(.binary_info_header)
 .binary_info_header
                0x10000124       0x14 CMakeFiles/HW8.dir/pico-sdk/src/rp2_common/pico_crt0/crt0.S.obj
                0x10000138                        __binary_info_header_end = .
 *(.embedded_block)
 .embedded_block
                0x10000138       0x14 CMakeFiles/HW8.dir/pico-sdk/src/rp2_common/pico_crt0/crt0.S.obj
                0x1000014c                        __embedded_block_end = .
 *(.reset)
 .reset         0x1000014c       0x98 CMakeFiles/HW8.dir/pico-sdk/src/rp2_common/pico_crt0/crt0.S.obj
                0x1000014c                _entry_point
 *(.init)
 .init          0x100001e4        0x4 C:/Users/jianu/.pico-sdk/toolchain/14_2_Rel1/bin/../lib/gcc/arm-none-eabi/14.2.1/thumb/v8-m.main+fp/softfp/crti.o
                0x100001e4                _init
 SORT_BY_NAME(REVERSE(*libgcc.a:cmse_nonsecure_call.o))()
 *(EXCLUDE_FILE(*libm.a: *libc.a:*lib_a-mem*.o *libgcc.a:) .text*)
 .text.register_tm_clones
                0x100001e8       0x28 C:/Users/jianu/.pico-sdk/toolchain/14_2_Rel1/bin/../lib/gcc/arm-none-eabi/14.2.1/thumb/v8-m.main+fp/softfp/crtbegin.o
 .text.frame_dummy
                0x10000210       0x24 C:/Users/jianu/.pico-sdk/toolchain/14_2_Rel1/bin/../lib/gcc/arm-none-eabi/14.2.1/thumb/v8-m.main+fp/softfp/crtbegin.o
 .text.spi_ram_init
                0x10000234       0x74 CMakeFiles/HW8.dir/main.c.obj
                0x10000234                spi_ram_init
 .text.generate_sine_to_ram
                0x100002a8      0x118 CMakeFiles/HW8.dir/main.c.obj
                0x100002a8                generate_sine_to_ram
 .text.playback_loop
                0x100003c0      0x100 CMakeFiles/HW8.dir/main.c.obj
                0x100003c0                playback_loop
 .text.startup.main
                0x100004c0       0x1c CMakeFiles/HW8.dir/main.c.obj
                0x100004c0                main
 .text.gpio_set_function
                0x100004dc       0x3c CMakeFiles/HW8.dir/pico-sdk/src/rp2_common/hardware_gpio/gpio.c.obj
                0x100004dc                gpio_set_function
 .text.gpio_init
                0x10000518       0x48 CMakeFiles/HW8.dir/pico-sdk/src/rp2_common/hardware_gpio/gpio.c.obj
                0x10000518                gpio_init
 .text.panic    0x10000560       0x30 CMakeFiles/HW8.dir/pico-sdk/src/rp2_common/pico_platform_panic/panic.c.obj
                0x10000560                panic
 .text.hw_claim_or_assert
                0x10000590       0x58 CMakeFiles/HW8.dir/pico-sdk/src/common/hardware_claim/claim.c.obj
                0x10000590                hw_claim_or_assert
 .text.hw_claim_unused_from_range
                0x100005e8       0x80 CMakeFiles/HW8.dir/pico-sdk/src/common/hardware_claim/claim.c.obj
                0x100005e8                hw_claim_unused_from_range
 .text.next_striped_spin_lock_num
                0x10000668       0x18 CMakeFiles/HW8.dir/pico-sdk/src/rp2_common/hardware_sync/sync.c.obj
                0x10000668                next_striped_spin_lock_num
 .text.spin_lock_claim_unused
                0x10000680       0x20 CMakeFiles/HW8.dir/pico-sdk/src/rp2_common/hardware_sync/sync.c.obj
                0x10000680                spin_lock_claim_unused
 .text.spinlock_set_extexclall
                0x100006a0       0x10 CMakeFiles/HW8.dir/pico-sdk/src/rp2_common/hardware_sync_spin_lock/sync_spin_lock.c.obj
 .text.spin_locks_reset
                0x100006b0       0x18 CMakeFiles/HW8.dir/pico-sdk/src/rp2_common/hardware_sync_spin_lock/sync_spin_lock.c.obj
                0x100006b0                spin_locks_reset
 .text.runtime_init_per_core_irq_priorities
                0x100006c8       0x40 CMakeFiles/HW8.dir/pico-sdk/src/rp2_common/hardware_irq/irq.c.obj
                0x100006c8                runtime_init_per_core_irq_priorities
 .text.irq_set_enabled
                0x10000708       0x2c CMakeFiles/HW8.dir/pico-sdk/src/rp2_common/hardware_irq/irq.c.obj
                0x10000708                irq_set_enabled
 .text.irq_is_enabled
                0x10000734       0x20 CMakeFiles/HW8.dir/pico-sdk/src/rp2_common/hardware_irq/irq.c.obj
                0x10000734                irq_is_enabled
 .text.irq_set_pending
                0x10000754       0x18 CMakeFiles/HW8.dir/pico-sdk/src/rp2_common/hardware_irq/irq.c.obj
                0x10000754                irq_set_pending
 .text.irq_has_shared_handler
                0x1000076c       0x20 CMakeFiles/HW8.dir/pico-sdk/src/rp2_common/hardware_irq/irq.c.obj
                0x1000076c                irq_has_shared_handler
 .text.irq_set_exclusive_handler
                0x1000078c       0x60 CMakeFiles/HW8.dir/pico-sdk/src/rp2_common/hardware_irq/irq.c.obj
                0x1000078c                irq_set_exclusive_handler
 .text.irq_add_shared_handler
                0x100007ec      0x1e8 CMakeFiles/HW8.dir/pico-sdk/src/rp2_common/hardware_irq/irq.c.obj
                0x100007ec                irq_add_shared_handler
 .text.irq_add_tail_to_free_list
                0x100009d4       0xbc CMakeFiles/HW8.dir/pico-sdk/src/rp2_common/hardware_irq/irq.c.obj
                0x100009d4                irq_add_tail_to_free_list
 .text.user_irq_claim_unused
                0x10000a90       0x28 CMakeFiles/HW8.dir/pico-sdk/src/rp2_common/hardware_irq/irq.c.obj
                0x10000a90                user_irq_claim_unused
 .text.lock_init
                0x10000ab8        0xc CMakeFiles/HW8.dir/pico-sdk/src/common/pico_sync/lock_core.c.obj
                0x10000ab8                lock_init
 .text.runtime_init_mutex
                0x10000ac4       0x4c CMakeFiles/HW8.dir/pico-sdk/src/common/pico_sync/mutex.c.obj
                0x10000ac4                runtime_init_mutex
 .text.mutex_init
                0x10000b10       0x1c CMakeFiles/HW8.dir/pico-sdk/src/common/pico_sync/mutex.c.obj
                0x10000b10                mutex_init
 .text.critical_section_init
                0x10000b2c       0x1c CMakeFiles/HW8.dir/pico-sdk/src/common/pico_sync/critical_section.c.obj
                0x10000b2c                critical_section_init
 .text.critical_section_init_with_lock_num
                0x10000b48       0x10 CMakeFiles/HW8.dir/pico-sdk/src/common/pico_sync/critical_section.c.obj
                0x10000b48                critical_section_init_with_lock_num
 .text.sleep_until_callback
                0x10000b58       0x3c CMakeFiles/HW8.dir/pico-sdk/src/common/pico_time/time.c.obj
 *fill*         0x10000b94        0x4 
 .text.alarm_pool_irq_handler
                0x10000b98      0x2f0 CMakeFiles/HW8.dir/pico-sdk/src/common/pico_time/time.c.obj
 .text.runtime_init_default_alarm_pool
                0x10000e88      0x100 CMakeFiles/HW8.dir/pico-sdk/src/common/pico_time/time.c.obj
                0x10000e88                runtime_init_default_alarm_pool
 .text.alarm_pool_get_default
                0x10000f88        0x8 CMakeFiles/HW8.dir/pico-sdk/src/common/pico_time/time.c.obj
                0x10000f88                alarm_pool_get_default
 .text.alarm_pool_add_alarm_at
                0x10000f90       0xdc CMakeFiles/HW8.dir/pico-sdk/src/common/pico_time/time.c.obj
                0x10000f90                alarm_pool_add_alarm_at
 .text.alarm_pool_add_alarm_at_force_in_context
                0x1000106c       0xc8 CMakeFiles/HW8.dir/pico-sdk/src/common/pico_time/time.c.obj
                0x1000106c                alarm_pool_add_alarm_at_force_in_context
 .text.alarm_pool_cancel_alarm
                0x10001134       0x80 CMakeFiles/HW8.dir/pico-sdk/src/common/pico_time/time.c.obj
                0x10001134                alarm_pool_cancel_alarm
 .text.alarm_pool_core_num
                0x100011b4        0x4 CMakeFiles/HW8.dir/pico-sdk/src/common/pico_time/time.c.obj
                0x100011b4                alarm_pool_core_num
 .text.sleep_ms
                0x100011b8       0xdc CMakeFiles/HW8.dir/pico-sdk/src/common/pico_time/time.c.obj
                0x100011b8                sleep_ms
 .text.best_effort_wfe_or_timeout
                0x10001294       0xd4 CMakeFiles/HW8.dir/pico-sdk/src/common/pico_time/time.c.obj
                0x10001294                best_effort_wfe_or_timeout
 .text.timer_hardware_alarm_claim
                0x10001368       0x24 CMakeFiles/HW8.dir/pico-sdk/src/rp2_common/hardware_timer/timer.c.obj
                0x10001368                timer_hardware_alarm_claim
 .text.timer_time_us_64
                0x1000138c       0x10 CMakeFiles/HW8.dir/pico-sdk/src/rp2_common/hardware_timer/timer.c.obj
                0x1000138c                timer_time_us_64
 .text.time_us_64
                0x1000139c       0x14 CMakeFiles/HW8.dir/pico-sdk/src/rp2_common/hardware_timer/timer.c.obj
                0x1000139c                time_us_64
 .text.busy_wait_until
                0x100013b0       0x24 CMakeFiles/HW8.dir/pico-sdk/src/rp2_common/hardware_timer/timer.c.obj
                0x100013b0                busy_wait_until
 .text.clock_configure_undivided
                0x100013d4       0xd0 CMakeFiles/HW8.dir/pico-sdk/src/rp2_common/hardware_clocks/clocks.c.obj
                0x100013d4                clock_configure_undivided
 .text.clock_get_hz
                0x100014a4        0xc CMakeFiles/HW8.dir/pico-sdk/src/rp2_common/hardware_clocks/clocks.c.obj
                0x100014a4                clock_get_hz
 .text.pll_init
                0x100014b0       0x8c CMakeFiles/HW8.dir/pico-sdk/src/rp2_common/hardware_pll/pll.c.obj
                0x100014b0                pll_init
 .text.watchdog_reboot
                0x1000153c       0x98 CMakeFiles/HW8.dir/pico-sdk/src/rp2_common/hardware_watchdog/watchdog.c.obj
                0x1000153c                watchdog_reboot
 .text.tick_start
                0x100015d4       0x18 CMakeFiles/HW8.dir/pico-sdk/src/rp2_common/hardware_ticks/ticks.c.obj
                0x100015d4                tick_start
 .text.rom_reboot.constprop.0.isra.0
                0x100015ec       0x34 CMakeFiles/HW8.dir/pico-sdk/src/rp2_common/pico_bootrom/bootrom.c.obj
 .text.rom_func_lookup
                0x10001620       0x18 CMakeFiles/HW8.dir/pico-sdk/src/rp2_common/pico_bootrom/bootrom.c.obj
                0x10001620                rom_func_lookup
 .text.rom_reset_usb_boot_extra
                0x10001638       0x1c CMakeFiles/HW8.dir/pico-sdk/src/rp2_common/pico_bootrom/bootrom.c.obj
                0x10001638                rom_reset_usb_boot_extra
 .text.runtime_init_bootrom_locking_enable
                0x10001654       0x14 CMakeFiles/HW8.dir/pico-sdk/src/rp2_common/pico_bootrom/bootrom_lock.c.obj
                0x10001654                runtime_init_bootrom_locking_enable
 .text.runtime_init_boot_locks_reset
                0x10001668       0x1c CMakeFiles/HW8.dir/pico-sdk/src/rp2_common/hardware_boot_lock/boot_lock.c.obj
                0x10001668                runtime_init_boot_locks_reset
 .text.xosc_init
                0x10001684       0x30 CMakeFiles/HW8.dir/pico-sdk/src/rp2_common/hardware_xosc/xosc.c.obj
                0x10001684                xosc_init
 .text.first_per_core_initializer
                0x100016b4        0x4 CMakeFiles/HW8.dir/pico-sdk/src/rp2_common/pico_runtime/runtime.c.obj
 .text.hard_assertion_failure
                0x100016b8        0xc CMakeFiles/HW8.dir/pico-sdk/src/rp2_common/pico_runtime/runtime.c.obj
                0x100016b8                hard_assertion_failure
 .text.runtime_run_initializers
                0x100016c4       0x20 CMakeFiles/HW8.dir/pico-sdk/src/rp2_common/pico_runtime/runtime.c.obj
                0x100016c4                runtime_run_initializers
 .text.runtime_init_early_resets
                0x100016e4       0x34 CMakeFiles/HW8.dir/pico-sdk/src/rp2_common/pico_runtime_init/runtime_init.c.obj
                0x100016e4                runtime_init_early_resets
 .text.runtime_init_usb_power_down
                0x10001718       0x1c CMakeFiles/HW8.dir/pico-sdk/src/rp2_common/pico_runtime_init/runtime_init.c.obj
                0x10001718                runtime_init_usb_power_down
 .text.runtime_init_per_core_enable_coprocessors
                0x10001734       0x1c CMakeFiles/HW8.dir/pico-sdk/src/rp2_common/pico_runtime_init/runtime_init.c.obj
                0x10001734                runtime_init_per_core_enable_coprocessors
 .text.runtime_init_post_clock_resets
                0x10001750       0x20 CMakeFiles/HW8.dir/pico-sdk/src/rp2_common/pico_runtime_init/runtime_init.c.obj
                0x10001750                runtime_init_post_clock_resets
 .text.runtime_init_bootrom_reset
                0x10001770       0x14 CMakeFiles/HW8.dir/pico-sdk/src/rp2_common/pico_runtime_init/runtime_init.c.obj
                0x10001770                runtime_init_bootrom_reset
 .text.runtime_init_per_core_bootrom_reset
                0x10001784       0x14 CMakeFiles/HW8.dir/pico-sdk/src/rp2_common/pico_runtime_init/runtime_init.c.obj
                0x10001784                runtime_init_per_core_bootrom_reset
 .text.runtime_init_spin_locks_reset
                0x10001798        0x4 CMakeFiles/HW8.dir/pico-sdk/src/rp2_common/pico_runtime_init/runtime_init.c.obj
                0x10001798                runtime_init_spin_locks_reset
 .text.runtime_init_install_ram_vector_table
                0x1000179c       0x68 CMakeFiles/HW8.dir/pico-sdk/src/rp2_common/pico_runtime_init/runtime_init.c.obj
                0x1000179c                runtime_init_install_ram_vector_table
 .text.runtime_init_clocks
                0x10001804       0xdc CMakeFiles/HW8.dir/pico-sdk/src/rp2_common/pico_runtime_init/runtime_init_clocks.c.obj
                0x10001804                runtime_init_clocks
 .text.__rp2350_dcp_engaged_state_save_restore
                0x100018e0       0x3a CMakeFiles/HW8.dir/pico-sdk/src/rp2_common/pico_double/double_aeabi_dcp.S.obj
 *fill*         0x1000191a        0x2 
 .text.__wrap___aeabi_dadd
                0x1000191c       0x28 CMakeFiles/HW8.dir/pico-sdk/src/rp2_common/pico_double/double_aeabi_dcp.S.obj
                0x10001924                __wrap___aeabi_dadd
 .text.__wrap___aeabi_dsub
                0x10001944       0x28 CMakeFiles/HW8.dir/pico-sdk/src/rp2_common/pico_double/double_aeabi_dcp.S.obj
                0x1000194c                __wrap___aeabi_dsub
 .text.__wrap___aeabi_dmul
                0x1000196c       0x4c CMakeFiles/HW8.dir/pico-sdk/src/rp2_common/pico_double/double_aeabi_dcp.S.obj
                0x10001974                __wrap___aeabi_dmul
 .text.__wrap___aeabi_ddiv
                0x100019b8       0x9c CMakeFiles/HW8.dir/pico-sdk/src/rp2_common/pico_double/double_aeabi_dcp.S.obj
                0x100019c0                __wrap___aeabi_ddiv
 .text.__wrap___aeabi_d2f
                0x10001a54       0x1c CMakeFiles/HW8.dir/pico-sdk/src/rp2_common/pico_double/double_aeabi_dcp.S.obj
                0x10001a5c                __wrap___aeabi_d2f
                0x10001a5c                double2float
 .text.__wrap___aeabi_i2d
                0x10001a70       0x24 CMakeFiles/HW8.dir/pico-sdk/src/rp2_common/pico_double/double_aeabi_dcp.S.obj
                0x10001a78                int2double
                0x10001a78                __wrap___aeabi_i2d
 .text.__wrap___aeabi_ui2d
                0x10001a94       0x24 CMakeFiles/HW8.dir/pico-sdk/src/rp2_common/pico_double/double_aeabi_dcp.S.obj
                0x10001a9c                uint2double
                0x10001a9c                __wrap___aeabi_ui2d
 .text.__wrap___aeabi_d2iz
                0x10001ab8       0x24 CMakeFiles/HW8.dir/pico-sdk/src/rp2_common/pico_double/double_aeabi_dcp.S.obj
                0x10001ac0                double2int_z
                0x10001ac0                __wrap___aeabi_d2iz
 .text.__wrap___aeabi_d2uiz
                0x10001adc       0x24 CMakeFiles/HW8.dir/pico-sdk/src/rp2_common/pico_double/double_aeabi_dcp.S.obj
                0x10001ae4                double2uint
                0x10001ae4                __wrap___aeabi_d2uiz
                0x10001ae4                double2uint_z
 .text.__wrap___aeabi_dcmpun
                0x10001b00       0x24 CMakeFiles/HW8.dir/pico-sdk/src/rp2_common/pico_double/double_aeabi_dcp.S.obj
                0x10001b08                __wrap___aeabi_dcmpun
 .text.__wrap___aeabi_dcmplt
                0x10001b24       0x28 CMakeFiles/HW8.dir/pico-sdk/src/rp2_common/pico_double/double_aeabi_dcp.S.obj
                0x10001b2c                __wrap___aeabi_dcmplt
 .text.__wrap___aeabi_dcmple
                0x10001b4c       0x28 CMakeFiles/HW8.dir/pico-sdk/src/rp2_common/pico_double/double_aeabi_dcp.S.obj
                0x10001b54                __wrap___aeabi_dcmple
 .text.__wrap___aeabi_dcmpge
                0x10001b74       0x28 CMakeFiles/HW8.dir/pico-sdk/src/rp2_common/pico_double/double_aeabi_dcp.S.obj
                0x10001b7c                __wrap___aeabi_dcmpge
 .text.__wrap___aeabi_dcmpgt
                0x10001b9c       0x28 CMakeFiles/HW8.dir/pico-sdk/src/rp2_common/pico_double/double_aeabi_dcp.S.obj
                0x10001ba4                __wrap___aeabi_dcmpgt
 .text.frrcore_v
                0x10001bc4       0x54 CMakeFiles/HW8.dir/pico-sdk/src/rp2_common/pico_float/float_sci_m33_vfp.S.obj
 .text.__wrap_fsin_fcos
                0x10001c18      0x388 CMakeFiles/HW8.dir/pico-sdk/src/rp2_common/pico_float/float_sci_m33_vfp.S.obj
                0x10001cf4                __wrap_sincosf
                0x10001d60                __wrap_sinf
                0x10001d66                __wrap_cosf
 .text._out_null
                0x10001fa0        0x4 CMakeFiles/HW8.dir/pico-sdk/src/rp2_common/pico_printf/printf.c.obj
 .text._out_rev
                0x10001fa4       0x9c CMakeFiles/HW8.dir/pico-sdk/src/rp2_common/pico_printf/printf.c.obj
 .text._ntoa_format
                0x10002040      0x1d4 CMakeFiles/HW8.dir/pico-sdk/src/rp2_common/pico_printf/printf.c.obj
 .text._out_char
                0x10002214        0x8 CMakeFiles/HW8.dir/pico-sdk/src/rp2_common/pico_printf/printf.c.obj
 .text._out_fct
                0x1000221c        0xc CMakeFiles/HW8.dir/pico-sdk/src/rp2_common/pico_printf/printf.c.obj
 .text._ftoa    0x10002228      0x4bc CMakeFiles/HW8.dir/pico-sdk/src/rp2_common/pico_printf/printf.c.obj
 *fill*         0x100026e4        0x4 
 .text._etoa    0x100026e8      0x574 CMakeFiles/HW8.dir/pico-sdk/src/rp2_common/pico_printf/printf.c.obj
 .text._vsnprintf
                0x10002c5c      0x9e4 CMakeFiles/HW8.dir/pico-sdk/src/rp2_common/pico_printf/printf.c.obj
 .text.vfctprintf
                0x10003640       0x28 CMakeFiles/HW8.dir/pico-sdk/src/rp2_common/pico_printf/printf.c.obj
                0x10003640                vfctprintf
 .text.weak_raw_vprintf
                0x10003668       0x30 CMakeFiles/HW8.dir/pico-sdk/src/rp2_common/pico_printf/printf.c.obj
                0x10003668                weak_raw_vprintf
 .text._exit    0x10003698        0x4 CMakeFiles/HW8.dir/pico-sdk/src/rp2_common/pico_clib_interface/newlib_interface.c.obj
                0x10003698                _exit
 .text.exit     0x1000369c        0x8 CMakeFiles/HW8.dir/pico-sdk/src/rp2_common/pico_clib_interface/newlib_interface.c.obj
                0x1000369c                exit
 .text.runtime_init
                0x100036a4       0x24 CMakeFiles/HW8.dir/pico-sdk/src/rp2_common/pico_clib_interface/newlib_interface.c.obj
                0x100036a4                runtime_init
 .text.stdio_out_chars_no_crlf
                0x100036c8        0x8 CMakeFiles/HW8.dir/pico-sdk/src/rp2_common/pico_stdio/stdio.c.obj
 .text.stdio_out_chars_crlf
                0x100036d0       0xb0 CMakeFiles/HW8.dir/pico-sdk/src/rp2_common/pico_stdio/stdio.c.obj
 .text.stdio_buffered_printer
                0x10003780       0x60 CMakeFiles/HW8.dir/pico-sdk/src/rp2_common/pico_stdio/stdio.c.obj
 .text.stdio_put_string
                0x100037e0       0xec CMakeFiles/HW8.dir/pico-sdk/src/rp2_common/pico_stdio/stdio.c.obj
                0x100037e0                stdio_put_string
 .text.stdio_set_driver_enabled
                0x100038cc       0x28 CMakeFiles/HW8.dir/pico-sdk/src/rp2_common/pico_stdio/stdio.c.obj
                0x100038cc                stdio_set_driver_enabled
 .text.stdio_init_all
                0x100038f4        0x4 CMakeFiles/HW8.dir/pico-sdk/src/rp2_common/pico_stdio/stdio.c.obj
                0x100038f4                stdio_init_all
 .text.__wrap_putchar
                0x100038f8       0x84 CMakeFiles/HW8.dir/pico-sdk/src/rp2_common/pico_stdio/stdio.c.obj
                0x100038f8                __wrap_putchar
                0x100038f8                stdio_putchar
 .text.__wrap_puts
                0x1000397c       0x3c CMakeFiles/HW8.dir/pico-sdk/src/rp2_common/pico_stdio/stdio.c.obj
                0x1000397c                stdio_puts
                0x1000397c                __wrap_puts
 .text.__wrap_vprintf
                0x100039b8       0xc4 CMakeFiles/HW8.dir/pico-sdk/src/rp2_common/pico_stdio/stdio.c.obj
                0x100039b8                stdio_vprintf
                0x100039b8                __wrap_vprintf
 .text.__wrap_printf
                0x10003a7c       0x1c CMakeFiles/HW8.dir/pico-sdk/src/rp2_common/pico_stdio/stdio.c.obj
                0x10003a7c                __wrap_printf
                0x10003a7c                stdio_printf
 .text.resetd_init
                0x10003a98        0x4 CMakeFiles/HW8.dir/pico-sdk/src/rp2_common/pico_stdio_usb/reset_interface.c.obj
 .text.resetd_reset
                0x10003a9c        0xc CMakeFiles/HW8.dir/pico-sdk/src/rp2_common/pico_stdio_usb/reset_interface.c.obj
 .text.resetd_open
                0x10003aa8       0x28 CMakeFiles/HW8.dir/pico-sdk/src/rp2_common/pico_stdio_usb/reset_interface.c.obj
 .text.resetd_xfer_cb
                0x10003ad0        0x4 CMakeFiles/HW8.dir/pico-sdk/src/rp2_common/pico_stdio_usb/reset_interface.c.obj
 .text.resetd_control_xfer_cb
                0x10003ad4       0x50 CMakeFiles/HW8.dir/pico-sdk/src/rp2_common/pico_stdio_usb/reset_interface.c.obj
 .text.tud_descriptor_bos_cb
                0x10003b24        0x8 CMakeFiles/HW8.dir/pico-sdk/src/rp2_common/pico_stdio_usb/reset_interface.c.obj
                0x10003b24                tud_descriptor_bos_cb
 .text.tud_vendor_control_xfer_cb
                0x10003b2c       0x28 CMakeFiles/HW8.dir/pico-sdk/src/rp2_common/pico_stdio_usb/reset_interface.c.obj
                0x10003b2c                tud_vendor_control_xfer_cb
 .text.usbd_app_driver_get_cb
                0x10003b54       0x10 CMakeFiles/HW8.dir/pico-sdk/src/rp2_common/pico_stdio_usb/reset_interface.c.obj
                0x10003b54                usbd_app_driver_get_cb
 .text.tud_cdc_line_coding_cb
                0x10003b64       0x18 CMakeFiles/HW8.dir/pico-sdk/src/rp2_common/pico_stdio_usb/reset_interface.c.obj
                0x10003b64                tud_cdc_line_coding_cb
 .text.stdio_usb_set_chars_available_callback
                0x10003b7c       0x14 CMakeFiles/HW8.dir/pico-sdk/src/rp2_common/pico_stdio_usb/stdio_usb.c.obj
                0x10003b7c                stdio_usb_set_chars_available_callback
 .text.timer_task
                0x10003b90       0x70 CMakeFiles/HW8.dir/pico-sdk/src/rp2_common/pico_stdio_usb/stdio_usb.c.obj
 .text.usb_irq  0x10003c00        0xc CMakeFiles/HW8.dir/pico-sdk/src/rp2_common/pico_stdio_usb/stdio_usb.c.obj
 .text.stdio_usb_in_chars
                0x10003c0c       0x88 CMakeFiles/HW8.dir/pico-sdk/src/rp2_common/pico_stdio_usb/stdio_usb.c.obj
                0x10003c0c                stdio_usb_in_chars
 .text.stdio_usb_out_flush
                0x10003c94       0x54 CMakeFiles/HW8.dir/pico-sdk/src/rp2_common/pico_stdio_usb/stdio_usb.c.obj
 .text.stdio_usb_out_chars
                0x10003ce8       0xf4 CMakeFiles/HW8.dir/pico-sdk/src/rp2_common/pico_stdio_usb/stdio_usb.c.obj
 .text.low_priority_worker_irq
                0x10003ddc       0xd8 CMakeFiles/HW8.dir/pico-sdk/src/rp2_common/pico_stdio_usb/stdio_usb.c.obj
 .text.stdio_usb_init
                0x10003eb4       0xe8 CMakeFiles/HW8.dir/pico-sdk/src/rp2_common/pico_stdio_usb/stdio_usb.c.obj
                0x10003eb4                stdio_usb_init
 .text.tud_descriptor_device_cb
                0x10003f9c        0x8 CMakeFiles/HW8.dir/pico-sdk/src/rp2_common/pico_stdio_usb/stdio_usb_descriptors.c.obj
                0x10003f9c                tud_descriptor_device_cb
 .text.tud_descriptor_configuration_cb
                0x10003fa4        0x8 CMakeFiles/HW8.dir/pico-sdk/src/rp2_common/pico_stdio_usb/stdio_usb_descriptors.c.obj
                0x10003fa4                tud_descriptor_configuration_cb
 .text.tud_descriptor_string_cb
                0x10003fac       0x70 CMakeFiles/HW8.dir/pico-sdk/src/rp2_common/pico_stdio_usb/stdio_usb_descriptors.c.obj
                0x10003fac                tud_descriptor_string_cb
 .text.startup._retrieve_unique_id_on_boot
                0x1000401c       0x30 CMakeFiles/HW8.dir/pico-sdk/src/rp2_common/pico_unique_id/unique_id.c.obj
 .text.pico_get_unique_board_id_string
                0x1000404c      0x184 CMakeFiles/HW8.dir/pico-sdk/src/rp2_common/pico_unique_id/unique_id.c.obj
                0x1000404c                pico_get_unique_board_id_string
 .text.dcd_init
                0x100041d0       0x8c CMakeFiles/HW8.dir/pico-sdk/lib/tinyusb/src/portable/raspberrypi/rp2040/dcd_rp2040.c.obj
                0x100041d0                dcd_init
 .text.dcd_int_enable
                0x1000425c        0x8 CMakeFiles/HW8.dir/pico-sdk/lib/tinyusb/src/portable/raspberrypi/rp2040/dcd_rp2040.c.obj
                0x1000425c                dcd_int_enable
 .text.dcd_set_address
                0x10004264       0x10 CMakeFiles/HW8.dir/pico-sdk/lib/tinyusb/src/portable/raspberrypi/rp2040/dcd_rp2040.c.obj
                0x10004264                dcd_set_address
 .text.dcd_sof_enable
                0x10004274       0x1c CMakeFiles/HW8.dir/pico-sdk/lib/tinyusb/src/portable/raspberrypi/rp2040/dcd_rp2040.c.obj
                0x10004274                dcd_sof_enable
 .text.dcd_edpt0_status_complete
                0x10004290       0x1c CMakeFiles/HW8.dir/pico-sdk/lib/tinyusb/src/portable/raspberrypi/rp2040/dcd_rp2040.c.obj
                0x10004290                dcd_edpt0_status_complete
 .text.dcd_edpt_open
                0x100042ac      0x104 CMakeFiles/HW8.dir/pico-sdk/lib/tinyusb/src/portable/raspberrypi/rp2040/dcd_rp2040.c.obj
                0x100042ac                dcd_edpt_open
 .text.dcd_edpt_close_all
                0x100043b0        0x4 CMakeFiles/HW8.dir/pico-sdk/lib/tinyusb/src/portable/raspberrypi/rp2040/dcd_rp2040.c.obj
                0x100043b0                dcd_edpt_close_all
 .text.dcd_edpt_xfer
                0x100043b4       0x28 CMakeFiles/HW8.dir/pico-sdk/lib/tinyusb/src/portable/raspberrypi/rp2040/dcd_rp2040.c.obj
                0x100043b4                dcd_edpt_xfer
 .text.dcd_edpt_stall
                0x100043dc       0x30 CMakeFiles/HW8.dir/pico-sdk/lib/tinyusb/src/portable/raspberrypi/rp2040/dcd_rp2040.c.obj
                0x100043dc                dcd_edpt_stall
 .text.dcd_edpt_clear_stall
                0x1000440c       0x24 CMakeFiles/HW8.dir/pico-sdk/lib/tinyusb/src/portable/raspberrypi/rp2040/dcd_rp2040.c.obj
                0x1000440c                dcd_edpt_clear_stall
 .text.rp2040_usb_init
                0x10004430       0x40 CMakeFiles/HW8.dir/pico-sdk/lib/tinyusb/src/portable/raspberrypi/rp2040/rp2040_usb.c.obj
                0x10004430                rp2040_usb_init
 .text.hw_endpoint_xfer_start
                0x10004470       0x40 CMakeFiles/HW8.dir/pico-sdk/lib/tinyusb/src/portable/raspberrypi/rp2040/rp2040_usb.c.obj
                0x10004470                hw_endpoint_xfer_start
 .text.configuration_reset
                0x100044b0       0x8c CMakeFiles/HW8.dir/pico-sdk/lib/tinyusb/src/device/usbd.c.obj
 .text.tud_event_hook_cb
                0x1000453c        0x4 CMakeFiles/HW8.dir/pico-sdk/lib/tinyusb/src/device/usbd.c.obj
                0x1000453c                tud_event_hook_cb
 .text.tud_sof_cb
                0x10004540        0x4 CMakeFiles/HW8.dir/pico-sdk/lib/tinyusb/src/device/usbd.c.obj
                0x10004540                tud_sof_cb
 .text.tud_descriptor_device_qualifier_cb
                0x10004544        0x4 CMakeFiles/HW8.dir/pico-sdk/lib/tinyusb/src/device/usbd.c.obj
                0x10004544                tud_descriptor_device_qualifier_cb
 .text.tud_descriptor_other_speed_configuration_cb
                0x10004548        0x4 CMakeFiles/HW8.dir/pico-sdk/lib/tinyusb/src/device/usbd.c.obj
                0x10004548                tud_descriptor_other_speed_configuration_cb
 .text.tud_mount_cb
                0x1000454c        0x4 CMakeFiles/HW8.dir/pico-sdk/lib/tinyusb/src/device/usbd.c.obj
                0x1000454c                tud_mount_cb
 .text.tud_umount_cb
                0x10004550        0x4 CMakeFiles/HW8.dir/pico-sdk/lib/tinyusb/src/device/usbd.c.obj
                0x10004550                tud_umount_cb
 .text.tud_suspend_cb
                0x10004554        0x4 CMakeFiles/HW8.dir/pico-sdk/lib/tinyusb/src/device/usbd.c.obj
                0x10004554                tud_suspend_cb
 .text.tud_resume_cb
                0x10004558        0x4 CMakeFiles/HW8.dir/pico-sdk/lib/tinyusb/src/device/usbd.c.obj
                0x10004558                tud_resume_cb
 .text.tud_mounted
                0x1000455c       0x10 CMakeFiles/HW8.dir/pico-sdk/lib/tinyusb/src/device/usbd.c.obj
                0x1000455c                tud_mounted
 .text.tud_suspended
                0x1000456c       0x10 CMakeFiles/HW8.dir/pico-sdk/lib/tinyusb/src/device/usbd.c.obj
                0x1000456c                tud_suspended
 .text.tud_rhport_init
                0x1000457c       0xf4 CMakeFiles/HW8.dir/pico-sdk/lib/tinyusb/src/device/usbd.c.obj
                0x1000457c                tud_rhport_init
 .text.tud_task_ext
                0x10004670      0x784 CMakeFiles/HW8.dir/pico-sdk/lib/tinyusb/src/device/usbd.c.obj
                0x10004670                tud_task_ext
 .text.usbd_open_edpt_pair
                0x10004df4       0x9c CMakeFiles/HW8.dir/pico-sdk/lib/tinyusb/src/device/usbd.c.obj
                0x10004df4                usbd_open_edpt_pair
 .text.usbd_edpt_open
                0x10004e90       0x44 CMakeFiles/HW8.dir/pico-sdk/lib/tinyusb/src/device/usbd.c.obj
                0x10004e90                usbd_edpt_open
 .text.usbd_edpt_claim
                0x10004ed4       0x24 CMakeFiles/HW8.dir/pico-sdk/lib/tinyusb/src/device/usbd.c.obj
                0x10004ed4                usbd_edpt_claim
 .text.usbd_edpt_release
                0x10004ef8       0x24 CMakeFiles/HW8.dir/pico-sdk/lib/tinyusb/src/device/usbd.c.obj
                0x10004ef8                usbd_edpt_release
 .text.usbd_edpt_xfer
                0x10004f1c       0x70 CMakeFiles/HW8.dir/pico-sdk/lib/tinyusb/src/device/usbd.c.obj
                0x10004f1c                usbd_edpt_xfer
 .text.tud_control_status
                0x10004f8c       0x34 CMakeFiles/HW8.dir/pico-sdk/lib/tinyusb/src/device/usbd_control.c.obj
                0x10004f8c                tud_control_status
 .text.tud_control_xfer
                0x10004fc0       0xb0 CMakeFiles/HW8.dir/pico-sdk/lib/tinyusb/src/device/usbd_control.c.obj
                0x10004fc0                tud_control_xfer
 .text.usbd_control_reset
                0x10005070       0x14 CMakeFiles/HW8.dir/pico-sdk/lib/tinyusb/src/device/usbd_control.c.obj
                0x10005070                usbd_control_reset
 .text.usbd_control_set_complete_callback
                0x10005084        0xc CMakeFiles/HW8.dir/pico-sdk/lib/tinyusb/src/device/usbd_control.c.obj
                0x10005084                usbd_control_set_complete_callback
 .text.usbd_control_set_request
                0x10005090       0x1c CMakeFiles/HW8.dir/pico-sdk/lib/tinyusb/src/device/usbd_control.c.obj
                0x10005090                usbd_control_set_request
 .text.usbd_control_xfer_cb
                0x100050ac      0x100 CMakeFiles/HW8.dir/pico-sdk/lib/tinyusb/src/device/usbd_control.c.obj
                0x100050ac                usbd_control_xfer_cb
 .text._prep_out_transaction.isra.0
                0x100051ac       0x74 CMakeFiles/HW8.dir/pico-sdk/lib/tinyusb/src/class/cdc/cdc_device.c.obj
 .text.tud_cdc_n_connected
                0x10005220       0x2c CMakeFiles/HW8.dir/pico-sdk/lib/tinyusb/src/class/cdc/cdc_device.c.obj
                0x10005220                tud_cdc_n_connected
 .text.tud_cdc_n_available
                0x1000524c       0x14 CMakeFiles/HW8.dir/pico-sdk/lib/tinyusb/src/class/cdc/cdc_device.c.obj
                0x1000524c                tud_cdc_n_available
 .text.tud_cdc_n_read
                0x10005260       0x90 CMakeFiles/HW8.dir/pico-sdk/lib/tinyusb/src/class/cdc/cdc_device.c.obj
                0x10005260                tud_cdc_n_read
 .text.tud_cdc_n_write_flush
                0x100052f0       0x8c CMakeFiles/HW8.dir/pico-sdk/lib/tinyusb/src/class/cdc/cdc_device.c.obj
                0x100052f0                tud_cdc_n_write_flush
 .text.tud_cdc_n_write
                0x1000537c       0x40 CMakeFiles/HW8.dir/pico-sdk/lib/tinyusb/src/class/cdc/cdc_device.c.obj
                0x1000537c                tud_cdc_n_write
 .text.tud_cdc_n_write_available
                0x100053bc       0x14 CMakeFiles/HW8.dir/pico-sdk/lib/tinyusb/src/class/cdc/cdc_device.c.obj
                0x100053bc                tud_cdc_n_write_available
 .text.cdcd_init
                0x100053d0       0x70 CMakeFiles/HW8.dir/pico-sdk/lib/tinyusb/src/class/cdc/cdc_device.c.obj
                0x100053d0                cdcd_init
 .text.cdcd_deinit
                0x10005440       0x30 CMakeFiles/HW8.dir/pico-sdk/lib/tinyusb/src/class/cdc/cdc_device.c.obj
                0x10005440                cdcd_deinit
 .text.cdcd_reset
                0x10005470       0x4c CMakeFiles/HW8.dir/pico-sdk/lib/tinyusb/src/class/cdc/cdc_device.c.obj
                0x10005470                cdcd_reset
 .text.cdcd_open
                0x100054bc       0xc0 CMakeFiles/HW8.dir/pico-sdk/lib/tinyusb/src/class/cdc/cdc_device.c.obj
                0x100054bc                cdcd_open
 .text.cdcd_control_xfer_cb
                0x1000557c       0xc0 CMakeFiles/HW8.dir/pico-sdk/lib/tinyusb/src/class/cdc/cdc_device.c.obj
                0x1000557c                cdcd_control_xfer_cb
 .text.cdcd_xfer_cb
                0x1000563c       0xf8 CMakeFiles/HW8.dir/pico-sdk/lib/tinyusb/src/class/cdc/cdc_device.c.obj
                0x1000563c                cdcd_xfer_cb
 .text.vendord_init
                0x10005734       0x5c CMakeFiles/HW8.dir/pico-sdk/lib/tinyusb/src/class/vendor/vendor_device.c.obj
                0x10005734                vendord_init
 .text.vendord_deinit
                0x10005790       0x1c CMakeFiles/HW8.dir/pico-sdk/lib/tinyusb/src/class/vendor/vendor_device.c.obj
                0x10005790                vendord_deinit
 .text.vendord_reset
                0x100057ac       0x24 CMakeFiles/HW8.dir/pico-sdk/lib/tinyusb/src/class/vendor/vendor_device.c.obj
                0x100057ac                vendord_reset
 .text.vendord_open
                0x100057d0       0xf4 CMakeFiles/HW8.dir/pico-sdk/lib/tinyusb/src/class/vendor/vendor_device.c.obj
                0x100057d0                vendord_open
 .text.vendord_xfer_cb
                0x100058c4       0x88 CMakeFiles/HW8.dir/pico-sdk/lib/tinyusb/src/class/vendor/vendor_device.c.obj
                0x100058c4                vendord_xfer_cb
 .text.tusb_rhport_init
                0x1000594c       0x64 CMakeFiles/HW8.dir/pico-sdk/lib/tinyusb/src/tusb.c.obj
                0x1000594c                tusb_rhport_init
 .text.tu_edpt_claim
                0x100059b0       0x54 CMakeFiles/HW8.dir/pico-sdk/lib/tinyusb/src/tusb.c.obj
                0x100059b0                tu_edpt_claim
 .text.tu_edpt_release
                0x10005a04       0x38 CMakeFiles/HW8.dir/pico-sdk/lib/tinyusb/src/tusb.c.obj
                0x10005a04                tu_edpt_release
 .text.tu_edpt_validate
                0x10005a3c       0x60 CMakeFiles/HW8.dir/pico-sdk/lib/tinyusb/src/tusb.c.obj
                0x10005a3c                tu_edpt_validate
 .text.tu_edpt_bind_driver
                0x10005a9c       0x58 CMakeFiles/HW8.dir/pico-sdk/lib/tinyusb/src/tusb.c.obj
                0x10005a9c                tu_edpt_bind_driver
 .text.tu_edpt_stream_init
                0x10005af4       0x58 CMakeFiles/HW8.dir/pico-sdk/lib/tinyusb/src/tusb.c.obj
                0x10005af4                tu_edpt_stream_init
 .text.tu_edpt_stream_deinit
                0x10005b4c        0x4 CMakeFiles/HW8.dir/pico-sdk/lib/tinyusb/src/tusb.c.obj
                0x10005b4c                tu_edpt_stream_deinit
 .text.tu_edpt_stream_write_zlp_if_needed
                0x10005b50       0x68 CMakeFiles/HW8.dir/pico-sdk/lib/tinyusb/src/tusb.c.obj
                0x10005b50                tu_edpt_stream_write_zlp_if_needed
 .text.tu_edpt_stream_write_xfer
                0x10005bb8       0x70 CMakeFiles/HW8.dir/pico-sdk/lib/tinyusb/src/tusb.c.obj
                0x10005bb8                tu_edpt_stream_write_xfer
 .text.tu_edpt_stream_read_xfer
                0x10005c28       0xc8 CMakeFiles/HW8.dir/pico-sdk/lib/tinyusb/src/tusb.c.obj
                0x10005c28                tu_edpt_stream_read_xfer
 .text.tu_fifo_config
                0x10005cf0       0x60 CMakeFiles/HW8.dir/pico-sdk/lib/tinyusb/src/common/tusb_fifo.c.obj
                0x10005cf0                tu_fifo_config
 .text.tu_fifo_count
                0x10005d50       0x20 CMakeFiles/HW8.dir/pico-sdk/lib/tinyusb/src/common/tusb_fifo.c.obj
                0x10005d50                tu_fifo_count
 .text.tu_fifo_empty
                0x10005d70       0x14 CMakeFiles/HW8.dir/pico-sdk/lib/tinyusb/src/common/tusb_fifo.c.obj
                0x10005d70                tu_fifo_empty
 .text.tu_fifo_remaining
                0x10005d84       0x24 CMakeFiles/HW8.dir/pico-sdk/lib/tinyusb/src/common/tusb_fifo.c.obj
                0x10005d84                tu_fifo_remaining
 .text.tu_fifo_read
                0x10005da8       0x94 CMakeFiles/HW8.dir/pico-sdk/lib/tinyusb/src/common/tusb_fifo.c.obj
                0x10005da8                tu_fifo_read
 .text.tu_fifo_read_n
                0x10005e3c       0xd8 CMakeFiles/HW8.dir/pico-sdk/lib/tinyusb/src/common/tusb_fifo.c.obj
                0x10005e3c                tu_fifo_read_n
 .text.tu_fifo_write
                0x10005f14       0xa4 CMakeFiles/HW8.dir/pico-sdk/lib/tinyusb/src/common/tusb_fifo.c.obj
                0x10005f14                tu_fifo_write
 .text.tu_fifo_write_n
                0x10005fb8      0x15c CMakeFiles/HW8.dir/pico-sdk/lib/tinyusb/src/common/tusb_fifo.c.obj
                0x10005fb8                tu_fifo_write_n
 .text.tu_fifo_clear
                0x10006114       0x38 CMakeFiles/HW8.dir/pico-sdk/lib/tinyusb/src/common/tusb_fifo.c.obj
                0x10006114                tu_fifo_clear
 .text.tu_fifo_set_overwritable
                0x1000614c       0x3c CMakeFiles/HW8.dir/pico-sdk/lib/tinyusb/src/common/tusb_fifo.c.obj
                0x1000614c                tu_fifo_set_overwritable
 .text.spi_init
                0x10006188       0xf4 CMakeFiles/HW8.dir/pico-sdk/src/rp2_common/hardware_spi/spi.c.obj
                0x10006188                spi_init
 .text.memset   0x1000627c       0x9c C:/Users/jianu/.pico-sdk/toolchain/14_2_Rel1/bin/../lib/gcc/arm-none-eabi/14.2.1/thumb/v8-m.main+fp/softfp\libg.a(libc_a-memset.o)
                0x1000627c                memset
 .text          0x10006318       0xec C:/Users/jianu/.pico-sdk/toolchain/14_2_Rel1/bin/../lib/gcc/arm-none-eabi/14.2.1/thumb/v8-m.main+fp/softfp\libg.a(libc_a-memcpy.o)
                0x10006318                memcpy
 .text.strlen   0x10006404       0x5c C:/Users/jianu/.pico-sdk/toolchain/14_2_Rel1/bin/../lib/gcc/arm-none-eabi/14.2.1/thumb/v8-m.main+fp/softfp\libg.a(libc_a-strlen-stub.o)
                0x10006404                strlen
 *(.fini)
 .fini          0x10006460        0x4 C:/Users/jianu/.pico-sdk/toolchain/14_2_Rel1/bin/../lib/gcc/arm-none-eabi/14.2.1/thumb/v8-m.main+fp/softfp/crti.o
                0x10006460                _fini
 *fill*         0x10006464        0x4 
 .fini.__stub   0x10006468       0x68 linker stubs
 *crtbegin.o(.ctors)
 *crtbegin?.o(.ctors)
 *(EXCLUDE_FILE(*crtend.o *crtend?.o) .ctors)
 *(SORT_BY_NAME(.ctors.*))
 *(.ctors)
 *crtbegin.o(.dtors)
 *crtbegin?.o(.dtors)
 *(EXCLUDE_FILE(*crtend.o *crtend?.o) .dtors)
 *(SORT_BY_NAME(.dtors.*))
 *(.dtors)
                0x100064d0                        . = ALIGN (0x4)
                0x100064d0                        PROVIDE (__preinit_array_start = .)
 *(SORT_BY_NAME(.preinit_array.*))
 .preinit_array.00050
                0x100064d0        0x4 CMakeFiles/HW8.dir/pico-sdk/src/rp2_common/pico_runtime_init/runtime_init.c.obj
                0x100064d0                __pre_init_runtime_init_bootrom_reset
 .preinit_array.00100
                0x100064d4        0x4 CMakeFiles/HW8.dir/pico-sdk/src/rp2_common/pico_runtime_init/runtime_init.c.obj
                0x100064d4                __pre_init_runtime_init_early_resets
 .preinit_array.00101
                0x100064d8        0x4 CMakeFiles/HW8.dir/pico-sdk/src/rp2_common/pico_runtime_init/runtime_init.c.obj
                0x100064d8                __pre_init_runtime_init_usb_power_down
 .preinit_array.00500
                0x100064dc        0x4 CMakeFiles/HW8.dir/pico-sdk/src/rp2_common/pico_runtime_init/runtime_init.c.obj
                0x100064dc                __pre_init_runtime_init_clocks
 .preinit_array.00600
                0x100064e0        0x4 CMakeFiles/HW8.dir/pico-sdk/src/rp2_common/pico_runtime_init/runtime_init.c.obj
                0x100064e0                __pre_init_runtime_init_post_clock_resets
 .preinit_array.01000
                0x100064e4        0x4 CMakeFiles/HW8.dir/pico-sdk/src/rp2_common/hardware_boot_lock/boot_lock.c.obj
                0x100064e4                __pre_init_runtime_init_boot_locks_reset
 .preinit_array.01000
                0x100064e8        0x4 CMakeFiles/HW8.dir/pico-sdk/src/rp2_common/pico_runtime_init/runtime_init.c.obj
                0x100064e8                __pre_init_runtime_init_spin_locks_reset
 .preinit_array.01010
                0x100064ec        0x4 CMakeFiles/HW8.dir/pico-sdk/src/rp2_common/pico_bootrom/bootrom_lock.c.obj
                0x100064ec                __pre_init_runtime_init_bootrom_locking_enable
 .preinit_array.01100
                0x100064f0        0x4 CMakeFiles/HW8.dir/pico-sdk/src/common/pico_sync/mutex.c.obj
                0x100064f0                __pre_init_runtime_init_mutex
 .preinit_array.10080
                0x100064f4        0x4 CMakeFiles/HW8.dir/pico-sdk/src/rp2_common/pico_runtime_init/runtime_init.c.obj
                0x100064f4                __pre_init_runtime_init_install_ram_vector_table
 .preinit_array.11000
                0x100064f8        0x4 CMakeFiles/HW8.dir/pico-sdk/src/common/pico_time/time.c.obj
                0x100064f8                __pre_init_runtime_init_default_alarm_pool
 .preinit_array.YYYYY
                0x100064fc        0x4 CMakeFiles/HW8.dir/pico-sdk/src/rp2_common/pico_runtime/runtime.c.obj
                0x100064fc                __pre_init_first_per_core_initializer
 .preinit_array.ZZZZZ.00051
                0x10006500        0x4 CMakeFiles/HW8.dir/pico-sdk/src/rp2_common/pico_runtime_init/runtime_init.c.obj
                0x10006500                __pre_init_runtime_init_per_core_bootrom_reset
 .preinit_array.ZZZZZ.00200
                0x10006504        0x4 CMakeFiles/HW8.dir/pico-sdk/src/rp2_common/pico_runtime_init/runtime_init.c.obj
                0x10006504                __pre_init_runtime_init_per_core_enable_coprocessors
 .preinit_array.ZZZZZ.01000
                0x10006508        0x4 CMakeFiles/HW8.dir/pico-sdk/src/rp2_common/hardware_sync_spin_lock/sync_spin_lock.c.obj
                0x10006508                __pre_init_spinlock_set_extexclall
 .preinit_array.ZZZZZ.01200
                0x1000650c        0x4 CMakeFiles/HW8.dir/pico-sdk/src/rp2_common/hardware_irq/irq.c.obj
                0x1000650c                __pre_init_runtime_init_per_core_irq_priorities
 *(.preinit_array)
                0x10006510                        PROVIDE (__preinit_array_end = .)
                0x10006510                        . = ALIGN (0x4)
                0x10006510                        PROVIDE (__init_array_start = .)
 *(SORT_BY_NAME(.init_array.*))
 .init_array.01000
                0x10006510        0x4 CMakeFiles/HW8.dir/pico-sdk/src/rp2_common/pico_unique_id/unique_id.c.obj
 *(.init_array)
 .init_array    0x10006514        0x4 C:/Users/jianu/.pico-sdk/toolchain/14_2_Rel1/bin/../lib/gcc/arm-none-eabi/14.2.1/thumb/v8-m.main+fp/softfp/crtbegin.o
                0x10006518                        PROVIDE (__init_array_end = .)
                0x10006518                        . = ALIGN (0x4)
                [!provide]                        PROVIDE (__fini_array_start = .)
 *(SORT_BY_NAME(.fini_array.*))
 *(.fini_array)
                [!provide]                        PROVIDE (__fini_array_end = .)
 *(.eh_frame*)
 .eh_frame      0x10006518        0x0 C:/Users/jianu/.pico-sdk/toolchain/14_2_Rel1/bin/../lib/gcc/arm-none-eabi/14.2.1/thumb/v8-m.main+fp/softfp/crtbegin.o
                0x10006518                        . = ALIGN (0x4)

.glue_7         0x10006518        0x0
 .glue_7        0x10006518        0x0 linker stubs

.glue_7t        0x10006518        0x0
 .glue_7t       0x10006518        0x0 linker stubs

.vfp11_veneer   0x10006518        0x0
 .vfp11_veneer  0x10006518        0x0 linker stubs

.v4_bx          0x10006518        0x0
 .v4_bx         0x10006518        0x0 linker stubs

.iplt           0x10006518        0x0
 .iplt          0x10006518        0x0 C:/Users/jianu/.pico-sdk/toolchain/14_2_Rel1/bin/../lib/gcc/arm-none-eabi/14.2.1/thumb/v8-m.main+fp/softfp/crtbegin.o

.boot2          0x10006518        0x0
                0x10006518                        __boot2_start__ = .
 *(.boot2)
                0x10006518                        __boot2_end__ = .
                0x00000001                        ASSERT (((__boot2_end__ - __boot2_start__) <= 0x100), ERROR: Pico second stage bootloader must be no more than 256 bytes in size)

.rodata         0x10006518      0x3cc
 *(EXCLUDE_FILE(*libm.a: *libc.a:*lib_a-mem*.o *libgcc.a:) .rodata*)
 .rodata.playback_loop.str1.4
                0x10006518      0x16c CMakeFiles/HW8.dir/main.c.obj
                                  0x4 (size before relaxing)
 .rodata.panic.str1.4
                0x10006684       0x12 CMakeFiles/HW8.dir/pico-sdk/src/rp2_common/pico_platform_panic/panic.c.obj
 .rodata.spin_lock_claim_unused.str1.4
                0x10006684       0x1b CMakeFiles/HW8.dir/pico-sdk/src/rp2_common/hardware_sync/sync.c.obj
 .rodata.user_irq_claim_unused.str1.4
                0x10006684       0x1b CMakeFiles/HW8.dir/pico-sdk/src/rp2_common/hardware_irq/irq.c.obj
 .rodata.timer_hardware_alarm_claim.str1.4
                0x10006684       0x22 CMakeFiles/HW8.dir/pico-sdk/src/rp2_common/hardware_timer/timer.c.obj
 .rodata.hard_assertion_failure.str1.4
                0x10006684        0xc CMakeFiles/HW8.dir/pico-sdk/src/rp2_common/pico_runtime/runtime.c.obj
 .rodata.str1.4
                0x10006684       0x38 CMakeFiles/HW8.dir/pico-sdk/src/rp2_common/pico_standard_binary_info/standard_binary_info.c.obj
 .rodata.__bi_84
                0x10006684        0xc CMakeFiles/HW8.dir/pico-sdk/src/rp2_common/pico_standard_binary_info/standard_binary_info.c.obj
 .rodata.__bi_78
                0x10006690        0xc CMakeFiles/HW8.dir/pico-sdk/src/rp2_common/pico_standard_binary_info/standard_binary_info.c.obj
 .rodata.__bi_54
                0x1000669c        0xc CMakeFiles/HW8.dir/pico-sdk/src/rp2_common/pico_standard_binary_info/standard_binary_info.c.obj
 .rodata.__bi_48
                0x100066a8        0xc CMakeFiles/HW8.dir/pico-sdk/src/rp2_common/pico_standard_binary_info/standard_binary_info.c.obj
 .rodata.__bi_42
                0x100066b4        0xc CMakeFiles/HW8.dir/pico-sdk/src/rp2_common/pico_standard_binary_info/standard_binary_info.c.obj
 .rodata.__bi_34
                0x100066c0        0xc CMakeFiles/HW8.dir/pico-sdk/src/rp2_common/pico_standard_binary_info/standard_binary_info.c.obj
 .rodata.__bi_26
                0x100066cc        0xc CMakeFiles/HW8.dir/pico-sdk/src/rp2_common/pico_standard_binary_info/standard_binary_info.c.obj
 .rodata._ftoa.str1.4
                0x100066d8       0x15 CMakeFiles/HW8.dir/pico-sdk/src/rp2_common/pico_printf/printf.c.obj
 .rodata.pow10.0
                0x100066d8       0x50 CMakeFiles/HW8.dir/pico-sdk/src/rp2_common/pico_printf/printf.c.obj
 .rodata.crlf_str.0
                0x10006728        0x2 CMakeFiles/HW8.dir/pico-sdk/src/rp2_common/pico_stdio/stdio.c.obj
 *fill*         0x1000672a        0x2 
 .rodata._resetd_driver
                0x1000672c       0x20 CMakeFiles/HW8.dir/pico-sdk/src/rp2_common/pico_stdio_usb/reset_interface.c.obj
 .rodata.desc_ms_os_20
                0x1000674c       0xa6 CMakeFiles/HW8.dir/pico-sdk/src/rp2_common/pico_stdio_usb/reset_interface.c.obj
 *fill*         0x100067f2        0x2 
 .rodata.desc_bos
                0x100067f4       0x21 CMakeFiles/HW8.dir/pico-sdk/src/rp2_common/pico_stdio_usb/reset_interface.c.obj
                0x100067f4                desc_bos
 .rodata.str1.4
                0x10006815       0x13 CMakeFiles/HW8.dir/pico-sdk/src/rp2_common/pico_stdio_usb/stdio_usb.c.obj
 *fill*         0x10006815        0x3 
 .rodata.__bi_202.0
                0x10006818        0xc CMakeFiles/HW8.dir/pico-sdk/src/rp2_common/pico_stdio_usb/stdio_usb.c.obj
 .rodata.str1.4
                0x10006824       0x2a CMakeFiles/HW8.dir/pico-sdk/src/rp2_common/pico_stdio_usb/stdio_usb_descriptors.c.obj
 .rodata.usbd_desc_str
                0x10006824       0x18 CMakeFiles/HW8.dir/pico-sdk/src/rp2_common/pico_stdio_usb/stdio_usb_descriptors.c.obj
 .rodata.usbd_desc_cfg
                0x1000683c       0x54 CMakeFiles/HW8.dir/pico-sdk/src/rp2_common/pico_stdio_usb/stdio_usb_descriptors.c.obj
 .rodata.usbd_desc_device
                0x10006890       0x12 CMakeFiles/HW8.dir/pico-sdk/src/rp2_common/pico_stdio_usb/stdio_usb_descriptors.c.obj
 .rodata.str1.4
                0x100068a2       0x14 CMakeFiles/HW8.dir/pico-sdk/lib/tinyusb/src/portable/raspberrypi/rp2040/dcd_rp2040.c.obj
 .rodata.str1.4
                0x100068a2       0x48 CMakeFiles/HW8.dir/pico-sdk/lib/tinyusb/src/portable/raspberrypi/rp2040/rp2040_usb.c.obj
 *fill*         0x100068a2        0x2 
 .rodata._usbd_driver
                0x100068a4       0x40 CMakeFiles/HW8.dir/pico-sdk/lib/tinyusb/src/device/usbd.c.obj
 *(.srodata*)
                0x100068e4                        . = ALIGN (0x4)
 *(SORT_BY_ALIGNMENT(SORT_BY_NAME(.flashdata*)))
                0x100068e4                        . = ALIGN (0x4)

.ARM.extab
 *(.ARM.extab* .gnu.linkonce.armextab.*)
                0x100068e4                        __exidx_start = .

.ARM.exidx      0x100068e4        0x8
 *(.ARM.exidx* .gnu.linkonce.armexidx.*)
 .ARM.exidx     0x100068e4        0x8 C:/Users/jianu/.pico-sdk/toolchain/14_2_Rel1/bin/../lib/gcc/arm-none-eabi/14.2.1/thumb/v8-m.main+fp/softfp\libg.a(libc_a-memcpy.o)
 .ARM.exidx.text.__udivmoddi4
                0x100068ec        0x0 C:/Users/jianu/.pico-sdk/toolchain/14_2_Rel1/bin/../lib/gcc/arm-none-eabi/14.2.1/thumb/v8-m.main+fp/softfp\libgcc.a(_udivmoddi4.o)
                                  0x8 (size before relaxing)
                0x100068ec                        __exidx_end = .
                0x100068ec                        . = ALIGN (0x4)
                0x100068ec                        __binary_info_start = .

.binary_info    0x100068ec       0x20
 *(.binary_info.keep.*)
 .binary_info.keep.__bi_ptr84
                0x100068ec        0x4 CMakeFiles/HW8.dir/pico-sdk/src/rp2_common/pico_standard_binary_info/standard_binary_info.c.obj
 .binary_info.keep.__bi_ptr78
                0x100068f0        0x4 CMakeFiles/HW8.dir/pico-sdk/src/rp2_common/pico_standard_binary_info/standard_binary_info.c.obj
 .binary_info.keep.__bi_ptr54
                0x100068f4        0x4 CMakeFiles/HW8.dir/pico-sdk/src/rp2_common/pico_standard_binary_info/standard_binary_info.c.obj
 .binary_info.keep.__bi_ptr48
                0x100068f8        0x4 CMakeFiles/HW8.dir/pico-sdk/src/rp2_common/pico_standard_binary_info/standard_binary_info.c.obj
 .binary_info.keep.__bi_ptr42
                0x100068fc        0x4 CMakeFiles/HW8.dir/pico-sdk/src/rp2_common/pico_standard_binary_info/standard_binary_info.c.obj
 .binary_info.keep.__bi_ptr34
                0x10006900        0x4 CMakeFiles/HW8.dir/pico-sdk/src/rp2_common/pico_standard_binary_info/standard_binary_info.c.obj
 .binary_info.keep.__bi_ptr26
                0x10006904        0x4 CMakeFiles/HW8.dir/pico-sdk/src/rp2_common/pico_standard_binary_info/standard_binary_info.c.obj
 *(.binary_info.*)
 .binary_info.__bi_ptr202
                0x10006908        0x4 CMakeFiles/HW8.dir/pico-sdk/src/rp2_common/pico_stdio_usb/stdio_usb.c.obj
                0x1000690c                        __binary_info_end = .
                0x1000690c                        . = ALIGN (0x4)

.ram_vector_table
                0x20000000      0x110
 *(.ram_vector_table)
 .ram_vector_table
                0x20000000      0x110 CMakeFiles/HW8.dir/pico-sdk/src/rp2_common/pico_runtime_init/runtime_init.c.obj
                0x20000000                ram_vector_table

.uninitialized_data
                0x20000110        0x0
                0x20000110                        . = ALIGN (0x4)
 *(.uninitialized_data*)

.data           0x20000110     0x15a4 load address 0x1000690c
                0x20000110                        __data_start__ = .
 *(vtable)
 *(.time_critical*)
 .time_critical.mutex_try_enter
                0x20000110       0x50 CMakeFiles/HW8.dir/pico-sdk/src/common/pico_sync/mutex.c.obj
                0x20000110                mutex_try_enter
 .time_critical.mutex_enter_block_until
                0x20000160       0x6c CMakeFiles/HW8.dir/pico-sdk/src/common/pico_sync/mutex.c.obj
                0x20000160                mutex_enter_block_until
 .time_critical.mutex_try_enter_block_until
                0x200001cc       0x68 CMakeFiles/HW8.dir/pico-sdk/src/common/pico_sync/mutex.c.obj
                0x200001cc                mutex_try_enter_block_until
 .time_critical.mutex_enter_timeout_ms
                0x20000234       0x38 CMakeFiles/HW8.dir/pico-sdk/src/common/pico_sync/mutex.c.obj
                0x20000234                mutex_enter_timeout_ms
 .time_critical.mutex_exit
                0x2000026c       0x3c CMakeFiles/HW8.dir/pico-sdk/src/common/pico_sync/mutex.c.obj
                0x2000026c                mutex_exit
 .time_critical.reset_non_control_endpoints
                0x200002a8       0x64 CMakeFiles/HW8.dir/pico-sdk/lib/tinyusb/src/portable/raspberrypi/rp2040/dcd_rp2040.c.obj
 .time_critical.hw_handle_buff_status
                0x2000030c       0x90 CMakeFiles/HW8.dir/pico-sdk/lib/tinyusb/src/portable/raspberrypi/rp2040/dcd_rp2040.c.obj
 .time_critical.dcd_rp2040_irq
                0x2000039c      0x530 CMakeFiles/HW8.dir/pico-sdk/lib/tinyusb/src/portable/raspberrypi/rp2040/dcd_rp2040.c.obj
 .time_critical.prepare_ep_buffer
                0x200008cc       0xc0 CMakeFiles/HW8.dir/pico-sdk/lib/tinyusb/src/portable/raspberrypi/rp2040/rp2040_usb.c.obj
 .time_critical.sync_ep_buffer
                0x2000098c       0xb4 CMakeFiles/HW8.dir/pico-sdk/lib/tinyusb/src/portable/raspberrypi/rp2040/rp2040_usb.c.obj
 .time_critical._hw_endpoint_xfer_sync
                0x20000a40       0x2c CMakeFiles/HW8.dir/pico-sdk/lib/tinyusb/src/portable/raspberrypi/rp2040/rp2040_usb.c.obj
 .time_critical.e15_is_bulkin_ep
                0x20000a6c       0x28 CMakeFiles/HW8.dir/pico-sdk/lib/tinyusb/src/portable/raspberrypi/rp2040/rp2040_usb.c.obj
 .time_critical.e15_is_critical_frame_period
                0x20000a94       0x28 CMakeFiles/HW8.dir/pico-sdk/lib/tinyusb/src/portable/raspberrypi/rp2040/rp2040_usb.c.obj
 .time_critical.hw_endpoint_reset_transfer
                0x20000abc        0xc CMakeFiles/HW8.dir/pico-sdk/lib/tinyusb/src/portable/raspberrypi/rp2040/rp2040_usb.c.obj
                0x20000abc                hw_endpoint_reset_transfer
 .time_critical._hw_endpoint_buffer_control_update32
                0x20000ac8       0x44 CMakeFiles/HW8.dir/pico-sdk/lib/tinyusb/src/portable/raspberrypi/rp2040/rp2040_usb.c.obj
                0x20000ac8                _hw_endpoint_buffer_control_update32
 .time_critical.hw_endpoint_start_next_buffer
                0x20000b0c       0x64 CMakeFiles/HW8.dir/pico-sdk/lib/tinyusb/src/portable/raspberrypi/rp2040/rp2040_usb.c.obj
                0x20000b0c                hw_endpoint_start_next_buffer
 .time_critical.hw_endpoint_xfer_continue
                0x20000b70       0x3c CMakeFiles/HW8.dir/pico-sdk/lib/tinyusb/src/portable/raspberrypi/rp2040/rp2040_usb.c.obj
                0x20000b70                hw_endpoint_xfer_continue
 .time_critical.tinyusb
                0x20000bac      0x224 CMakeFiles/HW8.dir/pico-sdk/lib/tinyusb/src/device/usbd.c.obj
                0x20000bac                dcd_event_handler
 .time_critical.spi_write_blocking
                0x20000dd0       0x90 CMakeFiles/HW8.dir/pico-sdk/src/rp2_common/hardware_spi/spi.c.obj
                0x20000dd0                spi_write_blocking
 .time_critical.spi_read_blocking
                0x20000e60       0x88 CMakeFiles/HW8.dir/pico-sdk/src/rp2_common/hardware_spi/spi.c.obj
                0x20000e60                spi_read_blocking
 *(.text*)
 .text          0x20000ee8      0x378 C:/Users/jianu/.pico-sdk/toolchain/14_2_Rel1/bin/../lib/gcc/arm-none-eabi/14.2.1/thumb/v8-m.main+fp/softfp\libgcc.a(_arm_addsubdf3.o)
                0x20000ee8                __aeabi_drsub
                0x20000ef0                __aeabi_dsub
                0x20000ef0                __subdf3
                0x20000ef4                __aeabi_dadd
                0x20000ef4                __adddf3
                0x2000116c                __floatunsidf
                0x2000116c                __aeabi_ui2d
                0x2000118c                __floatsidf
                0x2000118c                __aeabi_i2d
                0x200011b0                __aeabi_f2d
                0x200011b0                __extendsfdf2
                0x200011f4                __floatundidf
                0x200011f4                __aeabi_ul2d
                0x20001204                __floatdidf
                0x20001204                __aeabi_l2d
 .text          0x20001260       0x30 C:/Users/jianu/.pico-sdk/toolchain/14_2_Rel1/bin/../lib/gcc/arm-none-eabi/14.2.1/thumb/v8-m.main+fp/softfp\libgcc.a(_aeabi_uldivmod.o)
                0x20001260                __aeabi_uldivmod
 .text.__udivmoddi4
                0x20001290      0x34c C:/Users/jianu/.pico-sdk/toolchain/14_2_Rel1/bin/../lib/gcc/arm-none-eabi/14.2.1/thumb/v8-m.main+fp/softfp\libgcc.a(_udivmoddi4.o)
                0x20001290                __udivmoddi4
 .text          0x200015dc        0x4 C:/Users/jianu/.pico-sdk/toolchain/14_2_Rel1/bin/../lib/gcc/arm-none-eabi/14.2.1/thumb/v8-m.main+fp/softfp\libgcc.a(_dvmd_tls.o)
                0x200015dc                __aeabi_idiv0
                0x200015dc                __aeabi_ldiv0
 .text.__stub   0x200015e0       0x30 linker stubs
                0x20001610                        . = ALIGN (0x4)
 *(.rodata*)
                0x20001610                        . = ALIGN (0x4)
 *(.data*)
 .data.striped_spin_lock_num
                0x20001610        0x1 CMakeFiles/HW8.dir/pico-sdk/src/rp2_common/hardware_sync/sync.c.obj
 *fill*         0x20001611        0x3 
 .data          0x20001614       0x48 CMakeFiles/HW8.dir/pico-sdk/src/rp2_common/hardware_irq/irq_handler_chain.S.obj
                0x20001614                irq_handler_chain_slots
                0x20001644                irq_handler_chain_first_slot
                0x2000164e                irq_handler_chain_remove_tail
 .data.default_alarm_pool
                0x2000165c       0x18 CMakeFiles/HW8.dir/pico-sdk/src/common/pico_time/time.c.obj
 .data.stdio_usb
                0x20001674       0x18 CMakeFiles/HW8.dir/pico-sdk/src/rp2_common/pico_stdio_usb/stdio_usb.c.obj
                0x20001674                stdio_usb
 .data._usbd_qdef
                0x2000168c       0x1c CMakeFiles/HW8.dir/pico-sdk/lib/tinyusb/src/device/usbd.c.obj
                0x2000168c                _usbd_qdef
 .data._usbd_rhport
                0x200016a8        0x1 CMakeFiles/HW8.dir/pico-sdk/lib/tinyusb/src/device/usbd.c.obj
 *(.sdata*)
                0x200016ac                        . = ALIGN (0x4)
 *fill*         0x200016a9        0x3 
 *(.after_data.*)
                0x200016ac                        . = ALIGN (0x4)
                0x200016ac                        PROVIDE (__mutex_array_start = .)
 *(SORT_BY_NAME(.mutex_array.*))
 *(.mutex_array)
 .mutex_array   0x200016ac        0x8 CMakeFiles/HW8.dir/pico-sdk/src/rp2_common/pico_stdio/stdio.c.obj
                0x200016b4                        PROVIDE (__mutex_array_end = .)
 *(.jcr)
                0x200016b4                        . = ALIGN (0x4)

.tm_clone_table
                0x200016b4        0x0 load address 0x10007eb0
 .tm_clone_table
                0x200016b4        0x0 C:/Users/jianu/.pico-sdk/toolchain/14_2_Rel1/bin/../lib/gcc/arm-none-eabi/14.2.1/thumb/v8-m.main+fp/softfp/crtbegin.o
 .tm_clone_table
                0x200016b4        0x0 C:/Users/jianu/.pico-sdk/toolchain/14_2_Rel1/bin/../lib/gcc/arm-none-eabi/14.2.1/thumb/v8-m.main+fp/softfp/crtend.o

.igot.plt       0x200016b4        0x0 load address 0x10007eb0
 .igot.plt      0x200016b4        0x0 C:/Users/jianu/.pico-sdk/toolchain/14_2_Rel1/bin/../lib/gcc/arm-none-eabi/14.2.1/thumb/v8-m.main+fp/softfp/crtbegin.o

.tdata          0x200016b4        0x0 load address 0x10007eb0
                0x200016b4                        . = ALIGN (0x4)
 *(.tdata .tdata.* .gnu.linkonce.td.*)
                0x200016b4                        __tdata_end = .
                0x200016b4                        PROVIDE (__data_end__ = .)
                0x1000690c                        __etext = LOADADDR (.data)

.tbss           0x200016b4        0x0 load address 0x10007eb0
                0x200016b4                        . = ALIGN (0x4)
                0x200016b4                        __bss_start__ = .
                0x200016b4                        __tls_base = .
 *(.tbss .tbss.* .gnu.linkonce.tb.*)
 *(.tcommon)
                0x200016b4                        __tls_end = .

.bss            0x200016b8      0xc28 load address 0x10007eb0
                0x200016b8                        . = ALIGN (0x4)
                0x200016b8                        __tbss_end = .
 *(SORT_BY_ALIGNMENT(SORT_BY_NAME(.bss*)))
 .bss.default_alarm_pool_entries
                0x200016b8      0x180 CMakeFiles/HW8.dir/pico-sdk/src/common/pico_time/time.c.obj
 .bss.last_avail_time.1
                0x20001838        0x8 CMakeFiles/HW8.dir/pico-sdk/src/rp2_common/pico_stdio_usb/stdio_usb.c.obj
 .bss._app_driver
                0x20001840        0x4 CMakeFiles/HW8.dir/pico-sdk/lib/tinyusb/src/device/usbd.c.obj
 .bss._cdcd_epbuf
                0x20001844       0x80 CMakeFiles/HW8.dir/pico-sdk/lib/tinyusb/src/class/cdc/cdc_device.c.obj
 .bss._cdcd_fifo_cfg
                0x200018c4        0x1 CMakeFiles/HW8.dir/pico-sdk/lib/tinyusb/src/class/cdc/cdc_device.c.obj
 *fill*         0x200018c5        0x3 
 .bss._cdcd_itf
                0x200018c8       0xc8 CMakeFiles/HW8.dir/pico-sdk/lib/tinyusb/src/class/cdc/cdc_device.c.obj
 .bss._ctrl_epbuf
                0x20001990       0x40 CMakeFiles/HW8.dir/pico-sdk/lib/tinyusb/src/device/usbd_control.c.obj
 .bss._ctrl_xfer
                0x200019d0       0x14 CMakeFiles/HW8.dir/pico-sdk/lib/tinyusb/src/device/usbd_control.c.obj
 .bss._sw_spin_locks
                0x200019e4       0x20 CMakeFiles/HW8.dir/pico-sdk/src/rp2_common/hardware_sync_spin_lock/sync_spin_lock.c.obj
                0x200019e4                _sw_spin_locks
 .bss._tusb_rhport_role
                0x20001a04        0x2 CMakeFiles/HW8.dir/pico-sdk/lib/tinyusb/src/tusb.c.obj
                0x20001a04                _tusb_rhport_role
 *fill*         0x20001a06        0x2 
 .bss._ubsd_mutexdef
                0x20001a08        0x8 CMakeFiles/HW8.dir/pico-sdk/lib/tinyusb/src/device/usbd.c.obj
 .bss._usbd_dev
                0x20001a10       0x54 CMakeFiles/HW8.dir/pico-sdk/lib/tinyusb/src/device/usbd.c.obj
 .bss._usbd_mutex
                0x20001a64        0x4 CMakeFiles/HW8.dir/pico-sdk/lib/tinyusb/src/device/usbd.c.obj
 .bss._usbd_q   0x20001a68        0x4 CMakeFiles/HW8.dir/pico-sdk/lib/tinyusb/src/device/usbd.c.obj
 .bss._usbd_qdef_buf
                0x20001a6c       0xc0 CMakeFiles/HW8.dir/pico-sdk/lib/tinyusb/src/device/usbd.c.obj
                0x20001a6c                _usbd_qdef_buf
 .bss._vendord_epbuf
                0x20001b2c       0x80 CMakeFiles/HW8.dir/pico-sdk/lib/tinyusb/src/class/vendor/vendor_device.c.obj
 .bss._vendord_itf
                0x20001bac      0x24c CMakeFiles/HW8.dir/pico-sdk/lib/tinyusb/src/class/vendor/vendor_device.c.obj
 .bss.chars_available_callback
                0x20001df8        0x4 CMakeFiles/HW8.dir/pico-sdk/src/rp2_common/pico_stdio_usb/stdio_usb.c.obj
 .bss.chars_available_param
                0x20001dfc        0x4 CMakeFiles/HW8.dir/pico-sdk/src/rp2_common/pico_stdio_usb/stdio_usb.c.obj
 .bss.claimed   0x20001e00        0x4 CMakeFiles/HW8.dir/pico-sdk/src/rp2_common/hardware_sync/sync.c.obj
 .bss.claimed   0x20001e04        0x2 CMakeFiles/HW8.dir/pico-sdk/src/rp2_common/hardware_timer/timer.c.obj
 *fill*         0x20001e06        0x2 
 .bss.configured_freq
                0x20001e08       0x28 CMakeFiles/HW8.dir/pico-sdk/src/rp2_common/hardware_clocks/clocks.c.obj
 .bss.desc_str.0
                0x20001e30       0x28 CMakeFiles/HW8.dir/pico-sdk/src/rp2_common/pico_stdio_usb/stdio_usb_descriptors.c.obj
 .bss.drivers   0x20001e58        0x4 CMakeFiles/HW8.dir/pico-sdk/src/rp2_common/pico_stdio/stdio.c.obj
 .bss.e15_last_sof
                0x20001e5c        0x4 CMakeFiles/HW8.dir/pico-sdk/lib/tinyusb/src/portable/raspberrypi/rp2040/rp2040_usb.c.obj
                0x20001e5c                e15_last_sof
 .bss.filter    0x20001e60        0x4 CMakeFiles/HW8.dir/pico-sdk/src/rp2_common/pico_stdio/stdio.c.obj
 .bss.hw_endpoints
                0x20001e64      0x400 CMakeFiles/HW8.dir/pico-sdk/lib/tinyusb/src/portable/raspberrypi/rp2040/dcd_rp2040.c.obj
 .bss.lazy_vsnprintf
                0x20002264        0x4 CMakeFiles/HW8.dir/pico-sdk/src/rp2_common/pico_printf/printf.c.obj
 .bss.load_value
                0x20002268        0x4 CMakeFiles/HW8.dir/pico-sdk/src/rp2_common/hardware_watchdog/watchdog.c.obj
 .bss.next_buffer_ptr
                0x2000226c        0x4 CMakeFiles/HW8.dir/pico-sdk/lib/tinyusb/src/portable/raspberrypi/rp2040/dcd_rp2040.c.obj
 .bss.object.0  0x20002270       0x18 C:/Users/jianu/.pico-sdk/toolchain/14_2_Rel1/bin/../lib/gcc/arm-none-eabi/14.2.1/thumb/v8-m.main+fp/softfp/crtbegin.o
 .bss.one_shot_timer_crit_sec
                0x20002288        0x8 CMakeFiles/HW8.dir/pico-sdk/src/rp2_common/pico_stdio_usb/stdio_usb.c.obj
 .bss.pools     0x20002290       0x20 CMakeFiles/HW8.dir/pico-sdk/src/common/pico_time/time.c.obj
 .bss.retrieved_id
                0x200022b0        0x8 CMakeFiles/HW8.dir/pico-sdk/src/rp2_common/pico_unique_id/unique_id.c.obj
 .bss.sleep_notifier
                0x200022b8        0x4 CMakeFiles/HW8.dir/pico-sdk/src/common/pico_time/time.c.obj
 .bss.stdio_usb_mutex
                0x200022bc        0x8 CMakeFiles/HW8.dir/pico-sdk/src/rp2_common/pico_stdio_usb/stdio_usb.c.obj
 .bss.usbd_serial_str
                0x200022c4       0x11 CMakeFiles/HW8.dir/pico-sdk/src/rp2_common/pico_stdio_usb/stdio_usb_descriptors.c.obj
 .bss._app_driver_count
                0x200022d5        0x1 CMakeFiles/HW8.dir/pico-sdk/lib/tinyusb/src/device/usbd.c.obj
 .bss._sof_enable
                0x200022d6        0x1 CMakeFiles/HW8.dir/pico-sdk/lib/tinyusb/src/portable/raspberrypi/rp2040/dcd_rp2040.c.obj
 .bss._usbd_queued_setup
                0x200022d7        0x1 CMakeFiles/HW8.dir/pico-sdk/lib/tinyusb/src/device/usbd.c.obj
 .bss.irq_handler_chain_free_slot_head
                0x200022d8        0x1 CMakeFiles/HW8.dir/pico-sdk/src/rp2_common/hardware_irq/irq.c.obj
 .bss.itf_num   0x200022d9        0x1 CMakeFiles/HW8.dir/pico-sdk/src/rp2_common/pico_stdio_usb/reset_interface.c.obj
 .bss.low_priority_irq_num
                0x200022da        0x1 CMakeFiles/HW8.dir/pico-sdk/src/rp2_common/pico_stdio_usb/stdio_usb.c.obj
 .bss.one_shot_timer_pending
                0x200022db        0x1 CMakeFiles/HW8.dir/pico-sdk/src/rp2_common/pico_stdio_usb/stdio_usb.c.obj
 .bss.user_irq_claimed
                0x200022dc        0x1 CMakeFiles/HW8.dir/pico-sdk/src/rp2_common/hardware_irq/irq.c.obj
 *(COMMON)
                [!provide]                        PROVIDE (__global_pointer$ = (. + 0x800))
 *(.sbss*)
                0x200022e0                        . = ALIGN (0x4)
 *fill*         0x200022dd        0x3 
                0x200022e0                        __bss_end__ = .

.heap           0x200022e0      0x800 load address 0x10007eb0
                0x200022e0                        __end__ = .
                0x200022e0                        end = __end__
 *(.heap*)
 .heap          0x200022e0      0x800 CMakeFiles/HW8.dir/pico-sdk/src/rp2_common/pico_crt0/crt0.S.obj
                0x20080000                        __HeapLimit = (ORIGIN (RAM) + LENGTH (RAM))

.scratch_x      0x20080000        0x0 load address 0x10007eb0
                0x20080000                        __scratch_x_start__ = .
 *(.scratch_x.*)
                0x20080000                        . = ALIGN (0x4)
                0x20080000                        __scratch_x_end__ = .
                0x10007eb0                        __scratch_x_source__ = LOADADDR (.scratch_x)

.scratch_y      0x20081000        0x0 load address 0x10007eb0
                0x20081000                        __scratch_y_start__ = .
 *(.scratch_y.*)
                0x20081000                        . = ALIGN (0x4)
                0x20081000                        __scratch_y_end__ = .
                0x10007eb0                        __scratch_y_source__ = LOADADDR (.scratch_y)

.stack1_dummy
 *(.stack1*)

.stack_dummy    0x20081000      0x800
 *(.stack*)
 .stack         0x20081000      0x800 CMakeFiles/HW8.dir/pico-sdk/src/rp2_common/pico_crt0/crt0.S.obj

.flash_end      0x10007eb0       0x14
 *(.embedded_end_block*)
 .embedded_end_block
                0x10007eb0       0x14 CMakeFiles/HW8.dir/pico-sdk/src/rp2_common/pico_crt0/crt0.S.obj
                0x10007ec4                        PROVIDE (__flash_binary_end = .)
                0x20080000                        __StackLimit = (ORIGIN (RAM) + LENGTH (RAM))
                0x20081000                        __StackOneTop = (ORIGIN (SCRATCH_X) + LENGTH (SCRATCH_X))
                0x20082000                        __StackTop = (ORIGIN (SCRATCH_Y) + LENGTH (SCRATCH_Y))
                0x20081000                        __StackOneBottom = (__StackOneTop - SIZEOF (.stack1_dummy))
                0x20081800                        __StackBottom = (__StackTop - SIZEOF (.stack_dummy))
                0x20082000                        PROVIDE (__stack = __StackTop)
                [!provide]                        PROVIDE (__heap_start = __end__)
                [!provide]                        PROVIDE (__heap_end = __HeapLimit)
                [!provide]                        PROVIDE (__tls_align = MAX (ALIGNOF (.tdata), ALIGNOF (.tbss)))
                [!provide]                        PROVIDE (__tls_size_align = (((__tls_size + __tls_align) - 0x1) & ~ ((__tls_align - 0x1))))
                [!provide]                        PROVIDE (__arm32_tls_tcb_offset = MAX (0x8, __tls_align))
                [!provide]                        PROVIDE (_end = __end__)
                [!provide]                        PROVIDE (__llvm_libc_heap_limit = __HeapLimit)
                0x00000001                        ASSERT ((__StackLimit >= __HeapLimit), region RAM overflowed)
                0x00000001                        ASSERT (((__binary_info_header_end - __logical_binary_start) <= 0x400), Binary info must be in first 1024 bytes of the binary)
                0x00000001                        ASSERT (((__embedded_block_end - __logical_binary_start) <= 0x1000), Embedded block must be in first 4096 bytes of the binary)
LOAD CMakeFiles/HW8.dir/main.c.obj
LOAD CMakeFiles/HW8.dir/pico-sdk/src/rp2_common/pico_stdlib/stdlib.c.obj
LOAD CMakeFiles/HW8.dir/pico-sdk/src/rp2_common/hardware_gpio/gpio.c.obj
LOAD CMakeFiles/HW8.dir/pico-sdk/src/rp2350/pico_platform/platform.c.obj
LOAD CMakeFiles/HW8.dir/pico-sdk/src/rp2_common/pico_platform_common/common.c.obj
LOAD CMakeFiles/HW8.dir/pico-sdk/src/rp2_common/pico_platform_panic/panic.c.obj
LOAD CMakeFiles/HW8.dir/pico-sdk/src/common/hardware_claim/claim.c.obj
LOAD CMakeFiles/HW8.dir/pico-sdk/src/rp2_common/hardware_sync/sync.c.obj
LOAD CMakeFiles/HW8.dir/pico-sdk/src/rp2_common/hardware_sync_spin_lock/sync_spin_lock.c.obj
LOAD CMakeFiles/HW8.dir/pico-sdk/src/rp2_common/hardware_irq/irq.c.obj
LOAD CMakeFiles/HW8.dir/pico-sdk/src/rp2_common/hardware_irq/irq_handler_chain.S.obj
LOAD CMakeFiles/HW8.dir/pico-sdk/src/common/pico_sync/sem.c.obj
LOAD CMakeFiles/HW8.dir/pico-sdk/src/common/pico_sync/lock_core.c.obj
LOAD CMakeFiles/HW8.dir/pico-sdk/src/common/pico_sync/mutex.c.obj
LOAD CMakeFiles/HW8.dir/pico-sdk/src/common/pico_sync/critical_section.c.obj
LOAD CMakeFiles/HW8.dir/pico-sdk/src/common/pico_time/time.c.obj
LOAD CMakeFiles/HW8.dir/pico-sdk/src/common/pico_time/timeout_helper.c.obj
LOAD CMakeFiles/HW8.dir/pico-sdk/src/rp2_common/hardware_timer/timer.c.obj
LOAD CMakeFiles/HW8.dir/pico-sdk/src/common/pico_util/datetime.c.obj
LOAD CMakeFiles/HW8.dir/pico-sdk/src/common/pico_util/pheap.c.obj
LOAD CMakeFiles/HW8.dir/pico-sdk/src/common/pico_util/queue.c.obj
LOAD CMakeFiles/HW8.dir/pico-sdk/src/rp2_common/hardware_uart/uart.c.obj
LOAD CMakeFiles/HW8.dir/pico-sdk/src/rp2_common/hardware_clocks/clocks.c.obj
LOAD CMakeFiles/HW8.dir/pico-sdk/src/rp2_common/hardware_pll/pll.c.obj
LOAD CMakeFiles/HW8.dir/pico-sdk/src/rp2_common/hardware_vreg/vreg.c.obj
LOAD CMakeFiles/HW8.dir/pico-sdk/src/rp2_common/hardware_watchdog/watchdog.c.obj
LOAD CMakeFiles/HW8.dir/pico-sdk/src/rp2_common/hardware_ticks/ticks.c.obj
LOAD CMakeFiles/HW8.dir/pico-sdk/src/rp2_common/pico_bootrom/bootrom.c.obj
LOAD CMakeFiles/HW8.dir/pico-sdk/src/rp2_common/pico_bootrom/bootrom_lock.c.obj
LOAD CMakeFiles/HW8.dir/pico-sdk/src/rp2_common/hardware_boot_lock/boot_lock.c.obj
LOAD CMakeFiles/HW8.dir/pico-sdk/src/rp2_common/pico_flash/flash.c.obj
LOAD CMakeFiles/HW8.dir/pico-sdk/src/rp2_common/hardware_xosc/xosc.c.obj
LOAD CMakeFiles/HW8.dir/pico-sdk/src/rp2_common/hardware_divider/divider.c.obj
LOAD CMakeFiles/HW8.dir/pico-sdk/src/rp2_common/pico_runtime/runtime.c.obj
LOAD CMakeFiles/HW8.dir/pico-sdk/src/rp2_common/pico_runtime_init/runtime_init.c.obj
LOAD CMakeFiles/HW8.dir/pico-sdk/src/rp2_common/pico_runtime_init/runtime_init_clocks.c.obj
LOAD CMakeFiles/HW8.dir/pico-sdk/src/rp2_common/pico_runtime_init/runtime_init_stack_guard.c.obj
LOAD CMakeFiles/HW8.dir/pico-sdk/src/rp2_common/pico_bit_ops/bit_ops_aeabi.S.obj
LOAD CMakeFiles/HW8.dir/pico-sdk/src/rp2_common/pico_divider/divider_compiler.c.obj
LOAD CMakeFiles/HW8.dir/pico-sdk/src/rp2_common/pico_double/double_math.c.obj
LOAD CMakeFiles/HW8.dir/pico-sdk/src/rp2_common/pico_double/double_aeabi_dcp.S.obj
LOAD CMakeFiles/HW8.dir/pico-sdk/src/rp2_common/pico_double/double_fma_dcp.S.obj
LOAD CMakeFiles/HW8.dir/pico-sdk/src/rp2_common/pico_double/double_sci_m33.S.obj
LOAD CMakeFiles/HW8.dir/pico-sdk/src/rp2_common/pico_double/double_conv_m33.S.obj
LOAD CMakeFiles/HW8.dir/pico-sdk/src/rp2_common/pico_float/float_math.c.obj
LOAD CMakeFiles/HW8.dir/pico-sdk/src/rp2_common/pico_float/float_conv32_vfp.S.obj
LOAD CMakeFiles/HW8.dir/pico-sdk/src/rp2_common/pico_float/float_common_m33.S.obj
LOAD CMakeFiles/HW8.dir/pico-sdk/src/rp2_common/pico_float/float_sci_m33_vfp.S.obj
LOAD CMakeFiles/HW8.dir/pico-sdk/src/rp2_common/pico_malloc/malloc.c.obj
LOAD CMakeFiles/HW8.dir/pico-sdk/src/rp2_common/pico_atomic/atomic.c.obj
LOAD CMakeFiles/HW8.dir/pico-sdk/src/rp2_common/pico_cxx_options/new_delete.cpp.obj
LOAD CMakeFiles/HW8.dir/pico-sdk/src/rp2_common/pico_standard_binary_info/standard_binary_info.c.obj
LOAD CMakeFiles/HW8.dir/pico-sdk/src/rp2_common/pico_printf/printf.c.obj
LOAD CMakeFiles/HW8.dir/pico-sdk/src/rp2_common/pico_crt0/crt0.S.obj
LOAD CMakeFiles/HW8.dir/pico-sdk/src/rp2_common/pico_clib_interface/newlib_interface.c.obj
LOAD CMakeFiles/HW8.dir/pico-sdk/src/rp2_common/pico_stdio/stdio.c.obj
LOAD CMakeFiles/HW8.dir/pico-sdk/src/rp2_common/pico_stdio_usb/reset_interface.c.obj
LOAD CMakeFiles/HW8.dir/pico-sdk/src/rp2_common/pico_stdio_usb/stdio_usb.c.obj
LOAD CMakeFiles/HW8.dir/pico-sdk/src/rp2_common/pico_stdio_usb/stdio_usb_descriptors.c.obj
LOAD CMakeFiles/HW8.dir/pico-sdk/src/rp2_common/pico_unique_id/unique_id.c.obj
LOAD CMakeFiles/HW8.dir/pico-sdk/src/rp2_common/hardware_flash/flash.c.obj
LOAD CMakeFiles/HW8.dir/pico-sdk/src/rp2_common/hardware_xip_cache/xip_cache.c.obj
LOAD CMakeFiles/HW8.dir/pico-sdk/lib/tinyusb/src/portable/raspberrypi/rp2040/dcd_rp2040.c.obj
LOAD CMakeFiles/HW8.dir/pico-sdk/lib/tinyusb/src/portable/raspberrypi/rp2040/rp2040_usb.c.obj
LOAD CMakeFiles/HW8.dir/pico-sdk/lib/tinyusb/src/device/usbd.c.obj
LOAD CMakeFiles/HW8.dir/pico-sdk/lib/tinyusb/src/device/usbd_control.c.obj
LOAD CMakeFiles/HW8.dir/pico-sdk/lib/tinyusb/src/class/audio/audio_device.c.obj
LOAD CMakeFiles/HW8.dir/pico-sdk/lib/tinyusb/src/class/cdc/cdc_device.c.obj
LOAD CMakeFiles/HW8.dir/pico-sdk/lib/tinyusb/src/class/dfu/dfu_device.c.obj
LOAD CMakeFiles/HW8.dir/pico-sdk/lib/tinyusb/src/class/dfu/dfu_rt_device.c.obj
LOAD CMakeFiles/HW8.dir/pico-sdk/lib/tinyusb/src/class/hid/hid_device.c.obj
LOAD CMakeFiles/HW8.dir/pico-sdk/lib/tinyusb/src/class/midi/midi_device.c.obj
LOAD CMakeFiles/HW8.dir/pico-sdk/lib/tinyusb/src/class/msc/msc_device.c.obj
LOAD CMakeFiles/HW8.dir/pico-sdk/lib/tinyusb/src/class/net/ecm_rndis_device.c.obj
LOAD CMakeFiles/HW8.dir/pico-sdk/lib/tinyusb/src/class/net/ncm_device.c.obj
LOAD CMakeFiles/HW8.dir/pico-sdk/lib/tinyusb/src/class/usbtmc/usbtmc_device.c.obj
LOAD CMakeFiles/HW8.dir/pico-sdk/lib/tinyusb/src/class/vendor/vendor_device.c.obj
LOAD CMakeFiles/HW8.dir/pico-sdk/lib/tinyusb/src/class/video/video_device.c.obj
LOAD CMakeFiles/HW8.dir/pico-sdk/lib/tinyusb/src/tusb.c.obj
LOAD CMakeFiles/HW8.dir/pico-sdk/lib/tinyusb/src/common/tusb_fifo.c.obj
LOAD CMakeFiles/HW8.dir/pico-sdk/src/rp2_common/pico_fix/rp2040_usb_device_enumeration/rp2040_usb_device_enumeration.c.obj
LOAD CMakeFiles/HW8.dir/pico-sdk/src/rp2_common/hardware_spi/spi.c.obj
LOAD CMakeFiles/HW8.dir/pico-sdk/src/rp2_common/hardware_adc/adc.c.obj
LOAD pico-sdk/src/rp2350/boot_stage2/CMakeFiles/bs2_default_library.dir/./bs2_default_padded_checksummed.S.obj
LOAD C:/Users/jianu/.pico-sdk/toolchain/14_2_Rel1/bin/../lib/gcc/arm-none-eabi/14.2.1/thumb/v8-m.main+fp/softfp\libstdc++.a
LOAD C:/Users/jianu/.pico-sdk/toolchain/14_2_Rel1/bin/../lib/gcc/arm-none-eabi/14.2.1/thumb/v8-m.main+fp/softfp\libm.a
START GROUP
LOAD C:/Users/jianu/.pico-sdk/toolchain/14_2_Rel1/bin/../lib/gcc/arm-none-eabi/14.2.1/thumb/v8-m.main+fp/softfp\libgcc.a
LOAD C:/Users/jianu/.pico-sdk/toolchain/14_2_Rel1/bin/../lib/gcc/arm-none-eabi/14.2.1/thumb/v8-m.main+fp/softfp\libg.a
LOAD C:/Users/jianu/.pico-sdk/toolchain/14_2_Rel1/bin/../lib/gcc/arm-none-eabi/14.2.1/thumb/v8-m.main+fp/softfp\libc.a
END GROUP
START GROUP
LOAD C:/Users/jianu/.pico-sdk/toolchain/14_2_Rel1/bin/../lib/gcc/arm-none-eabi/14.2.1/thumb/v8-m.main+fp/softfp\libgcc.a
LOAD C:/Users/jianu/.pico-sdk/toolchain/14_2_Rel1/bin/../lib/gcc/arm-none-eabi/14.2.1/thumb/v8-m.main+fp/softfp\libc.a
LOAD C:/Users/jianu/.pico-sdk/toolchain/14_2_Rel1/bin/../lib/gcc/arm-none-eabi/14.2.1/thumb/v8-m.main+fp/softfp\libnosys.a
END GROUP
LOAD C:/Users/jianu/.pico-sdk/toolchain/14_2_Rel1/bin/../lib/gcc/arm-none-eabi/14.2.1/thumb/v8-m.main+fp/softfp/crtend.o
LOAD C:/Users/jianu/.pico-sdk/toolchain/14_2_Rel1/bin/../lib/gcc/arm-none-eabi/14.2.1/thumb/v8-m.main+fp/softfp/crtn.o
OUTPUT(HW8.elf elf32-littlearm)
LOAD linker stubs

.rel.dyn        0x10007ec4        0x0
 .rel.iplt      0x10007ec4        0x0 C:/Users/jianu/.pico-sdk/toolchain/14_2_Rel1/bin/../lib/gcc/arm-none-eabi/14.2.1/thumb/v8-m.main+fp/softfp/crtbegin.o

.ARM.attributes
                0x00000000       0x34
 .ARM.attributes
                0x00000000       0x26 C:/Users/jianu/.pico-sdk/toolchain/14_2_Rel1/bin/../lib/gcc/arm-none-eabi/14.2.1/thumb/v8-m.main+fp/softfp/crti.o
 .ARM.attributes
                0x00000026       0x36 C:/Users/jianu/.pico-sdk/toolchain/14_2_Rel1/bin/../lib/gcc/arm-none-eabi/14.2.1/thumb/v8-m.main+fp/softfp/crtbegin.o
 .ARM.attributes
                0x0000005c       0x38 CMakeFiles/HW8.dir/main.c.obj
 .ARM.attributes
                0x00000094       0x38 CMakeFiles/HW8.dir/pico-sdk/src/rp2_common/hardware_gpio/gpio.c.obj
 .ARM.attributes
                0x000000cc       0x38 CMakeFiles/HW8.dir/pico-sdk/src/rp2_common/pico_platform_panic/panic.c.obj
 .ARM.attributes
                0x00000104       0x38 CMakeFiles/HW8.dir/pico-sdk/src/common/hardware_claim/claim.c.obj
 .ARM.attributes
                0x0000013c       0x38 CMakeFiles/HW8.dir/pico-sdk/src/rp2_common/hardware_sync/sync.c.obj
 .ARM.attributes
                0x00000174       0x38 CMakeFiles/HW8.dir/pico-sdk/src/rp2_common/hardware_sync_spin_lock/sync_spin_lock.c.obj
 .ARM.attributes
                0x000001ac       0x38 CMakeFiles/HW8.dir/pico-sdk/src/rp2_common/hardware_irq/irq.c.obj
 .ARM.attributes
                0x000001e4       0x28 CMakeFiles/HW8.dir/pico-sdk/src/rp2_common/hardware_irq/irq_handler_chain.S.obj
 .ARM.attributes
                0x0000020c       0x38 CMakeFiles/HW8.dir/pico-sdk/src/common/pico_sync/lock_core.c.obj
 .ARM.attributes
                0x00000244       0x38 CMakeFiles/HW8.dir/pico-sdk/src/common/pico_sync/mutex.c.obj
 .ARM.attributes
                0x0000027c       0x38 CMakeFiles/HW8.dir/pico-sdk/src/common/pico_sync/critical_section.c.obj
 .ARM.attributes
                0x000002b4       0x38 CMakeFiles/HW8.dir/pico-sdk/src/common/pico_time/time.c.obj
 .ARM.attributes
                0x000002ec       0x38 CMakeFiles/HW8.dir/pico-sdk/src/rp2_common/hardware_timer/timer.c.obj
 .ARM.attributes
                0x00000324       0x38 CMakeFiles/HW8.dir/pico-sdk/src/rp2_common/hardware_clocks/clocks.c.obj
 .ARM.attributes
                0x0000035c       0x38 CMakeFiles/HW8.dir/pico-sdk/src/rp2_common/hardware_pll/pll.c.obj
 .ARM.attributes
                0x00000394       0x38 CMakeFiles/HW8.dir/pico-sdk/src/rp2_common/hardware_watchdog/watchdog.c.obj
 .ARM.attributes
                0x000003cc       0x38 CMakeFiles/HW8.dir/pico-sdk/src/rp2_common/hardware_ticks/ticks.c.obj
 .ARM.attributes
                0x00000404       0x38 CMakeFiles/HW8.dir/pico-sdk/src/rp2_common/pico_bootrom/bootrom.c.obj
 .ARM.attributes
                0x0000043c       0x38 CMakeFiles/HW8.dir/pico-sdk/src/rp2_common/pico_bootrom/bootrom_lock.c.obj
 .ARM.attributes
                0x00000474       0x38 CMakeFiles/HW8.dir/pico-sdk/src/rp2_common/hardware_boot_lock/boot_lock.c.obj
 .ARM.attributes
                0x000004ac       0x38 CMakeFiles/HW8.dir/pico-sdk/src/rp2_common/hardware_xosc/xosc.c.obj
 .ARM.attributes
                0x000004e4       0x38 CMakeFiles/HW8.dir/pico-sdk/src/rp2_common/pico_runtime/runtime.c.obj
 .ARM.attributes
                0x0000051c       0x38 CMakeFiles/HW8.dir/pico-sdk/src/rp2_common/pico_runtime_init/runtime_init.c.obj
 .ARM.attributes
                0x00000554       0x38 CMakeFiles/HW8.dir/pico-sdk/src/rp2_common/pico_runtime_init/runtime_init_clocks.c.obj
 .ARM.attributes
                0x0000058c       0x28 CMakeFiles/HW8.dir/pico-sdk/src/rp2_common/pico_double/double_aeabi_dcp.S.obj
 .ARM.attributes
                0x000005b4       0x28 CMakeFiles/HW8.dir/pico-sdk/src/rp2_common/pico_float/float_sci_m33_vfp.S.obj
 .ARM.attributes
                0x000005dc       0x38 CMakeFiles/HW8.dir/pico-sdk/src/rp2_common/pico_standard_binary_info/standard_binary_info.c.obj
 .ARM.attributes
                0x00000614       0x38 CMakeFiles/HW8.dir/pico-sdk/src/rp2_common/pico_printf/printf.c.obj
 .ARM.attributes
                0x0000064c       0x28 CMakeFiles/HW8.dir/pico-sdk/src/rp2_common/pico_crt0/crt0.S.obj
 .ARM.attributes
                0x00000674       0x38 CMakeFiles/HW8.dir/pico-sdk/src/rp2_common/pico_clib_interface/newlib_interface.c.obj
 .ARM.attributes
                0x000006ac       0x38 CMakeFiles/HW8.dir/pico-sdk/src/rp2_common/pico_stdio/stdio.c.obj
 .ARM.attributes
                0x000006e4       0x38 CMakeFiles/HW8.dir/pico-sdk/src/rp2_common/pico_stdio_usb/reset_interface.c.obj
 .ARM.attributes
                0x0000071c       0x38 CMakeFiles/HW8.dir/pico-sdk/src/rp2_common/pico_stdio_usb/stdio_usb.c.obj
 .ARM.attributes
                0x00000754       0x38 CMakeFiles/HW8.dir/pico-sdk/src/rp2_common/pico_stdio_usb/stdio_usb_descriptors.c.obj
 .ARM.attributes
                0x0000078c       0x38 CMakeFiles/HW8.dir/pico-sdk/src/rp2_common/pico_unique_id/unique_id.c.obj
 .ARM.attributes
                0x000007c4       0x38 CMakeFiles/HW8.dir/pico-sdk/lib/tinyusb/src/portable/raspberrypi/rp2040/dcd_rp2040.c.obj
 .ARM.attributes
                0x000007fc       0x38 CMakeFiles/HW8.dir/pico-sdk/lib/tinyusb/src/portable/raspberrypi/rp2040/rp2040_usb.c.obj
 .ARM.attributes
                0x00000834       0x38 CMakeFiles/HW8.dir/pico-sdk/lib/tinyusb/src/device/usbd.c.obj
 .ARM.attributes
                0x0000086c       0x38 CMakeFiles/HW8.dir/pico-sdk/lib/tinyusb/src/device/usbd_control.c.obj
 .ARM.attributes
                0x000008a4       0x38 CMakeFiles/HW8.dir/pico-sdk/lib/tinyusb/src/class/cdc/cdc_device.c.obj
 .ARM.attributes
                0x000008dc       0x38 CMakeFiles/HW8.dir/pico-sdk/lib/tinyusb/src/class/vendor/vendor_device.c.obj
 .ARM.attributes
                0x00000914       0x38 CMakeFiles/HW8.dir/pico-sdk/lib/tinyusb/src/tusb.c.obj
 .ARM.attributes
                0x0000094c       0x38 CMakeFiles/HW8.dir/pico-sdk/lib/tinyusb/src/common/tusb_fifo.c.obj
 .ARM.attributes
                0x00000984       0x38 CMakeFiles/HW8.dir/pico-sdk/src/rp2_common/hardware_spi/spi.c.obj
 .ARM.attributes
                0x000009bc       0x26 C:/Users/jianu/.pico-sdk/toolchain/14_2_Rel1/bin/../lib/gcc/arm-none-eabi/14.2.1/thumb/v8-m.main+fp/softfp\libgcc.a(_arm_addsubdf3.o)
 .ARM.attributes
                0x000009e2       0x26 C:/Users/jianu/.pico-sdk/toolchain/14_2_Rel1/bin/../lib/gcc/arm-none-eabi/14.2.1/thumb/v8-m.main+fp/softfp\libgcc.a(_aeabi_uldivmod.o)
 .ARM.attributes
                0x00000a08       0x36 C:/Users/jianu/.pico-sdk/toolchain/14_2_Rel1/bin/../lib/gcc/arm-none-eabi/14.2.1/thumb/v8-m.main+fp/softfp\libgcc.a(_udivmoddi4.o)
 .ARM.attributes
                0x00000a3e       0x26 C:/Users/jianu/.pico-sdk/toolchain/14_2_Rel1/bin/../lib/gcc/arm-none-eabi/14.2.1/thumb/v8-m.main+fp/softfp\libgcc.a(_dvmd_tls.o)
 .ARM.attributes
                0x00000a64       0x36 C:/Users/jianu/.pico-sdk/toolchain/14_2_Rel1/bin/../lib/gcc/arm-none-eabi/14.2.1/thumb/v8-m.main+fp/softfp\libg.a(libc_a-memset.o)
 .ARM.attributes
                0x00000a9a       0x24 C:/Users/jianu/.pico-sdk/toolchain/14_2_Rel1/bin/../lib/gcc/arm-none-eabi/14.2.1/thumb/v8-m.main+fp/softfp\libg.a(libc_a-memcpy.o)
 .ARM.attributes
                0x00000abe       0x36 C:/Users/jianu/.pico-sdk/toolchain/14_2_Rel1/bin/../lib/gcc/arm-none-eabi/14.2.1/thumb/v8-m.main+fp/softfp\libg.a(libc_a-strlen-stub.o)
 .ARM.attributes
                0x00000af4       0x36 C:/Users/jianu/.pico-sdk/toolchain/14_2_Rel1/bin/../lib/gcc/arm-none-eabi/14.2.1/thumb/v8-m.main+fp/softfp/crtend.o

.comment        0x00000000       0x45
 .comment       0x00000000       0x45 CMakeFiles/HW8.dir/main.c.obj
                                 0x46 (size before relaxing)
 .comment       0x00000045       0x46 CMakeFiles/HW8.dir/pico-sdk/src/rp2_common/hardware_gpio/gpio.c.obj
 .comment       0x00000045       0x46 CMakeFiles/HW8.dir/pico-sdk/src/rp2_common/pico_platform_panic/panic.c.obj
 .comment       0x00000045       0x46 CMakeFiles/HW8.dir/pico-sdk/src/common/hardware_claim/claim.c.obj
 .comment       0x00000045       0x46 CMakeFiles/HW8.dir/pico-sdk/src/rp2_common/hardware_sync/sync.c.obj
 .comment       0x00000045       0x46 CMakeFiles/HW8.dir/pico-sdk/src/rp2_common/hardware_sync_spin_lock/sync_spin_lock.c.obj
 .comment       0x00000045       0x46 CMakeFiles/HW8.dir/pico-sdk/src/rp2_common/hardware_irq/irq.c.obj
 .comment       0x00000045       0x46 CMakeFiles/HW8.dir/pico-sdk/src/common/pico_sync/lock_core.c.obj
 .comment       0x00000045       0x46 CMakeFiles/HW8.dir/pico-sdk/src/common/pico_sync/mutex.c.obj
 .comment       0x00000045       0x46 CMakeFiles/HW8.dir/pico-sdk/src/common/pico_sync/critical_section.c.obj
 .comment       0x00000045       0x46 CMakeFiles/HW8.dir/pico-sdk/src/common/pico_time/time.c.obj
 .comment       0x00000045       0x46 CMakeFiles/HW8.dir/pico-sdk/src/rp2_common/hardware_timer/timer.c.obj
 .comment       0x00000045       0x46 CMakeFiles/HW8.dir/pico-sdk/src/rp2_common/hardware_clocks/clocks.c.obj