C:/Users/jianu/Downloads/ME344 Advanced Mechatronics/ME433_AdvancedMechatronics/HW16/HW16_STM/FDCAN_Com_Polling/Src/main.c:118:10:read_adc	16	static
C:/Users/jianu/Downloads/ME344 Advanced Mechatronics/ME433_AdvancedMechatronics/HW16/HW16_STM/FDCAN_Com_Polling/Src/main.c:127:6:writeINA219	32	static
C:/Users/jianu/Downloads/ME344 Advanced Mechatronics/ME433_AdvancedMechatronics/HW16/HW16_STM/FDCAN_Com_Polling/Src/main.c:136:9:readINA219	40	static
C:/Users/jianu/Downloads/ME344 Advanced Mechatronics/ME433_AdvancedMechatronics/HW16/HW16_STM/FDCAN_Com_Polling/Src/main.c:144:7:read_ina219	24	static
C:/Users/jianu/Downloads/ME344 Advanced Mechatronics/ME433_AdvancedMechatronics/HW16/HW16_STM/FDCAN_Com_Polling/Src/main.c:151:6:init_ina219	16	static
C:/Users/jianu/Downloads/ME344 Advanced Mechatronics/ME433_AdvancedMechatronics/HW16/HW16_STM/FDCAN_Com_Polling/Src/main.c:167:5:main	24	static
C:/Users/jianu/Downloads/ME344 Advanced Mechatronics/ME433_AdvancedMechatronics/HW16/HW16_STM/FDCAN_Com_Polling/Src/main.c:334:6:SystemClock_Config	64	static
C:/Users/jianu/Downloads/ME344 Advanced Mechatronics/ME433_AdvancedMechatronics/HW16/HW16_STM/FDCAN_Com_Polling/Src/main.c:373:13:MX_ADC1_Init	24	static
C:/Users/jianu/Downloads/ME344 Advanced Mechatronics/ME433_AdvancedMechatronics/HW16/HW16_STM/FDCAN_Com_Polling/Src/main.c:430:13:MX_FDCAN1_Init	8	static
C:/Users/jianu/Downloads/ME344 Advanced Mechatronics/ME433_AdvancedMechatronics/HW16/HW16_STM/FDCAN_Com_Polling/Src/main.c:473:13:MX_I2C2_Init	8	static
C:/Users/jianu/Downloads/ME344 Advanced Mechatronics/ME433_AdvancedMechatronics/HW16/HW16_STM/FDCAN_Com_Polling/Src/main.c:521:13:MX_TIM1_Init	104	static
C:/Users/jianu/Downloads/ME344 Advanced Mechatronics/ME433_AdvancedMechatronics/HW16/HW16_STM/FDCAN_Com_Polling/Src/main.c:597:13:MX_TIM2_Init	40	static
C:/Users/jianu/Downloads/ME344 Advanced Mechatronics/ME433_AdvancedMechatronics/HW16/HW16_STM/FDCAN_Com_Polling/Src/main.c:642:13:MX_USART1_UART_Init	8	static
C:/Users/jianu/Downloads/ME344 Advanced Mechatronics/ME433_AdvancedMechatronics/HW16/HW16_STM/FDCAN_Com_Polling/Src/main.c:690:13:MX_GPIO_Init	24	static
C:/Users/jianu/Downloads/ME344 Advanced Mechatronics/ME433_AdvancedMechatronics/HW16/HW16_STM/FDCAN_Com_Polling/Src/main.c:716:6:HAL_TIM_PeriodElapsedCallback	56	static
C:/Users/jianu/Downloads/ME344 Advanced Mechatronics/ME433_AdvancedMechatronics/HW16/HW16_STM/FDCAN_Com_Polling/Src/main.c:829:6:Error_Handler	8	static,ignoring_inline_asm
