C:/Users/jianu/Downloads/ME344 Advanced Mechatronics/ME433_AdvancedMechatronics/HW16/HW16_STM/FDCAN_Com_Polling/Src/main.c:118:10:read_adc	1
C:/Users/jianu/Downloads/ME344 Advanced Mechatronics/ME433_AdvancedMechatronics/HW16/HW16_STM/FDCAN_Com_Polling/Src/main.c:127:6:writeINA219	1
C:/Users/jianu/Downloads/ME344 Advanced Mechatronics/ME433_AdvancedMechatronics/HW16/HW16_STM/FDCAN_Com_Polling/Src/main.c:136:9:readINA219	1
C:/Users/jianu/Downloads/ME344 Advanced Mechatronics/ME433_AdvancedMechatronics/HW16/HW16_STM/FDCAN_Com_Polling/Src/main.c:144:7:read_ina219	1
C:/Users/jianu/Downloads/ME344 Advanced Mechatronics/ME433_AdvancedMechatronics/HW16/HW16_STM/FDCAN_Com_Polling/Src/main.c:151:6:init_ina219	1
C:/Users/jianu/Downloads/ME344 Advanced Mechatronics/ME433_AdvancedMechatronics/HW16/HW16_STM/FDCAN_Com_Polling/Src/main.c:167:5:main	11
C:/Users/jianu/Downloads/ME344 Advanced Mechatronics/ME433_AdvancedMechatronics/HW16/HW16_STM/FDCAN_Com_Polling/Src/main.c:347:6:SystemClock_Config	3
C:/Users/jianu/Downloads/ME344 Advanced Mechatronics/ME433_AdvancedMechatronics/HW16/HW16_STM/FDCAN_Com_Polling/Src/main.c:386:13:MX_ADC1_Init	3
C:/Users/jianu/Downloads/ME344 Advanced Mechatronics/ME433_AdvancedMechatronics/HW16/HW16_STM/FDCAN_Com_Polling/Src/main.c:443:13:MX_FDCAN1_Init	2
C:/Users/jianu/Downloads/ME344 Advanced Mechatronics/ME433_AdvancedMechatronics/HW16/HW16_STM/FDCAN_Com_Polling/Src/main.c:486:13:MX_I2C2_Init	4
C:/Users/jianu/Downloads/ME344 Advanced Mechatronics/ME433_AdvancedMechatronics/HW16/HW16_STM/FDCAN_Com_Polling/Src/main.c:534:13:MX_TIM1_Init	6
C:/Users/jianu/Downloads/ME344 Advanced Mechatronics/ME433_AdvancedMechatronics/HW16/HW16_STM/FDCAN_Com_Polling/Src/main.c:610:13:MX_TIM2_Init	4
C:/Users/jianu/Downloads/ME344 Advanced Mechatronics/ME433_AdvancedMechatronics/HW16/HW16_STM/FDCAN_Com_Polling/Src/main.c:655:13:MX_USART1_UART_Init	5
C:/Users/jianu/Downloads/ME344 Advanced Mechatronics/ME433_AdvancedMechatronics/HW16/HW16_STM/FDCAN_Com_Polling/Src/main.c:703:13:MX_GPIO_Init	1
C:/Users/jianu/Downloads/ME344 Advanced Mechatronics/ME433_AdvancedMechatronics/HW16/HW16_STM/FDCAN_Com_Polling/Src/main.c:862:6:HAL_TIM_PeriodElapsedCallback	16
C:/Users/jianu/Downloads/ME344 Advanced Mechatronics/ME433_AdvancedMechatronics/HW16/HW16_STM/FDCAN_Com_Polling/Src/main.c:960:6:Error_Handler	1
