C:/Users/jianu/Downloads/ME344 Advanced Mechatronics/ME433_AdvancedMechatronics/HW16/HW16_STM/FDCAN_Com_Polling/Src/main.c:100:10:read_adc	1
C:/Users/jianu/Downloads/ME344 Advanced Mechatronics/ME433_AdvancedMechatronics/HW16/HW16_STM/FDCAN_Com_Polling/Src/main.c:109:6:writeINA219	1
C:/Users/jianu/Downloads/ME344 Advanced Mechatronics/ME433_AdvancedMechatronics/HW16/HW16_STM/FDCAN_Com_Polling/Src/main.c:118:9:readINA219	1
C:/Users/jianu/Downloads/ME344 Advanced Mechatronics/ME433_AdvancedMechatronics/HW16/HW16_STM/FDCAN_Com_Polling/Src/main.c:126:7:read_ina219	1
C:/Users/jianu/Downloads/ME344 Advanced Mechatronics/ME433_AdvancedMechatronics/HW16/HW16_STM/FDCAN_Com_Polling/Src/main.c:132:6:init_ina219	1
C:/Users/jianu/Downloads/ME344 Advanced Mechatronics/ME433_AdvancedMechatronics/HW16/HW16_STM/FDCAN_Com_Polling/Src/main.c:144:5:main	9
C:/Users/jianu/Downloads/ME344 Advanced Mechatronics/ME433_AdvancedMechatronics/HW16/HW16_STM/FDCAN_Com_Polling/Src/main.c:259:6:SystemClock_Config	3
C:/Users/jianu/Downloads/ME344 Advanced Mechatronics/ME433_AdvancedMechatronics/HW16/HW16_STM/FDCAN_Com_Polling/Src/main.c:298:13:MX_ADC1_Init	3
C:/Users/jianu/Downloads/ME344 Advanced Mechatronics/ME433_AdvancedMechatronics/HW16/HW16_STM/FDCAN_Com_Polling/Src/main.c:355:13:MX_FDCAN1_Init	2
C:/Users/jianu/Downloads/ME344 Advanced Mechatronics/ME433_AdvancedMechatronics/HW16/HW16_STM/FDCAN_Com_Polling/Src/main.c:398:13:MX_I2C2_Init	4
C:/Users/jianu/Downloads/ME344 Advanced Mechatronics/ME433_AdvancedMechatronics/HW16/HW16_STM/FDCAN_Com_Polling/Src/main.c:446:13:MX_TIM1_Init	6
C:/Users/jianu/Downloads/ME344 Advanced Mechatronics/ME433_AdvancedMechatronics/HW16/HW16_STM/FDCAN_Com_Polling/Src/main.c:522:13:MX_TIM2_Init	4
C:/Users/jianu/Downloads/ME344 Advanced Mechatronics/ME433_AdvancedMechatronics/HW16/HW16_STM/FDCAN_Com_Polling/Src/main.c:567:13:MX_USART1_UART_Init	5
C:/Users/jianu/Downloads/ME344 Advanced Mechatronics/ME433_AdvancedMechatronics/HW16/HW16_STM/FDCAN_Com_Polling/Src/main.c:615:13:MX_GPIO_Init	1
C:/Users/jianu/Downloads/ME344 Advanced Mechatronics/ME433_AdvancedMechatronics/HW16/HW16_STM/FDCAN_Com_Polling/Src/main.c:632:6:HAL_TIM_PeriodElapsedCallback	2
C:/Users/jianu/Downloads/ME344 Advanced Mechatronics/ME433_AdvancedMechatronics/HW16/HW16_STM/FDCAN_Com_Polling/Src/main.c:648:6:Error_Handler	1
